Archive member included to satisfy reference by file (symbol)

c:/program files (x86)/gnu arm embedded toolchain/10 2020-q4-major/bin/../lib/gcc/arm-none-eabi/10.2.1/../../../../arm-none-eabi/lib/thumb/v7e-m+dp/hard\libc_nano.a(lib_a-exit.o)
                              c:/program files (x86)/gnu arm embedded toolchain/10 2020-q4-major/bin/../lib/gcc/arm-none-eabi/10.2.1/../../../../arm-none-eabi/lib/thumb/v7e-m+dp/hard/crt0.o (exit)
c:/program files (x86)/gnu arm embedded toolchain/10 2020-q4-major/bin/../lib/gcc/arm-none-eabi/10.2.1/../../../../arm-none-eabi/lib/thumb/v7e-m+dp/hard\libc_nano.a(lib_a-impure.o)
                              c:/program files (x86)/gnu arm embedded toolchain/10 2020-q4-major/bin/../lib/gcc/arm-none-eabi/10.2.1/../../../../arm-none-eabi/lib/thumb/v7e-m+dp/hard\libc_nano.a(lib_a-exit.o) (_global_impure_ptr)
c:/program files (x86)/gnu arm embedded toolchain/10 2020-q4-major/bin/../lib/gcc/arm-none-eabi/10.2.1/../../../../arm-none-eabi/lib/thumb/v7e-m+dp/hard\libc_nano.a(lib_a-init.o)
                              c:/program files (x86)/gnu arm embedded toolchain/10 2020-q4-major/bin/../lib/gcc/arm-none-eabi/10.2.1/../../../../arm-none-eabi/lib/thumb/v7e-m+dp/hard/crt0.o (__libc_init_array)
c:/program files (x86)/gnu arm embedded toolchain/10 2020-q4-major/bin/../lib/gcc/arm-none-eabi/10.2.1/../../../../arm-none-eabi/lib/thumb/v7e-m+dp/hard\libc_nano.a(lib_a-memset.o)
                              c:/program files (x86)/gnu arm embedded toolchain/10 2020-q4-major/bin/../lib/gcc/arm-none-eabi/10.2.1/../../../../arm-none-eabi/lib/thumb/v7e-m+dp/hard/crt0.o (memset)
c:/program files (x86)/gnu arm embedded toolchain/10 2020-q4-major/bin/../lib/gcc/arm-none-eabi/10.2.1/../../../../arm-none-eabi/lib/thumb/v7e-m+dp/hard\libc_nano.a(lib_a-nano-vfprintf_float.o)
                              (_printf_float)
c:/program files (x86)/gnu arm embedded toolchain/10 2020-q4-major/bin/../lib/gcc/arm-none-eabi/10.2.1/../../../../arm-none-eabi/lib/thumb/v7e-m+dp/hard\libc_nano.a(lib_a-nano-vfprintf_i.o)
                              c:/program files (x86)/gnu arm embedded toolchain/10 2020-q4-major/bin/../lib/gcc/arm-none-eabi/10.2.1/../../../../arm-none-eabi/lib/thumb/v7e-m+dp/hard\libc_nano.a(lib_a-nano-vfprintf_float.o) (_printf_common)
c:/program files (x86)/gnu arm embedded toolchain/10 2020-q4-major/bin/../lib/gcc/arm-none-eabi/10.2.1/../../../../arm-none-eabi/lib/thumb/v7e-m+dp/hard\libc_nano.a(lib_a-sprintf.o)
                              build/main.o (sprintf)
c:/program files (x86)/gnu arm embedded toolchain/10 2020-q4-major/bin/../lib/gcc/arm-none-eabi/10.2.1/../../../../arm-none-eabi/lib/thumb/v7e-m+dp/hard\libc_nano.a(lib_a-strlen.o)
                              build/main.o (strlen)
c:/program files (x86)/gnu arm embedded toolchain/10 2020-q4-major/bin/../lib/gcc/arm-none-eabi/10.2.1/../../../../arm-none-eabi/lib/thumb/v7e-m+dp/hard\libc_nano.a(lib_a-dtoa.o)
                              c:/program files (x86)/gnu arm embedded toolchain/10 2020-q4-major/bin/../lib/gcc/arm-none-eabi/10.2.1/../../../../arm-none-eabi/lib/thumb/v7e-m+dp/hard\libc_nano.a(lib_a-nano-vfprintf_float.o) (_dtoa_r)
c:/program files (x86)/gnu arm embedded toolchain/10 2020-q4-major/bin/../lib/gcc/arm-none-eabi/10.2.1/../../../../arm-none-eabi/lib/thumb/v7e-m+dp/hard\libc_nano.a(lib_a-localeconv.o)
                              c:/program files (x86)/gnu arm embedded toolchain/10 2020-q4-major/bin/../lib/gcc/arm-none-eabi/10.2.1/../../../../arm-none-eabi/lib/thumb/v7e-m+dp/hard\libc_nano.a(lib_a-nano-vfprintf_float.o) (_localeconv_r)
c:/program files (x86)/gnu arm embedded toolchain/10 2020-q4-major/bin/../lib/gcc/arm-none-eabi/10.2.1/../../../../arm-none-eabi/lib/thumb/v7e-m+dp/hard\libc_nano.a(lib_a-malloc.o)
                              c:/program files (x86)/gnu arm embedded toolchain/10 2020-q4-major/bin/../lib/gcc/arm-none-eabi/10.2.1/../../../../arm-none-eabi/lib/thumb/v7e-m+dp/hard\libc_nano.a(lib_a-dtoa.o) (malloc)
c:/program files (x86)/gnu arm embedded toolchain/10 2020-q4-major/bin/../lib/gcc/arm-none-eabi/10.2.1/../../../../arm-none-eabi/lib/thumb/v7e-m+dp/hard\libc_nano.a(lib_a-memchr.o)
                              c:/program files (x86)/gnu arm embedded toolchain/10 2020-q4-major/bin/../lib/gcc/arm-none-eabi/10.2.1/../../../../arm-none-eabi/lib/thumb/v7e-m+dp/hard\libc_nano.a(lib_a-nano-vfprintf_i.o) (memchr)
c:/program files (x86)/gnu arm embedded toolchain/10 2020-q4-major/bin/../lib/gcc/arm-none-eabi/10.2.1/../../../../arm-none-eabi/lib/thumb/v7e-m+dp/hard\libc_nano.a(lib_a-memcpy-stub.o)
                              c:/program files (x86)/gnu arm embedded toolchain/10 2020-q4-major/bin/../lib/gcc/arm-none-eabi/10.2.1/../../../../arm-none-eabi/lib/thumb/v7e-m+dp/hard\libc_nano.a(lib_a-dtoa.o) (memcpy)
c:/program files (x86)/gnu arm embedded toolchain/10 2020-q4-major/bin/../lib/gcc/arm-none-eabi/10.2.1/../../../../arm-none-eabi/lib/thumb/v7e-m+dp/hard\libc_nano.a(lib_a-mprec.o)
[...]
Memory Configuration

Name             Origin             Length             Attributes
RAM              0x20000000         0x00080000         xrw
FLASH            0x08000000         0x00200000         xr
*default*        0x00000000         0xffffffff

Linker script and memory map

LOAD c:/program files (x86)/gnu arm embedded toolchain/10 2020-q4-major/bin/../lib/gcc/arm-none-eabi/10.2.1/thumb/v7e-m+dp/hard/crti.o
LOAD c:/program files (x86)/gnu arm embedded toolchain/10 2020-q4-major/bin/../lib/gcc/arm-none-eabi/10.2.1/thumb/v7e-m+dp/hard/crtbegin.o
LOAD c:/program files (x86)/gnu arm embedded toolchain/10 2020-q4-major/bin/../lib/gcc/arm-none-eabi/10.2.1/../../../../arm-none-eabi/lib/thumb/v7e-m+dp/hard/crt0.o
LOAD build/main.o
LOAD build/stm32f7xx_it.o
LOAD build/stm32f7xx_hal_msp.o
LOAD build/BMX160.o
LOAD build/stm32f7xx_hal_cortex.o
LOAD build/stm32f7xx_hal_i2c.o
LOAD build/stm32f7xx_hal_i2c_ex.o
LOAD build/stm32f7xx_hal_rcc.o
LOAD build/stm32f7xx_hal_rcc_ex.o
LOAD build/stm32f7xx_hal_flash.o
LOAD build/stm32f7xx_hal_flash_ex.o
LOAD build/stm32f7xx_hal_gpio.o
LOAD build/stm32f7xx_hal_dma.o
LOAD build/stm32f7xx_hal_dma_ex.o
LOAD build/stm32f7xx_hal_pwr.o
LOAD build/stm32f7xx_hal_pwr_ex.o
LOAD build/stm32f7xx_hal.o
LOAD build/stm32f7xx_hal_exti.o
LOAD build/stm32f7xx_hal_tim.o
LOAD build/stm32f7xx_hal_tim_ex.o
LOAD build/stm32f7xx_hal_uart.o
LOAD build/stm32f7xx_hal_uart_ex.o
LOAD build/system_stm32f7xx.o
LOAD build/stm32f7xx_ll_rcc.o
LOAD build/stm32f7xx_ll_utils.o
LOAD build/stm32f7xx_ll_exti.o
LOAD build/stm32f7xx_ll_tim.o
LOAD build/stm32f7xx_ll_gpio.o
LOAD build/stm32f7xx_ll_dma.o
LOAD build/startup_stm32f767xx.o
LOAD c:/program files (x86)/gnu arm embedded toolchain/10 2020-q4-major/bin/../lib/gcc/arm-none-eabi/10.2.1/../../../../arm-none-eabi/lib/thumb/v7e-m+dp/hard\libc_nano.a
LOAD c:/program files (x86)/gnu arm embedded toolchain/10 2020-q4-major/bin/../lib/gcc/arm-none-eabi/10.2.1/../../../../arm-none-eabi/lib/thumb/v7e-m+dp/hard\libm.a
LOAD c:/program files (x86)/gnu arm embedded toolchain/10 2020-q4-major/bin/../lib/gcc/arm-none-eabi/10.2.1/../../../../arm-none-eabi/lib/thumb/v7e-m+dp/hard\libnosys.a
START GROUP
LOAD c:/program files (x86)/gnu arm embedded toolchain/10 2020-q4-major/bin/../lib/gcc/arm-none-eabi/10.2.1/thumb/v7e-m+dp/hard\libgcc.a
LOAD c:/program files (x86)/gnu arm embedded toolchain/10 2020-q4-major/bin/../lib/gcc/arm-none-eabi/10.2.1/../../../../arm-none-eabi/lib/thumb/v7e-m+dp/hard\libc_nano.a
END GROUP
START GROUP
LOAD c:/program files (x86)/gnu arm embedded toolchain/10 2020-q4-major/bin/../lib/gcc/arm-none-eabi/10.2.1/thumb/v7e-m+dp/hard\libgcc.a
LOAD c:/program files (x86)/gnu arm embedded toolchain/10 2020-q4-major/bin/../lib/gcc/arm-none-eabi/10.2.1/../../../../arm-none-eabi/lib/thumb/v7e-m+dp/hard\libc_nano.a
END GROUP
LOAD c:/program files (x86)/gnu arm embedded toolchain/10 2020-q4-major/bin/../lib/gcc/arm-none-eabi/10.2.1/thumb/v7e-m+dp/hard/crtend.o
LOAD c:/program files (x86)/gnu arm embedded toolchain/10 2020-q4-major/bin/../lib/gcc/arm-none-eabi/10.2.1/thumb/v7e-m+dp/hard/crtn.o
                0x20080000                _estack = 0x20080000
                0x00000200                _Min_Heap_Size = 0x200
                0x00000400                _Min_Stack_Size = 0x400

.isr_vector     0x08000000      0x1f8
                0x08000000                . = ALIGN (0x4)
 *(.isr_vector)
 .isr_vector    0x08000000      0x1f8 build/startup_stm32f767xx.o
                0x08000000                g_pfnVectors
                0x080001f8                . = ALIGN (0x4)

.text           0x08000200     0x651c
                0x08000200                . = ALIGN (0x4)
 *(.text)
 .text          0x08000200       0x40 c:/program files (x86)/gnu arm embedded toolchain/10 2020-q4-major/bin/../lib/gcc/arm-none-eabi/10.2.1/thumb/v7e-m+dp/hard/crtbegin.o
 .text          0x08000240       0x10 c:/program files (x86)/gnu arm embedded toolchain/10 2020-q4-major/bin/../lib/gcc/arm-none-eabi/10.2.1/../../../../arm-none-eabi/lib/thumb/v7e-m+dp/hard\libc_nano.a(lib_a-strlen.o)
                0x08000240                strlen
 .text          0x08000250       0xa0 c:/program files (x86)/gnu arm embedded toolchain/10 2020-q4-major/bin/../lib/gcc/arm-none-eabi/10.2.1/../../../../arm-none-eabi/lib/thumb/v7e-m+dp/hard\libc_nano.a(lib_a-memchr.o)
                0x08000250                memchr
 .text          0x080002f0       0x30 c:/program files (x86)/gnu arm embedded toolchain/10 2020-q4-major/bin/../lib/gcc/arm-none-eabi/10.2.1/thumb/v7e-m+dp/hard\libgcc.a(_aeabi_uldivmod.o)
                0x080002f0                __aeabi_uldivmod
 .text          0x08000320      0x2d0 c:/program files (x86)/gnu arm embedded toolchain/10 2020-q4-major/bin/../lib/gcc/arm-none-eabi/10.2.1/thumb/v7e-m+dp/hard\libgcc.a(_udivmoddi4.o)
                0x08000320                __udivmoddi4
 .text          0x080005f0        0x4 c:/program files (x86)/gnu arm embedded toolchain/10 2020-q4-major/bin/../lib/gcc/arm-none-eabi/10.2.1/thumb/v7e-m+dp/hard\libgcc.a(_dvmd_tls.o)
                0x080005f0                __aeabi_idiv0
                0x080005f0                __aeabi_ldiv0
 *(.text*)
 .text.MX_GPIO_Init
                0x080005f4       0x88 build/main.o
 .text.MX_DMA_Init
                0x0800067c       0x34 build/main.o
 .text.MX_I2C4_Init
                0x080006b0       0x44 build/main.o
 .text.MX_TIM2_Init
                0x080006f4       0x54 build/main.o
 .text.MX_UART4_Init
                0x08000748       0x30 build/main.o
 .text.MX_UART7_Init
                0x08000778       0x38 build/main.o
 .text.MX_TIM1_Init
                0x080007b0       0x74 build/main.o
 .text.SystemClock_Config
                0x08000824       0xb4 build/main.o
                0x08000824                SystemClock_Config
 .text.BMX_Init
                0x080008d8      0x350 build/main.o
                0x080008d8                BMX_Init
 .text.main     0x08000c28       0x84 build/main.o
                0x08000c28                main
 .text.HAL_TIM_PeriodElapsedCallback
                0x08000cac       0xa0 build/main.o
                0x08000cac                HAL_TIM_PeriodElapsedCallback
 .text.Error_Handler
                0x08000d4c        0x2 build/main.o
                0x08000d4c                Error_Handler
 .text.NMI_Handler
                0x08000d4e        0x2 build/stm32f7xx_it.o
                0x08000d4e                NMI_Handler
 .text.HardFault_Handler
                0x08000d50        0x2 build/stm32f7xx_it.o
                0x08000d50                HardFault_Handler
 .text.MemManage_Handler
                0x08000d52        0x2 build/stm32f7xx_it.o
                0x08000d52                MemManage_Handler
 .text.BusFault_Handler
                0x08000d54        0x2 build/stm32f7xx_it.o
                0x08000d54                BusFault_Handler
 .text.UsageFault_Handler
                0x08000d56        0x2 build/stm32f7xx_it.o
                0x08000d56                UsageFault_Handler
 .text.SVC_Handler
                0x08000d58        0x2 build/stm32f7xx_it.o
                0x08000d58                SVC_Handler
 .text.DebugMon_Handler
                0x08000d5a        0x2 build/stm32f7xx_it.o
                0x08000d5a                DebugMon_Handler
 .text.PendSV_Handler
                0x08000d5c        0x2 build/stm32f7xx_it.o
                0x08000d5c                PendSV_Handler
 .text.SysTick_Handler
                0x08000d5e        0x8 build/stm32f7xx_it.o
                0x08000d5e                SysTick_Handler
 *fill*         0x08000d66        0x2 
 .text.DMA1_Stream3_IRQHandler
                0x08000d68       0x10 build/stm32f7xx_it.o
                0x08000d68                DMA1_Stream3_IRQHandler
 .text.TIM2_IRQHandler
                0x08000d78       0x10 build/stm32f7xx_it.o
                0x08000d78                TIM2_IRQHandler
 .text.HAL_MspInit
                0x08000d88       0x30 build/stm32f7xx_hal_msp.o
                0x08000d88                HAL_MspInit
 .text.HAL_I2C_MspInit
                0x08000db8       0x6c build/stm32f7xx_hal_msp.o
                0x08000db8                HAL_I2C_MspInit
 .text.HAL_TIM_Base_MspInit
                0x08000e24       0x3a build/stm32f7xx_hal_msp.o
                0x08000e24                HAL_TIM_Base_MspInit
 *fill*         0x08000e5e        0x2 
 .text.HAL_UART_MspInit
                0x08000e60       0xf8 build/stm32f7xx_hal_msp.o
                0x08000e60                HAL_UART_MspInit
 .text.BMX_calibration
                0x08000f58      0x16c build/BMX160.o
                0x08000f58                BMX_calibration
 .text.BMX_read
                0x080010c4      0x108 build/BMX160.o
                0x080010c4                BMX_read
 .text.BMX_LPF  0x080011cc       0xc2 build/BMX160.o
                0x080011cc                BMX_LPF
 *fill*         0x0800128e        0x2 
 .text.HAL_NVIC_SetPriorityGrouping
                0x08001290       0x24 build/stm32f7xx_hal_cortex.o
                0x08001290                HAL_NVIC_SetPriorityGrouping
 .text.HAL_NVIC_SetPriority
                0x080012b4       0x6c build/stm32f7xx_hal_cortex.o
                0x080012b4                HAL_NVIC_SetPriority
 .text.HAL_NVIC_EnableIRQ
                0x08001320       0x1c build/stm32f7xx_hal_cortex.o
                0x08001320                HAL_NVIC_EnableIRQ
 .text.HAL_SYSTICK_Config
                0x0800133c       0x28 build/stm32f7xx_hal_cortex.o
                0x0800133c                HAL_SYSTICK_Config
 .text.I2C_Flush_TXDR
                0x08001364       0x22 build/stm32f7xx_hal_i2c.o
 .text.I2C_TransferConfig
                0x08001386       0x38 build/stm32f7xx_hal_i2c.o
 .text.I2C_IsAcknowledgeFailed
                0x080013be       0x90 build/stm32f7xx_hal_i2c.o
 .text.I2C_WaitOnTXISFlagUntilTimeout
                0x0800144e       0x56 build/stm32f7xx_hal_i2c.o
 .text.I2C_WaitOnFlagUntilTimeout
                0x080014a4       0x5a build/stm32f7xx_hal_i2c.o
 .text.I2C_WaitOnSTOPFlagUntilTimeout
                0x080014fe       0x50 build/stm32f7xx_hal_i2c.o
 .text.I2C_WaitOnRXNEFlagUntilTimeout
                0x0800154e       0x98 build/stm32f7xx_hal_i2c.o
 *fill*         0x080015e6        0x2 
 .text.HAL_I2C_Init
                0x080015e8       0xbc build/stm32f7xx_hal_i2c.o
                0x080015e8                HAL_I2C_Init
 .text.HAL_I2C_Master_Transmit
                0x080016a4      0x17c build/stm32f7xx_hal_i2c.o
                0x080016a4                HAL_I2C_Master_Transmit
 .text.HAL_I2C_Master_Receive
                0x08001820      0x17c build/stm32f7xx_hal_i2c.o
                0x08001820                HAL_I2C_Master_Receive
 .text.HAL_I2CEx_ConfigAnalogFilter
                0x0800199c       0x5c build/stm32f7xx_hal_i2c_ex.o
                0x0800199c                HAL_I2CEx_ConfigAnalogFilter
 .text.HAL_I2CEx_ConfigDigitalFilter
                0x080019f8       0x58 build/stm32f7xx_hal_i2c_ex.o
                0x080019f8                HAL_I2CEx_ConfigDigitalFilter
 .text.HAL_RCC_OscConfig
                0x08001a50      0x3d4 build/stm32f7xx_hal_rcc.o
                0x08001a50                HAL_RCC_OscConfig
 .text.HAL_RCC_GetSysClockFreq
                0x08001e24       0xc8 build/stm32f7xx_hal_rcc.o
                0x08001e24                HAL_RCC_GetSysClockFreq
 .text.HAL_RCC_ClockConfig
                0x08001eec      0x164 build/stm32f7xx_hal_rcc.o
                0x08001eec                HAL_RCC_ClockConfig
 .text.HAL_RCC_GetHCLKFreq
                0x08002050        0xc build/stm32f7xx_hal_rcc.o
                0x08002050                HAL_RCC_GetHCLKFreq
 .text.HAL_RCC_GetPCLK1Freq
                0x0800205c       0x20 build/stm32f7xx_hal_rcc.o
                0x0800205c                HAL_RCC_GetPCLK1Freq
 .text.HAL_RCC_GetPCLK2Freq
                0x0800207c       0x20 build/stm32f7xx_hal_rcc.o
                0x0800207c                HAL_RCC_GetPCLK2Freq
 .text.HAL_RCCEx_PeriphCLKConfig
                0x0800209c      0x604 build/stm32f7xx_hal_rcc_ex.o
                0x0800209c                HAL_RCCEx_PeriphCLKConfig
 .text.HAL_GPIO_Init
                0x080026a0      0x1e0 build/stm32f7xx_hal_gpio.o
                0x080026a0                HAL_GPIO_Init
 .text.HAL_GPIO_WritePin
                0x08002880        0xc build/stm32f7xx_hal_gpio.o
                0x08002880                HAL_GPIO_WritePin
 .text.HAL_GPIO_TogglePin
                0x0800288c       0x12 build/stm32f7xx_hal_gpio.o
                0x0800288c                HAL_GPIO_TogglePin
 *fill*         0x0800289e        0x2 
 .text.DMA_CalcBaseAndBitshift
                0x080028a0       0x40 build/stm32f7xx_hal_dma.o
 .text.DMA_CheckFifoParam
                0x080028e0       0x8e build/stm32f7xx_hal_dma.o
 *fill*         0x0800296e        0x2 
 .text.HAL_DMA_Init
                0x08002970       0xcc build/stm32f7xx_hal_dma.o
                0x08002970                HAL_DMA_Init
 .text.HAL_DMA_IRQHandler
                0x08002a3c      0x1dc build/stm32f7xx_hal_dma.o
                0x08002a3c                HAL_DMA_IRQHandler
 .text.HAL_PWREx_EnableOverDrive
                0x08002c18       0x7c build/stm32f7xx_hal_pwr_ex.o
                0x08002c18                HAL_PWREx_EnableOverDrive
 .text.HAL_InitTick
                0x08002c94       0x4c build/stm32f7xx_hal.o
                0x08002c94                HAL_InitTick
 .text.HAL_Init
                0x08002ce0       0x16 build/stm32f7xx_hal.o
                0x08002ce0                HAL_Init
 *fill*         0x08002cf6        0x2 
 .text.HAL_IncTick
                0x08002cf8       0x18 build/stm32f7xx_hal.o
                0x08002cf8                HAL_IncTick
 .text.HAL_GetTick
                0x08002d10        0xc build/stm32f7xx_hal.o
                0x08002d10                HAL_GetTick
 .text.HAL_Delay
                0x08002d1c       0x28 build/stm32f7xx_hal.o
                0x08002d1c                HAL_Delay
 .text.TIM_TI1_ConfigInputStage
                0x08002d44       0x26 build/stm32f7xx_hal_tim.o
 .text.TIM_TI2_ConfigInputStage
                0x08002d6a       0x28 build/stm32f7xx_hal_tim.o
 .text.TIM_ITRx_SetConfig
                0x08002d92       0x10 build/stm32f7xx_hal_tim.o
 *fill*         0x08002da2        0x2 
 .text.HAL_TIM_Base_Start_IT
                0x08002da4       0x2c build/stm32f7xx_hal_tim.o
                0x08002da4                HAL_TIM_Base_Start_IT
 .text.HAL_TIM_OC_DelayElapsedCallback
                0x08002dd0        0x2 build/stm32f7xx_hal_tim.o
                0x08002dd0                HAL_TIM_OC_DelayElapsedCallback
 .text.HAL_TIM_IC_CaptureCallback
                0x08002dd2        0x2 build/stm32f7xx_hal_tim.o
                0x08002dd2                HAL_TIM_IC_CaptureCallback
 .text.HAL_TIM_PWM_PulseFinishedCallback
                0x08002dd4        0x2 build/stm32f7xx_hal_tim.o
                0x08002dd4                HAL_TIM_PWM_PulseFinishedCallback
 .text.HAL_TIM_TriggerCallback
                0x08002dd6        0x2 build/stm32f7xx_hal_tim.o
                0x08002dd6                HAL_TIM_TriggerCallback
 .text.HAL_TIM_IRQHandler
                0x08002dd8      0x19a build/stm32f7xx_hal_tim.o
                0x08002dd8                HAL_TIM_IRQHandler
 *fill*         0x08002f72        0x2 
 .text.TIM_Base_SetConfig
                0x08002f74      0x110 build/stm32f7xx_hal_tim.o
                0x08002f74                TIM_Base_SetConfig
 .text.HAL_TIM_Base_Init
                0x08003084       0x34 build/stm32f7xx_hal_tim.o
                0x08003084                HAL_TIM_Base_Init
 .text.TIM_ETR_SetConfig
                0x080030b8       0x1a build/stm32f7xx_hal_tim.o
                0x080030b8                TIM_ETR_SetConfig
 *fill*         0x080030d2        0x2 
 .text.HAL_TIM_ConfigClockSource
                0x080030d4       0xdc build/stm32f7xx_hal_tim.o
                0x080030d4                HAL_TIM_ConfigClockSource
 .text.HAL_TIMEx_MasterConfigSynchronization
                0x080031b0       0x68 build/stm32f7xx_hal_tim_ex.o
                0x080031b0                HAL_TIMEx_MasterConfigSynchronization
 .text.HAL_TIMEx_CommutCallback
                0x08003218        0x2 build/stm32f7xx_hal_tim_ex.o
                0x08003218                HAL_TIMEx_CommutCallback
 .text.HAL_TIMEx_BreakCallback
                0x0800321a        0x2 build/stm32f7xx_hal_tim_ex.o
                0x0800321a                HAL_TIMEx_BreakCallback
 .text.HAL_TIMEx_Break2Callback
                0x0800321c        0x2 build/stm32f7xx_hal_tim_ex.o
                0x0800321c                HAL_TIMEx_Break2Callback
 *fill*         0x0800321e        0x2 
 .text.UART_SetConfig
                0x08003220      0x3a0 build/stm32f7xx_hal_uart.o
                0x08003220                UART_SetConfig
 .text.UART_AdvFeatureConfig
                0x080035c0       0xca build/stm32f7xx_hal_uart.o
                0x080035c0                UART_AdvFeatureConfig
 .text.UART_WaitOnFlagUntilTimeout
                0x0800368a       0x68 build/stm32f7xx_hal_uart.o
                0x0800368a                UART_WaitOnFlagUntilTimeout
 .text.HAL_UART_Transmit
                0x080036f2       0xd2 build/stm32f7xx_hal_uart.o
                0x080036f2                HAL_UART_Transmit
 .text.UART_CheckIdleState
                0x080037c4       0x44 build/stm32f7xx_hal_uart.o
                0x080037c4                UART_CheckIdleState
 .text.HAL_UART_Init
                0x08003808       0x62 build/stm32f7xx_hal_uart.o
                0x08003808                HAL_UART_Init
 *fill*         0x0800386a        0x2 
 .text.SystemInit
                0x0800386c       0x50 build/system_stm32f7xx.o
                0x0800386c                SystemInit
 .text.LL_TIM_Init
                0x080038bc      0x110 build/stm32f7xx_ll_tim.o
                0x080038bc                LL_TIM_Init
 .text.Reset_Handler
                0x080039cc       0x50 build/startup_stm32f767xx.o
                0x080039cc                Reset_Handler
 .text.Default_Handler
                0x08003a1c        0x2 build/startup_stm32f767xx.o
                0x08003a1c                RTC_Alarm_IRQHandler
                0x08003a1c                EXTI2_IRQHandler
                0x08003a1c                TIM8_CC_IRQHandler
                0x08003a1c                UART8_IRQHandler
                0x08003a1c                SPI4_IRQHandler
                0x08003a1c                TIM1_CC_IRQHandler
                0x08003a1c                DMA2_Stream5_IRQHandler
                0x08003a1c                JPEG_IRQHandler
                0x08003a1c                DMA1_Stream5_IRQHandler
                0x08003a1c                CAN3_RX1_IRQHandler
                0x08003a1c                PVD_IRQHandler
                0x08003a1c                TAMP_STAMP_IRQHandler
                0x08003a1c                CAN2_RX1_IRQHandler
                0x08003a1c                EXTI3_IRQHandler
                0x08003a1c                TIM8_TRG_COM_TIM14_IRQHandler
                0x08003a1c                DFSDM1_FLT1_IRQHandler
                0x08003a1c                TIM1_UP_TIM10_IRQHandler
                0x08003a1c                TIM8_UP_TIM13_IRQHandler
                0x08003a1c                I2C3_ER_IRQHandler
                0x08003a1c                DFSDM1_FLT2_IRQHandler
                0x08003a1c                EXTI0_IRQHandler
                0x08003a1c                I2C2_EV_IRQHandler
                0x08003a1c                DMA1_Stream2_IRQHandler
                0x08003a1c                CAN1_RX0_IRQHandler
                0x08003a1c                FPU_IRQHandler
                0x08003a1c                OTG_HS_WKUP_IRQHandler
                0x08003a1c                CAN3_SCE_IRQHandler
                0x08003a1c                LTDC_ER_IRQHandler
                0x08003a1c                CAN2_SCE_IRQHandler
                0x08003a1c                DMA2_Stream2_IRQHandler
                0x08003a1c                SPI1_IRQHandler
                0x08003a1c                TIM6_DAC_IRQHandler
                0x08003a1c                TIM1_BRK_TIM9_IRQHandler
                0x08003a1c                DCMI_IRQHandler
                0x08003a1c                CAN2_RX0_IRQHandler
                0x08003a1c                DMA2_Stream3_IRQHandler
                0x08003a1c                SAI2_IRQHandler
                0x08003a1c                DFSDM1_FLT3_IRQHandler
                0x08003a1c                USART6_IRQHandler
                0x08003a1c                CAN3_RX0_IRQHandler
                0x08003a1c                USART3_IRQHandler
                0x08003a1c                CAN1_RX1_IRQHandler
                0x08003a1c                UART5_IRQHandler
                0x08003a1c                DMA2_Stream0_IRQHandler
                0x08003a1c                TIM4_IRQHandler
                0x08003a1c                QUADSPI_IRQHandler
                0x08003a1c                I2C1_EV_IRQHandler
                0x08003a1c                DMA1_Stream6_IRQHandler
                0x08003a1c                DMA1_Stream1_IRQHandler
                0x08003a1c                UART4_IRQHandler
                0x08003a1c                TIM3_IRQHandler
                0x08003a1c                RCC_IRQHandler
                0x08003a1c                TIM8_BRK_TIM12_IRQHandler
                0x08003a1c                Default_Handler
                0x08003a1c                CEC_IRQHandler
                0x08003a1c                EXTI15_10_IRQHandler
                0x08003a1c                ADC_IRQHandler
                0x08003a1c                DMA1_Stream7_IRQHandler
                0x08003a1c                SPI5_IRQHandler
                0x08003a1c                TIM7_IRQHandler
                0x08003a1c                SDMMC1_IRQHandler
                0x08003a1c                CAN2_TX_IRQHandler
                0x08003a1c                TIM5_IRQHandler
                0x08003a1c                DMA2_Stream7_IRQHandler
                0x08003a1c                I2C3_EV_IRQHandler
                0x08003a1c                EXTI9_5_IRQHandler
                0x08003a1c                RTC_WKUP_IRQHandler
                0x08003a1c                LTDC_IRQHandler
                0x08003a1c                ETH_WKUP_IRQHandler
                0x08003a1c                SPDIF_RX_IRQHandler
                0x08003a1c                SPI2_IRQHandler
                0x08003a1c                OTG_HS_EP1_IN_IRQHandler
                0x08003a1c                DMA1_Stream0_IRQHandler
                0x08003a1c                CAN1_TX_IRQHandler
                0x08003a1c                EXTI4_IRQHandler
                0x08003a1c                RNG_IRQHandler
                0x08003a1c                ETH_IRQHandler
                0x08003a1c                OTG_HS_EP1_OUT_IRQHandler
                0x08003a1c                WWDG_IRQHandler
                0x08003a1c                SPI6_IRQHandler
                0x08003a1c                MDIOS_IRQHandler
                0x08003a1c                I2C4_EV_IRQHandler
                0x08003a1c                CAN3_TX_IRQHandler
                0x08003a1c                OTG_FS_WKUP_IRQHandler
                0x08003a1c                TIM1_TRG_COM_TIM11_IRQHandler
                0x08003a1c                OTG_HS_IRQHandler
                0x08003a1c                DMA2D_IRQHandler
                0x08003a1c                EXTI1_IRQHandler
                0x08003a1c                SDMMC2_IRQHandler
                0x08003a1c                UART7_IRQHandler
                0x08003a1c                USART2_IRQHandler
                0x08003a1c                DFSDM1_FLT0_IRQHandler
                0x08003a1c                I2C2_ER_IRQHandler
                0x08003a1c                DMA2_Stream1_IRQHandler
                0x08003a1c                CAN1_SCE_IRQHandler
                0x08003a1c                FLASH_IRQHandler
                0x08003a1c                DMA2_Stream4_IRQHandler
                0x08003a1c                USART1_IRQHandler
                0x08003a1c                OTG_FS_IRQHandler
                0x08003a1c                SPI3_IRQHandler
                0x08003a1c                DMA1_Stream4_IRQHandler
                0x08003a1c                I2C1_ER_IRQHandler
                0x08003a1c                FMC_IRQHandler
                0x08003a1c                LPTIM1_IRQHandler
                0x08003a1c                I2C4_ER_IRQHandler
                0x08003a1c                DMA2_Stream6_IRQHandler
                0x08003a1c                SAI1_IRQHandler
 *fill*         0x08003a1e        0x2 
 .text.__libc_init_array
                0x08003a20       0x48 c:/program files (x86)/gnu arm embedded toolchain/10 2020-q4-major/bin/../lib/gcc/arm-none-eabi/10.2.1/../../../../arm-none-eabi/lib/thumb/v7e-m+dp/hard\libc_nano.a(lib_a-init.o)
                0x08003a20                __libc_init_array
 .text.memset   0x08003a68       0x10 c:/program files (x86)/gnu arm embedded toolchain/10 2020-q4-major/bin/../lib/gcc/arm-none-eabi/10.2.1/../../../../arm-none-eabi/lib/thumb/v7e-m+dp/hard\libc_nano.a(lib_a-memset.o)
                0x08003a68                memset
 .text.__cvt    0x08003a78       0xa4 c:/program files (x86)/gnu arm embedded toolchain/10 2020-q4-major/bin/../lib/gcc/arm-none-eabi/10.2.1/../../../../arm-none-eabi/lib/thumb/v7e-m+dp/hard\libc_nano.a(lib_a-nano-vfprintf_float.o)
                0x08003a78                __cvt
 .text.__exponent
                0x08003b1c       0x7c c:/program files (x86)/gnu arm embedded toolchain/10 2020-q4-major/bin/../lib/gcc/arm-none-eabi/10.2.1/../../../../arm-none-eabi/lib/thumb/v7e-m+dp/hard\libc_nano.a(lib_a-nano-vfprintf_float.o)
                0x08003b1c                __exponent
 .text._printf_float
                0x08003b98      0x43c c:/program files (x86)/gnu arm embedded toolchain/10 2020-q4-major/bin/../lib/gcc/arm-none-eabi/10.2.1/../../../../arm-none-eabi/lib/thumb/v7e-m+dp/hard\libc_nano.a(lib_a-nano-vfprintf_float.o)
                0x08003b98                _printf_float
 .text._printf_common
                0x08003fd4       0xda c:/program files (x86)/gnu arm embedded toolchain/10 2020-q4-major/bin/../lib/gcc/arm-none-eabi/10.2.1/../../../../arm-none-eabi/lib/thumb/v7e-m+dp/hard\libc_nano.a(lib_a-nano-vfprintf_i.o)
                0x08003fd4                _printf_common
 *fill*         0x080040ae        0x2 
 .text._printf_i
                0x080040b0      0x24c c:/program files (x86)/gnu arm embedded toolchain/10 2020-q4-major/bin/../lib/gcc/arm-none-eabi/10.2.1/../../../../arm-none-eabi/lib/thumb/v7e-m+dp/hard\libc_nano.a(lib_a-nano-vfprintf_i.o)
                0x080040b0                _printf_i
 .text.sprintf  0x080042fc       0x40 c:/program files (x86)/gnu arm embedded toolchain/10 2020-q4-major/bin/../lib/gcc/arm-none-eabi/10.2.1/../../../../arm-none-eabi/lib/thumb/v7e-m+dp/hard\libc_nano.a(lib_a-sprintf.o)
                0x080042fc                siprintf
                0x080042fc                sprintf
 .text.quorem   0x0800433c      0x116 c:/program files (x86)/gnu arm embedded toolchain/10 2020-q4-major/bin/../lib/gcc/arm-none-eabi/10.2.1/../../../../arm-none-eabi/lib/thumb/v7e-m+dp/hard\libc_nano.a(lib_a-dtoa.o)
 *fill*         0x08004452        0x6 
 .text._dtoa_r  0x08004458      0xae0 c:/program files (x86)/gnu arm embedded toolchain/10 2020-q4-major/bin/../lib/gcc/arm-none-eabi/10.2.1/../../../../arm-none-eabi/lib/thumb/v7e-m+dp/hard\libc_nano.a(lib_a-dtoa.o)
                0x08004458                _dtoa_r
 .text._localeconv_r
                0x08004f38        0x8 c:/program files (x86)/gnu arm embedded toolchain/10 2020-q4-major/bin/../lib/gcc/arm-none-eabi/10.2.1/../../../../arm-none-eabi/lib/thumb/v7e-m+dp/hard\libc_nano.a(lib_a-localeconv.o)
                0x08004f38                _localeconv_r
 .text.malloc   0x08004f40       0x10 c:/program files (x86)/gnu arm embedded toolchain/10 2020-q4-major/bin/../lib/gcc/arm-none-eabi/10.2.1/../../../../arm-none-eabi/lib/thumb/v7e-m+dp/hard\libc_nano.a(lib_a-malloc.o)
                0x08004f40                malloc
 .text.memcpy   0x08004f50       0x1c c:/program files (x86)/gnu arm embedded toolchain/10 2020-q4-major/bin/../lib/gcc/arm-none-eabi/10.2.1/../../../../arm-none-eabi/lib/thumb/v7e-m+dp/hard\libc_nano.a(lib_a-memcpy-stub.o)
                0x08004f50                memcpy
 .text._Balloc  0x08004f6c       0x80 c:/program files (x86)/gnu arm embedded toolchain/10 2020-q4-major/bin/../lib/gcc/arm-none-eabi/10.2.1/../../../../arm-none-eabi/lib/thumb/v7e-m+dp/hard\libc_nano.a(lib_a-mprec.o)
                0x08004f6c                _Balloc
 .text._Bfree   0x08004fec       0x44 c:/program files (x86)/gnu arm embedded toolchain/10 2020-q4-major/bin/../lib/gcc/arm-none-eabi/10.2.1/../../../../arm-none-eabi/lib/thumb/v7e-m+dp/hard\libc_nano.a(lib_a-mprec.o)
                0x08004fec                _Bfree
 .text.__multadd
                0x08005030       0x8c c:/program files (x86)/gnu arm embedded toolchain/10 2020-q4-major/bin/../lib/gcc/arm-none-eabi/10.2.1/../../../../arm-none-eabi/lib/thumb/v7e-m+dp/hard\libc_nano.a(lib_a-mprec.o)
                0x08005030                __multadd
 .text.__hi0bits
                0x080050bc       0x40 c:/program files (x86)/gnu arm embedded toolchain/10 2020-q4-major/bin/../lib/gcc/arm-none-eabi/10.2.1/../../../../arm-none-eabi/lib/thumb/v7e-m+dp/hard\libc_nano.a(lib_a-mprec.o)
                0x080050bc                __hi0bits
 .text.__lo0bits
                0x080050fc       0x5e c:/program files (x86)/gnu arm embedded toolchain/10 2020-q4-major/bin/../lib/gcc/arm-none-eabi/10.2.1/../../../../arm-none-eabi/lib/thumb/v7e-m+dp/hard\libc_nano.a(lib_a-mprec.o)
                0x080050fc                __lo0bits
 *fill*         0x0800515a        0x2 
 .text.__i2b    0x0800515c       0x2c c:/program files (x86)/gnu arm embedded toolchain/10 2020-q4-major/bin/../lib/gcc/arm-none-eabi/10.2.1/../../../../arm-none-eabi/lib/thumb/v7e-m+dp/hard\libc_nano.a(lib_a-mprec.o)
                0x0800515c                __i2b
 .text.__multiply
                0x08005188      0x154 c:/program files (x86)/gnu arm embedded toolchain/10 2020-q4-major/bin/../lib/gcc/arm-none-eabi/10.2.1/../../../../arm-none-eabi/lib/thumb/v7e-m+dp/hard\libc_nano.a(lib_a-mprec.o)
                0x08005188                __multiply
 .text.__pow5mult
                0x080052dc       0xb4 c:/program files (x86)/gnu arm embedded toolchain/10 2020-q4-major/bin/../lib/gcc/arm-none-eabi/10.2.1/../../../../arm-none-eabi/lib/thumb/v7e-m+dp/hard\libc_nano.a(lib_a-mprec.o)
                0x080052dc                __pow5mult
 .text.__lshift
                0x08005390       0xe0 c:/program files (x86)/gnu arm embedded toolchain/10 2020-q4-major/bin/../lib/gcc/arm-none-eabi/10.2.1/../../../../arm-none-eabi/lib/thumb/v7e-m+dp/hard\libc_nano.a(lib_a-mprec.o)
                0x08005390                __lshift
 .text.__mcmp   0x08005470       0x38 c:/program files (x86)/gnu arm embedded toolchain/10 2020-q4-major/bin/../lib/gcc/arm-none-eabi/10.2.1/../../../../arm-none-eabi/lib/thumb/v7e-m+dp/hard\libc_nano.a(lib_a-mprec.o)
                0x08005470                __mcmp
 .text.__mdiff  0x080054a8      0x114 c:/program files (x86)/gnu arm embedded toolchain/10 2020-q4-major/bin/../lib/gcc/arm-none-eabi/10.2.1/../../../../arm-none-eabi/lib/thumb/v7e-m+dp/hard\libc_nano.a(lib_a-mprec.o)
                0x080054a8                __mdiff
 .text.__d2b    0x080055bc       0xb8 c:/program files (x86)/gnu arm embedded toolchain/10 2020-q4-major/bin/../lib/gcc/arm-none-eabi/10.2.1/../../../../arm-none-eabi/lib/thumb/v7e-m+dp/hard\libc_nano.a(lib_a-mprec.o)
                0x080055bc                __d2b
 .text._calloc_r
                0x08005674       0x1e c:/program files (x86)/gnu arm embedded toolchain/10 2020-q4-major/bin/../lib/gcc/arm-none-eabi/10.2.1/../../../../arm-none-eabi/lib/thumb/v7e-m+dp/hard\libc_nano.a(lib_a-nano-callocr.o)
                0x08005674                _calloc_r
 *fill*         0x08005692        0x2 
 .text._free_r  0x08005694       0x98 c:/program files (x86)/gnu arm embedded toolchain/10 2020-q4-major/bin/../lib/gcc/arm-none-eabi/10.2.1/../../../../arm-none-eabi/lib/thumb/v7e-m+dp/hard\libc_nano.a(lib_a-nano-freer.o)
                0x08005694                _free_r
 .text._malloc_r
                0x0800572c       0xb4 c:/program files (x86)/gnu arm embedded toolchain/10 2020-q4-major/bin/../lib/gcc/arm-none-eabi/10.2.1/../../../../arm-none-eabi/lib/thumb/v7e-m+dp/hard\libc_nano.a(lib_a-nano-mallocr.o)
                0x0800572c                _malloc_r
 .text.__ssputs_r
                0x080057e0       0xb6 c:/program files (x86)/gnu arm embedded toolchain/10 2020-q4-major/bin/../lib/gcc/arm-none-eabi/10.2.1/../../../../arm-none-eabi/lib/thumb/v7e-m+dp/hard\libc_nano.a(lib_a-nano-svfprintf.o)
                0x080057e0                __ssputs_r
 *fill*         0x08005896        0x2 
 .text._svfprintf_r
                0x08005898      0x200 c:/program files (x86)/gnu arm embedded toolchain/10 2020-q4-major/bin/../lib/gcc/arm-none-eabi/10.2.1/../../../../arm-none-eabi/lib/thumb/v7e-m+dp/hard\libc_nano.a(lib_a-nano-svfprintf.o)
                0x08005898                _svfiprintf_r
                0x08005898                _svfprintf_r
 .text._sbrk_r  0x08005a98       0x20 c:/program files (x86)/gnu arm embedded toolchain/10 2020-q4-major/bin/../lib/gcc/arm-none-eabi/10.2.1/../../../../arm-none-eabi/lib/thumb/v7e-m+dp/hard\libc_nano.a(lib_a-sbrkr.o)
                0x08005a98                _sbrk_r
 .text.__assert_func
                0x08005ab8       0x3c c:/program files (x86)/gnu arm embedded toolchain/10 2020-q4-major/bin/../lib/gcc/arm-none-eabi/10.2.1/../../../../arm-none-eabi/lib/thumb/v7e-m+dp/hard\libc_nano.a(lib_a-assert.o)
                0x08005ab8                __assert_func
 .text.fprintf  0x08005af4       0x24 c:/program files (x86)/gnu arm embedded toolchain/10 2020-q4-major/bin/../lib/gcc/arm-none-eabi/10.2.1/../../../../arm-none-eabi/lib/thumb/v7e-m+dp/hard\libc_nano.a(lib_a-fprintf.o)
                0x08005af4                fiprintf
                0x08005af4                fprintf
 .text.__ascii_mbtowc
                0x08005b18       0x24 c:/program files (x86)/gnu arm embedded toolchain/10 2020-q4-major/bin/../lib/gcc/arm-none-eabi/10.2.1/../../../../arm-none-eabi/lib/thumb/v7e-m+dp/hard\libc_nano.a(lib_a-mbtowc_r.o)
                0x08005b18                __ascii_mbtowc
 .text.memmove  0x08005b3c       0x34 c:/program files (x86)/gnu arm embedded toolchain/10 2020-q4-major/bin/../lib/gcc/arm-none-eabi/10.2.1/../../../../arm-none-eabi/lib/thumb/v7e-m+dp/hard\libc_nano.a(lib_a-memmove.o)
                0x08005b3c                memmove
 .text.__malloc_lock
                0x08005b70        0xc c:/program files (x86)/gnu arm embedded toolchain/10 2020-q4-major/bin/../lib/gcc/arm-none-eabi/10.2.1/../../../../arm-none-eabi/lib/thumb/v7e-m+dp/hard\libc_nano.a(lib_a-mlock.o)
                0x08005b70                __malloc_lock
 .text.__malloc_unlock
                0x08005b7c        0xc c:/program files (x86)/gnu arm embedded toolchain/10 2020-q4-major/bin/../lib/gcc/arm-none-eabi/10.2.1/../../../../arm-none-eabi/lib/thumb/v7e-m+dp/hard\libc_nano.a(lib_a-mlock.o)
                0x08005b7c                __malloc_unlock
 .text._realloc_r
                0x08005b88       0x4c c:/program files (x86)/gnu arm embedded toolchain/10 2020-q4-major/bin/../lib/gcc/arm-none-eabi/10.2.1/../../../../arm-none-eabi/lib/thumb/v7e-m+dp/hard\libc_nano.a(lib_a-nano-reallocr.o)
                0x08005b88                _realloc_r
 .text.__sfputc_r
                0x08005bd4       0x2e c:/program files (x86)/gnu arm embedded toolchain/10 2020-q4-major/bin/../lib/gcc/arm-none-eabi/10.2.1/../../../../arm-none-eabi/lib/thumb/v7e-m+dp/hard\libc_nano.a(lib_a-nano-vfprintf.o)
 .text.__sfputs_r
                0x08005c02       0x24 c:/program files (x86)/gnu arm embedded toolchain/10 2020-q4-major/bin/../lib/gcc/arm-none-eabi/10.2.1/../../../../arm-none-eabi/lib/thumb/v7e-m+dp/hard\libc_nano.a(lib_a-nano-vfprintf.o)
                0x08005c02                __sfputs_r
 *fill*         0x08005c26        0x2 
 .text._vfprintf_r
                0x08005c28      0x260 c:/program files (x86)/gnu arm embedded toolchain/10 2020-q4-major/bin/../lib/gcc/arm-none-eabi/10.2.1/../../../../arm-none-eabi/lib/thumb/v7e-m+dp/hard\libc_nano.a(lib_a-nano-vfprintf.o)
                0x08005c28                _vfprintf_r
                0x08005c28                _vfiprintf_r
 .text.__swbuf_r
                0x08005e88       0xa4 c:/program files (x86)/gnu arm embedded toolchain/10 2020-q4-major/bin/../lib/gcc/arm-none-eabi/10.2.1/../../../../arm-none-eabi/lib/thumb/v7e-m+dp/hard\libc_nano.a(lib_a-wbuf.o)
                0x08005e88                __swbuf_r
 .text.__ascii_wctomb
                0x08005f2c       0x1a c:/program files (x86)/gnu arm embedded toolchain/10 2020-q4-major/bin/../lib/gcc/arm-none-eabi/10.2.1/../../../../arm-none-eabi/lib/thumb/v7e-m+dp/hard\libc_nano.a(lib_a-wctomb_r.o)
                0x08005f2c                __ascii_wctomb
 *fill*         0x08005f46        0x2 
 .text.__swsetup_r
                0x08005f48       0xdc c:/program files (x86)/gnu arm embedded toolchain/10 2020-q4-major/bin/../lib/gcc/arm-none-eabi/10.2.1/../../../../arm-none-eabi/lib/thumb/v7e-m+dp/hard\libc_nano.a(lib_a-wsetup.o)
                0x08005f48                __swsetup_r
 .text.abort    0x08006024        0xe c:/program files (x86)/gnu arm embedded toolchain/10 2020-q4-major/bin/../lib/gcc/arm-none-eabi/10.2.1/../../../../arm-none-eabi/lib/thumb/v7e-m+dp/hard\libc_nano.a(lib_a-abort.o)
                0x08006024                abort
 *fill*         0x08006032        0x2 
 .text.__sflush_r
                0x08006034      0x10c c:/program files (x86)/gnu arm embedded toolchain/10 2020-q4-major/bin/../lib/gcc/arm-none-eabi/10.2.1/../../../../arm-none-eabi/lib/thumb/v7e-m+dp/hard\libc_nano.a(lib_a-fflush.o)
                0x08006034                __sflush_r
 .text._fflush_r
                0x08006140       0x78 c:/program files (x86)/gnu arm embedded toolchain/10 2020-q4-major/bin/../lib/gcc/arm-none-eabi/10.2.1/../../../../arm-none-eabi/lib/thumb/v7e-m+dp/hard\libc_nano.a(lib_a-fflush.o)
                0x08006140                _fflush_r
 .text.std      0x080061b8       0x48 c:/program files (x86)/gnu arm embedded toolchain/10 2020-q4-major/bin/../lib/gcc/arm-none-eabi/10.2.1/../../../../arm-none-eabi/lib/thumb/v7e-m+dp/hard\libc_nano.a(lib_a-findfp.o)
 .text._cleanup_r
                0x08006200        0xc c:/program files (x86)/gnu arm embedded toolchain/10 2020-q4-major/bin/../lib/gcc/arm-none-eabi/10.2.1/../../../../arm-none-eabi/lib/thumb/v7e-m+dp/hard\libc_nano.a(lib_a-findfp.o)
                0x08006200                _cleanup_r
 .text.__sfmoreglue
                0x0800620c       0x2c c:/program files (x86)/gnu arm embedded toolchain/10 2020-q4-major/bin/../lib/gcc/arm-none-eabi/10.2.1/../../../../arm-none-eabi/lib/thumb/v7e-m+dp/hard\libc_nano.a(lib_a-findfp.o)
                0x0800620c                __sfmoreglue
 .text.__sfp_lock_acquire
                0x08006238        0xc c:/program files (x86)/gnu arm embedded toolchain/10 2020-q4-major/bin/../lib/gcc/arm-none-eabi/10.2.1/../../../../arm-none-eabi/lib/thumb/v7e-m+dp/hard\libc_nano.a(lib_a-findfp.o)
                0x08006238                __sfp_lock_acquire
 .text.__sfp_lock_release
                0x08006244        0xc c:/program files (x86)/gnu arm embedded toolchain/10 2020-q4-major/bin/../lib/gcc/arm-none-eabi/10.2.1/../../../../arm-none-eabi/lib/thumb/v7e-m+dp/hard\libc_nano.a(lib_a-findfp.o)
                0x08006244                __sfp_lock_release
 .text.__sinit_lock_acquire
                0x08006250        0xc c:/program files (x86)/gnu arm embedded toolchain/10 2020-q4-major/bin/../lib/gcc/arm-none-eabi/10.2.1/../../../../arm-none-eabi/lib/thumb/v7e-m+dp/hard\libc_nano.a(lib_a-findfp.o)
                0x08006250                __sinit_lock_acquire
 .text.__sinit_lock_release
                0x0800625c        0xc c:/program files (x86)/gnu arm embedded toolchain/10 2020-q4-major/bin/../lib/gcc/arm-none-eabi/10.2.1/../../../../arm-none-eabi/lib/thumb/v7e-m+dp/hard\libc_nano.a(lib_a-findfp.o)
                0x0800625c                __sinit_lock_release
 .text.__sinit  0x08006268       0x70 c:/program files (x86)/gnu arm embedded toolchain/10 2020-q4-major/bin/../lib/gcc/arm-none-eabi/10.2.1/../../../../arm-none-eabi/lib/thumb/v7e-m+dp/hard\libc_nano.a(lib_a-findfp.o)
                0x08006268                __sinit
 .text.__sfp    0x080062d8       0x8c c:/program files (x86)/gnu arm embedded toolchain/10 2020-q4-major/bin/../lib/gcc/arm-none-eabi/10.2.1/../../../../arm-none-eabi/lib/thumb/v7e-m+dp/hard\libc_nano.a(lib_a-findfp.o)
                0x080062d8                __sfp
 .text._fwalk_reent
                0x08006364       0x3e c:/program files (x86)/gnu arm embedded toolchain/10 2020-q4-major/bin/../lib/gcc/arm-none-eabi/10.2.1/../../../../arm-none-eabi/lib/thumb/v7e-m+dp/hard\libc_nano.a(lib_a-fwalk.o)
                0x08006364                _fwalk_reent
 .text.__retarget_lock_init_recursive
                0x080063a2        0x2 c:/program files (x86)/gnu arm embedded toolchain/10 2020-q4-major/bin/../lib/gcc/arm-none-eabi/10.2.1/../../../../arm-none-eabi/lib/thumb/v7e-m+dp/hard\libc_nano.a(lib_a-lock.o)
                0x080063a2                __retarget_lock_init_recursive
 .text.__retarget_lock_acquire_recursive
                0x080063a4        0x2 c:/program files (x86)/gnu arm embedded toolchain/10 2020-q4-major/bin/../lib/gcc/arm-none-eabi/10.2.1/../../../../arm-none-eabi/lib/thumb/v7e-m+dp/hard\libc_nano.a(lib_a-lock.o)
                0x080063a4                __retarget_lock_acquire_recursive
 .text.__retarget_lock_release_recursive
                0x080063a6        0x2 c:/program files (x86)/gnu arm embedded toolchain/10 2020-q4-major/bin/../lib/gcc/arm-none-eabi/10.2.1/../../../../arm-none-eabi/lib/thumb/v7e-m+dp/hard\libc_nano.a(lib_a-lock.o)
                0x080063a6                __retarget_lock_release_recursive
 .text.__swhatbuf_r
                0x080063a8       0x4a c:/program files (x86)/gnu arm embedded toolchain/10 2020-q4-major/bin/../lib/gcc/arm-none-eabi/10.2.1/../../../../arm-none-eabi/lib/thumb/v7e-m+dp/hard\libc_nano.a(lib_a-makebuf.o)
                0x080063a8                __swhatbuf_r
 *fill*         0x080063f2        0x2 
 .text.__smakebuf_r
                0x080063f4       0x80 c:/program files (x86)/gnu arm embedded toolchain/10 2020-q4-major/bin/../lib/gcc/arm-none-eabi/10.2.1/../../../../arm-none-eabi/lib/thumb/v7e-m+dp/hard\libc_nano.a(lib_a-makebuf.o)
                0x080063f4                __smakebuf_r
 .text._malloc_usable_size_r
                0x08006474       0x10 c:/program files (x86)/gnu arm embedded toolchain/10 2020-q4-major/bin/../lib/gcc/arm-none-eabi/10.2.1/../../../../arm-none-eabi/lib/thumb/v7e-m+dp/hard\libc_nano.a(lib_a-nano-msizer.o)
                0x08006474                _malloc_usable_size_r
 .text._raise_r
                0x08006484       0x50 c:/program files (x86)/gnu arm embedded toolchain/10 2020-q4-major/bin/../lib/gcc/arm-none-eabi/10.2.1/../../../../arm-none-eabi/lib/thumb/v7e-m+dp/hard\libc_nano.a(lib_a-signal.o)
                0x08006484                _raise_r
 .text.raise    0x080064d4       0x10 c:/program files (x86)/gnu arm embedded toolchain/10 2020-q4-major/bin/../lib/gcc/arm-none-eabi/10.2.1/../../../../arm-none-eabi/lib/thumb/v7e-m+dp/hard\libc_nano.a(lib_a-signal.o)
                0x080064d4                raise
 .text._kill_r  0x080064e4       0x24 c:/program files (x86)/gnu arm embedded toolchain/10 2020-q4-major/bin/../lib/gcc/arm-none-eabi/10.2.1/../../../../arm-none-eabi/lib/thumb/v7e-m+dp/hard\libc_nano.a(lib_a-signalr.o)
                0x080064e4                _kill_r
 .text._getpid_r
                0x08006508        0x4 c:/program files (x86)/gnu arm embedded toolchain/10 2020-q4-major/bin/../lib/gcc/arm-none-eabi/10.2.1/../../../../arm-none-eabi/lib/thumb/v7e-m+dp/hard\libc_nano.a(lib_a-signalr.o)
                0x08006508                _getpid_r
 .text.__sread  0x0800650c       0x22 c:/program files (x86)/gnu arm embedded toolchain/10 2020-q4-major/bin/../lib/gcc/arm-none-eabi/10.2.1/../../../../arm-none-eabi/lib/thumb/v7e-m+dp/hard\libc_nano.a(lib_a-stdio.o)
                0x0800650c                __sread
 .text.__swrite
                0x0800652e       0x38 c:/program files (x86)/gnu arm embedded toolchain/10 2020-q4-major/bin/../lib/gcc/arm-none-eabi/10.2.1/../../../../arm-none-eabi/lib/thumb/v7e-m+dp/hard\libc_nano.a(lib_a-stdio.o)
                0x0800652e                __swrite
 .text.__sseek  0x08006566       0x24 c:/program files (x86)/gnu arm embedded toolchain/10 2020-q4-major/bin/../lib/gcc/arm-none-eabi/10.2.1/../../../../arm-none-eabi/lib/thumb/v7e-m+dp/hard\libc_nano.a(lib_a-stdio.o)
                0x08006566                __sseek
 .text.__sclose
                0x0800658a        0x8 c:/program files (x86)/gnu arm embedded toolchain/10 2020-q4-major/bin/../lib/gcc/arm-none-eabi/10.2.1/../../../../arm-none-eabi/lib/thumb/v7e-m+dp/hard\libc_nano.a(lib_a-stdio.o)
                0x0800658a                __sclose
 *fill*         0x08006592        0x2 
 .text._write_r
                0x08006594       0x24 c:/program files (x86)/gnu arm embedded toolchain/10 2020-q4-major/bin/../lib/gcc/arm-none-eabi/10.2.1/../../../../arm-none-eabi/lib/thumb/v7e-m+dp/hard\libc_nano.a(lib_a-writer.o)
                0x08006594                _write_r
 .text._close_r
                0x080065b8       0x20 c:/program files (x86)/gnu arm embedded toolchain/10 2020-q4-major/bin/../lib/gcc/arm-none-eabi/10.2.1/../../../../arm-none-eabi/lib/thumb/v7e-m+dp/hard\libc_nano.a(lib_a-closer.o)
                0x080065b8                _close_r
 .text._fstat_r
                0x080065d8       0x24 c:/program files (x86)/gnu arm embedded toolchain/10 2020-q4-major/bin/../lib/gcc/arm-none-eabi/10.2.1/../../../../arm-none-eabi/lib/thumb/v7e-m+dp/hard\libc_nano.a(lib_a-fstatr.o)
                0x080065d8                _fstat_r
 .text._isatty_r
                0x080065fc       0x20 c:/program files (x86)/gnu arm embedded toolchain/10 2020-q4-major/bin/../lib/gcc/arm-none-eabi/10.2.1/../../../../arm-none-eabi/lib/thumb/v7e-m+dp/hard\libc_nano.a(lib_a-isattyr.o)
                0x080065fc                _isatty_r
 .text._lseek_r
                0x0800661c       0x24 c:/program files (x86)/gnu arm embedded toolchain/10 2020-q4-major/bin/../lib/gcc/arm-none-eabi/10.2.1/../../../../arm-none-eabi/lib/thumb/v7e-m+dp/hard\libc_nano.a(lib_a-lseekr.o)
                0x0800661c                _lseek_r
 .text._read_r  0x08006640       0x24 c:/program files (x86)/gnu arm embedded toolchain/10 2020-q4-major/bin/../lib/gcc/arm-none-eabi/10.2.1/../../../../arm-none-eabi/lib/thumb/v7e-m+dp/hard\libc_nano.a(lib_a-readr.o)
                0x08006640                _read_r
 .text._close   0x08006664       0x10 c:/program files (x86)/gnu arm embedded toolchain/10 2020-q4-major/bin/../lib/gcc/arm-none-eabi/10.2.1/../../../../arm-none-eabi/lib/thumb/v7e-m+dp/hard\libnosys.a(close.o)
                0x08006664                _close
 .text._fstat   0x08006674       0x10 c:/program files (x86)/gnu arm embedded toolchain/10 2020-q4-major/bin/../lib/gcc/arm-none-eabi/10.2.1/../../../../arm-none-eabi/lib/thumb/v7e-m+dp/hard\libnosys.a(fstat.o)
                0x08006674                _fstat
 .text._getpid  0x08006684       0x10 c:/program files (x86)/gnu arm embedded toolchain/10 2020-q4-major/bin/../lib/gcc/arm-none-eabi/10.2.1/../../../../arm-none-eabi/lib/thumb/v7e-m+dp/hard\libnosys.a(getpid.o)
                0x08006684                _getpid
 .text._isatty  0x08006694       0x10 c:/program files (x86)/gnu arm embedded toolchain/10 2020-q4-major/bin/../lib/gcc/arm-none-eabi/10.2.1/../../../../arm-none-eabi/lib/thumb/v7e-m+dp/hard\libnosys.a(isatty.o)
                0x08006694                _isatty
 .text._kill    0x080066a4       0x10 c:/program files (x86)/gnu arm embedded toolchain/10 2020-q4-major/bin/../lib/gcc/arm-none-eabi/10.2.1/../../../../arm-none-eabi/lib/thumb/v7e-m+dp/hard\libnosys.a(kill.o)
                0x080066a4                _kill
 .text._lseek   0x080066b4       0x10 c:/program files (x86)/gnu arm embedded toolchain/10 2020-q4-major/bin/../lib/gcc/arm-none-eabi/10.2.1/../../../../arm-none-eabi/lib/thumb/v7e-m+dp/hard\libnosys.a(lseek.o)
                0x080066b4                _lseek
 .text._read    0x080066c4       0x10 c:/program files (x86)/gnu arm embedded toolchain/10 2020-q4-major/bin/../lib/gcc/arm-none-eabi/10.2.1/../../../../arm-none-eabi/lib/thumb/v7e-m+dp/hard\libnosys.a(read.o)
                0x080066c4                _read
 .text._sbrk    0x080066d4       0x1c c:/program files (x86)/gnu arm embedded toolchain/10 2020-q4-major/bin/../lib/gcc/arm-none-eabi/10.2.1/../../../../arm-none-eabi/lib/thumb/v7e-m+dp/hard\libnosys.a(sbrk.o)
                0x080066d4                _sbrk
 .text._write   0x080066f0       0x10 c:/program files (x86)/gnu arm embedded toolchain/10 2020-q4-major/bin/../lib/gcc/arm-none-eabi/10.2.1/../../../../arm-none-eabi/lib/thumb/v7e-m+dp/hard\libnosys.a(write.o)
                0x080066f0                _write
 .text._exit    0x08006700        0x4 c:/program files (x86)/gnu arm embedded toolchain/10 2020-q4-major/bin/../lib/gcc/arm-none-eabi/10.2.1/../../../../arm-none-eabi/lib/thumb/v7e-m+dp/hard\libnosys.a(_exit.o)
                0x08006700                _exit
 *(.glue_7)
 .glue_7        0x08006704        0x0 linker stubs
 *(.glue_7t)
 .glue_7t       0x08006704        0x0 linker stubs
 *(.eh_frame)
 .eh_frame      0x08006704        0x0 c:/program files (x86)/gnu arm embedded toolchain/10 2020-q4-major/bin/../lib/gcc/arm-none-eabi/10.2.1/thumb/v7e-m+dp/hard/crtbegin.o
 *(.init)
 .init          0x08006704        0x4 c:/program files (x86)/gnu arm embedded toolchain/10 2020-q4-major/bin/../lib/gcc/arm-none-eabi/10.2.1/thumb/v7e-m+dp/hard/crti.o
                0x08006704                _init
 .init          0x08006708        0x8 c:/program files (x86)/gnu arm embedded toolchain/10 2020-q4-major/bin/../lib/gcc/arm-none-eabi/10.2.1/thumb/v7e-m+dp/hard/crtn.o
 *(.fini)
 .fini          0x08006710        0x4 c:/program files (x86)/gnu arm embedded toolchain/10 2020-q4-major/bin/../lib/gcc/arm-none-eabi/10.2.1/thumb/v7e-m+dp/hard/crti.o
                0x08006710                _fini
 .fini          0x08006714        0x8 c:/program files (x86)/gnu arm embedded toolchain/10 2020-q4-major/bin/../lib/gcc/arm-none-eabi/10.2.1/thumb/v7e-m+dp/hard/crtn.o
                0x0800671c                . = ALIGN (0x4)
                0x0800671c                _etext = .

.vfp11_veneer   0x0800671c        0x0
 .vfp11_veneer  0x0800671c        0x0 linker stubs

.v4_bx          0x0800671c        0x0
 .v4_bx         0x0800671c        0x0 linker stubs

.iplt           0x0800671c        0x0
 .iplt          0x0800671c        0x0 c:/program files (x86)/gnu arm embedded toolchain/10 2020-q4-major/bin/../lib/gcc/arm-none-eabi/10.2.1/thumb/v7e-m+dp/hard/crtbegin.o

.rodata         0x08006720      0x474
                0x08006720                . = ALIGN (0x4)
 *(.rodata)
 *(.rodata*)
 .rodata.BMX_Init.str1.4
                0x08006720       0x38 build/main.o
 .rodata.flagBitshiftOffset.0
                0x08006758        0x8 build/stm32f7xx_hal_dma.o
 .rodata.AHBPrescTable
                0x08006760       0x10 build/system_stm32f7xx.o
                0x08006760                AHBPrescTable
 .rodata.APBPrescTable
                0x08006770        0x8 build/system_stm32f7xx.o
                0x08006770                APBPrescTable
 .rodata._global_impure_ptr
                0x08006778        0x4 c:/program files (x86)/gnu arm embedded toolchain/10 2020-q4-major/bin/../lib/gcc/arm-none-eabi/10.2.1/../../../../arm-none-eabi/lib/thumb/v7e-m+dp/hard\libc_nano.a(lib_a-impure.o)
                0x08006778                _global_impure_ptr
 .rodata._printf_float.str1.1
                0x0800677c       0x12 c:/program files (x86)/gnu arm embedded toolchain/10 2020-q4-major/bin/../lib/gcc/arm-none-eabi/10.2.1/../../../../arm-none-eabi/lib/thumb/v7e-m+dp/hard\libc_nano.a(lib_a-nano-vfprintf_float.o)
 .rodata._printf_i.str1.1
                0x0800678e       0x22 c:/program files (x86)/gnu arm embedded toolchain/10 2020-q4-major/bin/../lib/gcc/arm-none-eabi/10.2.1/../../../../arm-none-eabi/lib/thumb/v7e-m+dp/hard\libc_nano.a(lib_a-nano-vfprintf_i.o)
 .rodata._dtoa_r.str1.1
                0x080067b0       0xb2 c:/program files (x86)/gnu arm embedded toolchain/10 2020-q4-major/bin/../lib/gcc/arm-none-eabi/10.2.1/../../../../arm-none-eabi/lib/thumb/v7e-m+dp/hard\libc_nano.a(lib_a-dtoa.o)
                                 0xb4 (size before relaxing)
 .rodata._Balloc.str1.1
                0x08006862       0x7e c:/program files (x86)/gnu arm embedded toolchain/10 2020-q4-major/bin/../lib/gcc/arm-none-eabi/10.2.1/../../../../arm-none-eabi/lib/thumb/v7e-m+dp/hard\libc_nano.a(lib_a-mprec.o)
                                 0x95 (size before relaxing)
 .rodata.__multadd.str1.1
                0x080068e0       0x11 c:/program files (x86)/gnu arm embedded toolchain/10 2020-q4-major/bin/../lib/gcc/arm-none-eabi/10.2.1/../../../../arm-none-eabi/lib/thumb/v7e-m+dp/hard\libc_nano.a(lib_a-mprec.o)
 .rodata.__mprec_bigtens
                0x080068e0       0x28 c:/program files (x86)/gnu arm embedded toolchain/10 2020-q4-major/bin/../lib/gcc/arm-none-eabi/10.2.1/../../../../arm-none-eabi/lib/thumb/v7e-m+dp/hard\libc_nano.a(lib_a-mprec.o)
                0x080068e0                __mprec_bigtens
 .rodata.__mprec_tens
                0x08006908       0xc8 c:/program files (x86)/gnu arm embedded toolchain/10 2020-q4-major/bin/../lib/gcc/arm-none-eabi/10.2.1/../../../../arm-none-eabi/lib/thumb/v7e-m+dp/hard\libc_nano.a(lib_a-mprec.o)
                0x08006908                __mprec_tens
 .rodata.p05.0  0x080069d0        0xc c:/program files (x86)/gnu arm embedded toolchain/10 2020-q4-major/bin/../lib/gcc/arm-none-eabi/10.2.1/../../../../arm-none-eabi/lib/thumb/v7e-m+dp/hard\libc_nano.a(lib_a-mprec.o)
 .rodata._svfprintf_r.str1.1
                0x080069dc       0x11 c:/program files (x86)/gnu arm embedded toolchain/10 2020-q4-major/bin/../lib/gcc/arm-none-eabi/10.2.1/../../../../arm-none-eabi/lib/thumb/v7e-m+dp/hard\libc_nano.a(lib_a-nano-svfprintf.o)
 .rodata.__assert_func.str1.1
                0x080069ed       0x3c c:/program files (x86)/gnu arm embedded toolchain/10 2020-q4-major/bin/../lib/gcc/arm-none-eabi/10.2.1/../../../../arm-none-eabi/lib/thumb/v7e-m+dp/hard\libc_nano.a(lib_a-assert.o)
                                 0x3d (size before relaxing)
 .rodata._setlocale_r.str1.1
                0x08006a29        0x8 c:/program files (x86)/gnu arm embedded toolchain/10 2020-q4-major/bin/../lib/gcc/arm-none-eabi/10.2.1/../../../../arm-none-eabi/lib/thumb/v7e-m+dp/hard\libc_nano.a(lib_a-locale.o)
                                  0x9 (size before relaxing)
 .rodata.str1.1
                0x08006a31        0x2 c:/program files (x86)/gnu arm embedded toolchain/10 2020-q4-major/bin/../lib/gcc/arm-none-eabi/10.2.1/../../../../arm-none-eabi/lib/thumb/v7e-m+dp/hard\libc_nano.a(lib_a-locale.o)
 .rodata._vfprintf_r.str1.1
                0x08006a33       0x11 c:/program files (x86)/gnu arm embedded toolchain/10 2020-q4-major/bin/../lib/gcc/arm-none-eabi/10.2.1/../../../../arm-none-eabi/lib/thumb/v7e-m+dp/hard\libc_nano.a(lib_a-nano-vfprintf.o)
 .rodata._ctype_
                0x08006a33      0x101 c:/program files (x86)/gnu arm embedded toolchain/10 2020-q4-major/bin/../lib/gcc/arm-none-eabi/10.2.1/../../../../arm-none-eabi/lib/thumb/v7e-m+dp/hard\libc_nano.a(lib_a-ctype_.o)
                0x08006a33                _ctype_
 .rodata.__sf_fake_stderr
                0x08006b34       0x20 c:/program files (x86)/gnu arm embedded toolchain/10 2020-q4-major/bin/../lib/gcc/arm-none-eabi/10.2.1/../../../../arm-none-eabi/lib/thumb/v7e-m+dp/hard\libc_nano.a(lib_a-findfp.o)
                0x08006b34                __sf_fake_stderr
 .rodata.__sf_fake_stdin
                0x08006b54       0x20 c:/program files (x86)/gnu arm embedded toolchain/10 2020-q4-major/bin/../lib/gcc/arm-none-eabi/10.2.1/../../../../arm-none-eabi/lib/thumb/v7e-m+dp/hard\libc_nano.a(lib_a-findfp.o)
                0x08006b54                __sf_fake_stdin
 .rodata.__sf_fake_stdout
                0x08006b74       0x20 c:/program files (x86)/gnu arm embedded toolchain/10 2020-q4-major/bin/../lib/gcc/arm-none-eabi/10.2.1/../../../../arm-none-eabi/lib/thumb/v7e-m+dp/hard\libc_nano.a(lib_a-findfp.o)
                0x08006b74                __sf_fake_stdout
                0x08006b94                . = ALIGN (0x4)

.ARM.extab
 *(.ARM.extab* .gnu.linkonce.armextab.*)

.ARM            0x08006b94        0x8
                0x08006b94                __exidx_start = .
 *(.ARM.exidx*)
 .ARM.exidx     0x08006b94        0x8 c:/program files (x86)/gnu arm embedded toolchain/10 2020-q4-major/bin/../lib/gcc/arm-none-eabi/10.2.1/thumb/v7e-m+dp/hard\libgcc.a(_udivmoddi4.o)
                0x08006b9c                __exidx_end = .

.rel.dyn        0x08006b9c        0x0
 .rel.iplt      0x08006b9c        0x0 c:/program files (x86)/gnu arm embedded toolchain/10 2020-q4-major/bin/../lib/gcc/arm-none-eabi/10.2.1/thumb/v7e-m+dp/hard/crtbegin.o

.preinit_array  0x08006b9c        0x0
                0x08006b9c                PROVIDE (__preinit_array_start = .)
 *(.preinit_array*)
                0x08006b9c                PROVIDE (__preinit_array_end = .)

.init_array     0x08006b9c        0x4
                0x08006b9c                PROVIDE (__init_array_start = .)
 *(SORT_BY_NAME(.init_array.*))
 *(.init_array*)
 .init_array    0x08006b9c        0x4 c:/program files (x86)/gnu arm embedded toolchain/10 2020-q4-major/bin/../lib/gcc/arm-none-eabi/10.2.1/thumb/v7e-m+dp/hard/crtbegin.o
                0x08006ba0                PROVIDE (__init_array_end = .)

.fini_array     0x08006ba0        0x4
                [!provide]                PROVIDE (__fini_array_start = .)
 *(SORT_BY_NAME(.fini_array.*))
 *(.fini_array*)
 .fini_array    0x08006ba0        0x4 c:/program files (x86)/gnu arm embedded toolchain/10 2020-q4-major/bin/../lib/gcc/arm-none-eabi/10.2.1/thumb/v7e-m+dp/hard/crtbegin.o
                [!provide]                PROVIDE (__fini_array_end = .)
                0x08006ba4                _sidata = LOADADDR (.data)

.data           0x20000000      0x1ec load address 0x08006ba4
                0x20000000                . = ALIGN (0x4)
                0x20000000                _sdata = .
 *(.data)
 *(.data*)
 .data.sample_time
                0x20000000        0x4 build/main.o
                0x20000000                sample_time
 .data.string   0x20000004        0xf build/main.o
                0x20000004                string
 .data.uwTickFreq
                0x20000013        0x1 build/stm32f7xx_hal.o
                0x20000013                uwTickFreq
 .data.uwTickPrio
                0x20000014        0x4 build/stm32f7xx_hal.o
                0x20000014                uwTickPrio
 .data.SystemCoreClock
                0x20000018        0x4 build/system_stm32f7xx.o
                0x20000018                SystemCoreClock
 .data._impure_ptr
                0x2000001c        0x4 c:/program files (x86)/gnu arm embedded toolchain/10 2020-q4-major/bin/../lib/gcc/arm-none-eabi/10.2.1/../../../../arm-none-eabi/lib/thumb/v7e-m+dp/hard\libc_nano.a(lib_a-impure.o)
                0x2000001c                _impure_ptr
 .data.impure_data
                0x20000020       0x60 c:/program files (x86)/gnu arm embedded toolchain/10 2020-q4-major/bin/../lib/gcc/arm-none-eabi/10.2.1/../../../../arm-none-eabi/lib/thumb/v7e-m+dp/hard\libc_nano.a(lib_a-impure.o)
 .data.__global_locale
                0x20000080      0x16c c:/program files (x86)/gnu arm embedded toolchain/10 2020-q4-major/bin/../lib/gcc/arm-none-eabi/10.2.1/../../../../arm-none-eabi/lib/thumb/v7e-m+dp/hard\libc_nano.a(lib_a-locale.o)
                0x20000080                __global_locale
                0x200001ec                . = ALIGN (0x4)
                0x200001ec                _edata = .

.igot.plt       0x200001ec        0x0 load address 0x08006d90
 .igot.plt      0x200001ec        0x0 c:/program files (x86)/gnu arm embedded toolchain/10 2020-q4-major/bin/../lib/gcc/arm-none-eabi/10.2.1/thumb/v7e-m+dp/hard/crtbegin.o
                0x200001ec                . = ALIGN (0x4)

.bss            0x200001ec      0x308 load address 0x08006d90
                0x200001ec                _sbss = .
                0x200001ec                __bss_start__ = _sbss
 *(.bss)
 .bss           0x200001ec       0x1c c:/program files (x86)/gnu arm embedded toolchain/10 2020-q4-major/bin/../lib/gcc/arm-none-eabi/10.2.1/thumb/v7e-m+dp/hard/crtbegin.o
 *(.bss*)
 .bss.BMX       0x20000208       0xac build/main.o
                0x20000208                BMX
 .bss.Tlm_Tx_buff
                0x200002b4       0x18 build/main.o
                0x200002b4                Tlm_Tx_buff
 .bss.buff      0x200002cc       0x20 build/main.o
                0x200002cc                buff
 .bss.hdma_uart7_rx
                0x200002ec       0x60 build/main.o
                0x200002ec                hdma_uart7_rx
 .bss.hi2c4     0x2000034c       0x4c build/main.o
                0x2000034c                hi2c4
 .bss.htim2     0x20000398       0x40 build/main.o
                0x20000398                htim2
 .bss.huart4    0x200003d8       0x80 build/main.o
                0x200003d8                huart4
 .bss.huart7    0x20000458       0x80 build/main.o
                0x20000458                huart7
 .bss.main_counter
                0x200004d8        0x1 build/main.o
                0x200004d8                main_counter
 *fill*         0x200004d9        0x3 
 .bss.uwTick    0x200004dc        0x4 build/stm32f7xx_hal.o
                0x200004dc                uwTick
 .bss.__malloc_free_list
                0x200004e0        0x4 c:/program files (x86)/gnu arm embedded toolchain/10 2020-q4-major/bin/../lib/gcc/arm-none-eabi/10.2.1/../../../../arm-none-eabi/lib/thumb/v7e-m+dp/hard\libc_nano.a(lib_a-nano-mallocr.o)
                0x200004e0                __malloc_free_list
 .bss.__malloc_sbrk_start
                0x200004e4        0x4 c:/program files (x86)/gnu arm embedded toolchain/10 2020-q4-major/bin/../lib/gcc/arm-none-eabi/10.2.1/../../../../arm-none-eabi/lib/thumb/v7e-m+dp/hard\libc_nano.a(lib_a-nano-mallocr.o)
                0x200004e4                __malloc_sbrk_start
 .bss.errno     0x200004e8        0x4 c:/program files (x86)/gnu arm embedded toolchain/10 2020-q4-major/bin/../lib/gcc/arm-none-eabi/10.2.1/../../../../arm-none-eabi/lib/thumb/v7e-m+dp/hard\libc_nano.a(lib_a-reent.o)
                0x200004e8                errno
 .bss.__lock___malloc_recursive_mutex
                0x200004ec        0x1 c:/program files (x86)/gnu arm embedded toolchain/10 2020-q4-major/bin/../lib/gcc/arm-none-eabi/10.2.1/../../../../arm-none-eabi/lib/thumb/v7e-m+dp/hard\libc_nano.a(lib_a-lock.o)
                0x200004ec                __lock___malloc_recursive_mutex
 .bss.__lock___sfp_recursive_mutex
                0x200004ed        0x1 c:/program files (x86)/gnu arm embedded toolchain/10 2020-q4-major/bin/../lib/gcc/arm-none-eabi/10.2.1/../../../../arm-none-eabi/lib/thumb/v7e-m+dp/hard\libc_nano.a(lib_a-lock.o)
                0x200004ed                __lock___sfp_recursive_mutex
 .bss.__lock___sinit_recursive_mutex
                0x200004ee        0x1 c:/program files (x86)/gnu arm embedded toolchain/10 2020-q4-major/bin/../lib/gcc/arm-none-eabi/10.2.1/../../../../arm-none-eabi/lib/thumb/v7e-m+dp/hard\libc_nano.a(lib_a-lock.o)
                0x200004ee                __lock___sinit_recursive_mutex
 *fill*         0x200004ef        0x1 
 .bss.heap_end.0
                0x200004f0        0x4 c:/program files (x86)/gnu arm embedded toolchain/10 2020-q4-major/bin/../lib/gcc/arm-none-eabi/10.2.1/../../../../arm-none-eabi/lib/thumb/v7e-m+dp/hard\libnosys.a(sbrk.o)
 *(COMMON)
                0x200004f4                . = ALIGN (0x4)
                0x200004f4                _ebss = .
                0x200004f4                __bss_end__ = _ebss

._user_heap_stack
                0x200004f4      0x604 load address 0x08006d90
                0x200004f8                . = ALIGN (0x8)
 *fill*         0x200004f4        0x4 
                0x200004f8                PROVIDE (end = .)
                [!provide]                PROVIDE (_end = .)
                0x200006f8                . = (. + _Min_Heap_Size)
 *fill*         0x200004f8      0x200 
                0x20000af8                . = (. + _Min_Stack_Size)
 *fill*         0x200006f8      0x400 
                0x20000af8                . = ALIGN (0x8)

/DISCARD/
 libc.a(*)
 libm.a(*)
 libgcc.a(*)

.ARM.attributes
                0x00000000       0x2e
 *(.ARM.attributes)
 .ARM.attributes
                0x00000000       0x1e c:/program files (x86)/gnu arm embedded toolchain/10 2020-q4-major/bin/../lib/gcc/arm-none-eabi/10.2.1/thumb/v7e-m+dp/hard/crti.o
 .ARM.attributes
                0x0000001e       0x32 c:/program files (x86)/gnu arm embedded toolchain/10 2020-q4-major/bin/../lib/gcc/arm-none-eabi/10.2.1/thumb/v7e-m+dp/hard/crtbegin.o
 .ARM.attributes
                0x00000050       0x32 build/main.o
 .ARM.attributes
                0x00000082       0x32 build/stm32f7xx_it.o
 .ARM.attributes
                0x000000b4       0x32 build/stm32f7xx_hal_msp.o
 .ARM.attributes
                0x000000e6       0x32 build/BMX160.o
 .ARM.attributes
                0x00000118       0x32 build/stm32f7xx_hal_cortex.o
 .ARM.attributes
                0x0000014a       0x32 build/stm32f7xx_hal_i2c.o
 .ARM.attributes
                0x0000017c       0x32 build/stm32f7xx_hal_i2c_ex.o
 .ARM.attributes
                0x000001ae       0x32 build/stm32f7xx_hal_rcc.o
 .ARM.attributes
                0x000001e0       0x32 build/stm32f7xx_hal_rcc_ex.o
 .ARM.attributes
                0x00000212       0x32 build/stm32f7xx_hal_gpio.o
 .ARM.attributes
                0x00000244       0x32 build/stm32f7xx_hal_dma.o
 .ARM.attributes
                0x00000276       0x32 build/stm32f7xx_hal_pwr_ex.o
 .ARM.attributes
                0x000002a8       0x32 build/stm32f7xx_hal.o
 .ARM.attributes
                0x000002da       0x32 build/stm32f7xx_hal_tim.o
 .ARM.attributes
                0x0000030c       0x32 build/stm32f7xx_hal_tim_ex.o
 .ARM.attributes
                0x0000033e       0x32 build/stm32f7xx_hal_uart.o
 .ARM.attributes
                0x00000370       0x32 build/system_stm32f7xx.o
 .ARM.attributes
                0x000003a2       0x32 build/stm32f7xx_ll_tim.o
 .ARM.attributes
                0x000003d4       0x21 build/startup_stm32f767xx.o
 .ARM.attributes
                0x000003f5       0x30 c:/program files (x86)/gnu arm embedded toolchain/10 2020-q4-major/bin/../lib/gcc/arm-none-eabi/10.2.1/../../../../arm-none-eabi/lib/thumb/v7e-m+dp/hard\libc_nano.a(lib_a-impure.o)
 .ARM.attributes
                0x00000425       0x32 c:/program files (x86)/gnu arm embedded toolchain/10 2020-q4-major/bin/../lib/gcc/arm-none-eabi/10.2.1/../../../../arm-none-eabi/lib/thumb/v7e-m+dp/hard\libc_nano.a(lib_a-init.o)
 .ARM.attributes
                0x00000457       0x32 c:/program files (x86)/gnu arm embedded toolchain/10 2020-q4-major/bin/../lib/gcc/arm-none-eabi/10.2.1/../../../../arm-none-eabi/lib/thumb/v7e-m+dp/hard\libc_nano.a(lib_a-memset.o)
 .ARM.attributes
                0x00000489       0x32 c:/program files (x86)/gnu arm embedded toolchain/10 2020-q4-major/bin/../lib/gcc/arm-none-eabi/10.2.1/../../../../arm-none-eabi/lib/thumb/v7e-m+dp/hard\libc_nano.a(lib_a-nano-vfprintf_float.o)
 .ARM.attributes
                0x000004bb       0x32 c:/program files (x86)/gnu arm embedded toolchain/10 2020-q4-major/bin/../lib/gcc/arm-none-eabi/10.2.1/../../../../arm-none-eabi/lib/thumb/v7e-m+dp/hard\libc_nano.a(lib_a-nano-vfprintf_i.o)
 .ARM.attributes
                0x000004ed       0x32 c:/program files (x86)/gnu arm embedded toolchain/10 2020-q4-major/bin/../lib/gcc/arm-none-eabi/10.2.1/../../../../arm-none-eabi/lib/thumb/v7e-m+dp/hard\libc_nano.a(lib_a-sprintf.o)
 .ARM.attributes
                0x0000051f       0x17 c:/program files (x86)/gnu arm embedded toolchain/10 2020-q4-major/bin/../lib/gcc/arm-none-eabi/10.2.1/../../../../arm-none-eabi/lib/thumb/v7e-m+dp/hard\libc_nano.a(lib_a-strlen.o)
 .ARM.attributes
                0x00000536       0x32 c:/program files (x86)/gnu arm embedded toolchain/10 2020-q4-major/bin/../lib/gcc/arm-none-eabi/10.2.1/../../../../arm-none-eabi/lib/thumb/v7e-m+dp/hard\libc_nano.a(lib_a-dtoa.o)
 .ARM.attributes
                0x00000568       0x32 c:/program files (x86)/gnu arm embedded toolchain/10 2020-q4-major/bin/../lib/gcc/arm-none-eabi/10.2.1/../../../../arm-none-eabi/lib/thumb/v7e-m+dp/hard\libc_nano.a(lib_a-localeconv.o)
 .ARM.attributes
                0x0000059a       0x32 c:/program files (x86)/gnu arm embedded toolchain/10 2020-q4-major/bin/../lib/gcc/arm-none-eabi/10.2.1/../../../../arm-none-eabi/lib/thumb/v7e-m+dp/hard\libc_nano.a(lib_a-malloc.o)
 .ARM.attributes
                0x000005cc       0x1c c:/program files (x86)/gnu arm embedded toolchain/10 2020-q4-major/bin/../lib/gcc/arm-none-eabi/10.2.1/../../../../arm-none-eabi/lib/thumb/v7e-m+dp/hard\libc_nano.a(lib_a-memchr.o)
 .ARM.attributes
                0x000005e8       0x32 c:/program files (x86)/gnu arm embedded toolchain/10 2020-q4-major/bin/../lib/gcc/arm-none-eabi/10.2.1/../../../../arm-none-eabi/lib/thumb/v7e-m+dp/hard\libc_nano.a(lib_a-memcpy-stub.o)
 .ARM.attributes
                0x0000061a       0x32 c:/program files (x86)/gnu arm embedded toolchain/10 2020-q4-major/bin/../lib/gcc/arm-none-eabi/10.2.1/../../../../arm-none-eabi/lib/thumb/v7e-m+dp/hard\libc_nano.a(lib_a-mprec.o)
 .ARM.attributes
                0x0000064c       0x32 c:/program files (x86)/gnu arm embedded toolchain/10 2020-q4-major/bin/../lib/gcc/arm-none-eabi/10.2.1/../../../../arm-none-eabi/lib/thumb/v7e-m+dp/hard\libc_nano.a(lib_a-nano-callocr.o)
 .ARM.attributes
                0x0000067e       0x32 c:/program files (x86)/gnu arm embedded toolchain/10 2020-q4-major/bin/../lib/gcc/arm-none-eabi/10.2.1/../../../../arm-none-eabi/lib/thumb/v7e-m+dp/hard\libc_nano.a(lib_a-nano-freer.o)
 .ARM.attributes
                0x000006b0       0x32 c:/program files (x86)/gnu arm embedded toolchain/10 2020-q4-major/bin/../lib/gcc/arm-none-eabi/10.2.1/../../../../arm-none-eabi/lib/thumb/v7e-m+dp/hard\libc_nano.a(lib_a-nano-mallocr.o)
 .ARM.attributes
                0x000006e2       0x32 c:/program files (x86)/gnu arm embedded toolchain/10 2020-q4-major/bin/../lib/gcc/arm-none-eabi/10.2.1/../../../../arm-none-eabi/lib/thumb/v7e-m+dp/hard\libc_nano.a(lib_a-nano-svfprintf.o)
 .ARM.attributes
                0x00000714       0x32 c:/program files (x86)/gnu arm embedded toolchain/10 2020-q4-major/bin/../lib/gcc/arm-none-eabi/10.2.1/../../../../arm-none-eabi/lib/thumb/v7e-m+dp/hard\libc_nano.a(lib_a-sbrkr.o)
 .ARM.attributes
                0x00000746       0x32 c:/program files (x86)/gnu arm embedded toolchain/10 2020-q4-major/bin/../lib/gcc/arm-none-eabi/10.2.1/../../../../arm-none-eabi/lib/thumb/v7e-m+dp/hard\libc_nano.a(lib_a-assert.o)
 .ARM.attributes
                0x00000778       0x32 c:/program files (x86)/gnu arm embedded toolchain/10 2020-q4-major/bin/../lib/gcc/arm-none-eabi/10.2.1/../../../../arm-none-eabi/lib/thumb/v7e-m+dp/hard\libc_nano.a(lib_a-fprintf.o)
 .ARM.attributes
                0x000007aa       0x32 c:/program files (x86)/gnu arm embedded toolchain/10 2020-q4-major/bin/../lib/gcc/arm-none-eabi/10.2.1/../../../../arm-none-eabi/lib/thumb/v7e-m+dp/hard\libc_nano.a(lib_a-locale.o)
 .ARM.attributes
                0x000007dc       0x32 c:/program files (x86)/gnu arm embedded toolchain/10 2020-q4-major/bin/../lib/gcc/arm-none-eabi/10.2.1/../../../../arm-none-eabi/lib/thumb/v7e-m+dp/hard\libc_nano.a(lib_a-mbtowc_r.o)
 .ARM.attributes
                0x0000080e       0x32 c:/program files (x86)/gnu arm embedded toolchain/10 2020-q4-major/bin/../lib/gcc/arm-none-eabi/10.2.1/../../../../arm-none-eabi/lib/thumb/v7e-m+dp/hard\libc_nano.a(lib_a-memmove.o)
 .ARM.attributes
                0x00000840       0x32 c:/program files (x86)/gnu arm embedded toolchain/10 2020-q4-major/bin/../lib/gcc/arm-none-eabi/10.2.1/../../../../arm-none-eabi/lib/thumb/v7e-m+dp/hard\libc_nano.a(lib_a-mlock.o)
 .ARM.attributes
                0x00000872       0x32 c:/program files (x86)/gnu arm embedded toolchain/10 2020-q4-major/bin/../lib/gcc/arm-none-eabi/10.2.1/../../../../arm-none-eabi/lib/thumb/v7e-m+dp/hard\libc_nano.a(lib_a-nano-reallocr.o)
 .ARM.attributes
                0x000008a4       0x32 c:/program files (x86)/gnu arm embedded toolchain/10 2020-q4-major/bin/../lib/gcc/arm-none-eabi/10.2.1/../../../../arm-none-eabi/lib/thumb/v7e-m+dp/hard\libc_nano.a(lib_a-nano-vfprintf.o)
 .ARM.attributes
                0x000008d6       0x32 c:/program files (x86)/gnu arm embedded toolchain/10 2020-q4-major/bin/../lib/gcc/arm-none-eabi/10.2.1/../../../../arm-none-eabi/lib/thumb/v7e-m+dp/hard\libc_nano.a(lib_a-reent.o)
 .ARM.attributes
                0x00000908       0x32 c:/program files (x86)/gnu arm embedded toolchain/10 2020-q4-major/bin/../lib/gcc/arm-none-eabi/10.2.1/../../../../arm-none-eabi/lib/thumb/v7e-m+dp/hard\libc_nano.a(lib_a-wbuf.o)
 .ARM.attributes
                0x0000093a       0x32 c:/program files (x86)/gnu arm embedded toolchain/10 2020-q4-major/bin/../lib/gcc/arm-none-eabi/10.2.1/../../../../arm-none-eabi/lib/thumb/v7e-m+dp/hard\libc_nano.a(lib_a-wctomb_r.o)
 .ARM.attributes
                0x0000096c       0x32 c:/program files (x86)/gnu arm embedded toolchain/10 2020-q4-major/bin/../lib/gcc/arm-none-eabi/10.2.1/../../../../arm-none-eabi/lib/thumb/v7e-m+dp/hard\libc_nano.a(lib_a-wsetup.o)
 .ARM.attributes
                0x0000099e       0x32 c:/program files (x86)/gnu arm embedded toolchain/10 2020-q4-major/bin/../lib/gcc/arm-none-eabi/10.2.1/../../../../arm-none-eabi/lib/thumb/v7e-m+dp/hard\libc_nano.a(lib_a-abort.o)
 .ARM.attributes
                0x000009d0       0x30 c:/program files (x86)/gnu arm embedded toolchain/10 2020-q4-major/bin/../lib/gcc/arm-none-eabi/10.2.1/../../../../arm-none-eabi/lib/thumb/v7e-m+dp/hard\libc_nano.a(lib_a-ctype_.o)
 .ARM.attributes
                0x00000a00       0x32 c:/program files (x86)/gnu arm embedded toolchain/10 2020-q4-major/bin/../lib/gcc/arm-none-eabi/10.2.1/../../../../arm-none-eabi/lib/thumb/v7e-m+dp/hard\libc_nano.a(lib_a-fflush.o)
 .ARM.attributes
                0x00000a32       0x32 c:/program files (x86)/gnu arm embedded toolchain/10 2020-q4-major/bin/../lib/gcc/arm-none-eabi/10.2.1/../../../../arm-none-eabi/lib/thumb/v7e-m+dp/hard\libc_nano.a(lib_a-findfp.o)
 .ARM.attributes
                0x00000a64       0x32 c:/program files (x86)/gnu arm embedded toolchain/10 2020-q4-major/bin/../lib/gcc/arm-none-eabi/10.2.1/../../../../arm-none-eabi/lib/thumb/v7e-m+dp/hard\libc_nano.a(lib_a-fwalk.o)
 .ARM.attributes
                0x00000a96       0x32 c:/program files (x86)/gnu arm embedded toolchain/10 2020-q4-major/bin/../lib/gcc/arm-none-eabi/10.2.1/../../../../arm-none-eabi/lib/thumb/v7e-m+dp/hard\libc_nano.a(lib_a-lock.o)
 .ARM.attributes
                0x00000ac8       0x32 c:/program files (x86)/gnu arm embedded toolchain/10 2020-q4-major/bin/../lib/gcc/arm-none-eabi/10.2.1/../../../../arm-none-eabi/lib/thumb/v7e-m+dp/hard\libc_nano.a(lib_a-makebuf.o)
 .ARM.attributes
                0x00000afa       0x32 c:/program files (x86)/gnu arm embedded toolchain/10 2020-q4-major/bin/../lib/gcc/arm-none-eabi/10.2.1/../../../../arm-none-eabi/lib/thumb/v7e-m+dp/hard\libc_nano.a(lib_a-nano-msizer.o)
 .ARM.attributes
                0x00000b2c       0x32 c:/program files (x86)/gnu arm embedded toolchain/10 2020-q4-major/bin/../lib/gcc/arm-none-eabi/10.2.1/../../../../arm-none-eabi/lib/thumb/v7e-m+dp/hard\libc_nano.a(lib_a-signal.o)
 .ARM.attributes
                0x00000b5e       0x32 c:/program files (x86)/gnu arm embedded toolchain/10 2020-q4-major/bin/../lib/gcc/arm-none-eabi/10.2.1/../../../../arm-none-eabi/lib/thumb/v7e-m+dp/hard\libc_nano.a(lib_a-signalr.o)
 .ARM.attributes
                0x00000b90       0x32 c:/program files (x86)/gnu arm embedded toolchain/10 2020-q4-major/bin/../lib/gcc/arm-none-eabi/10.2.1/../../../../arm-none-eabi/lib/thumb/v7e-m+dp/hard\libc_nano.a(lib_a-stdio.o)
 .ARM.attributes
                0x00000bc2       0x32 c:/program files (x86)/gnu arm embedded toolchain/10 2020-q4-major/bin/../lib/gcc/arm-none-eabi/10.2.1/../../../../arm-none-eabi/lib/thumb/v7e-m+dp/hard\libc_nano.a(lib_a-writer.o)
 .ARM.attributes
                0x00000bf4       0x32 c:/program files (x86)/gnu arm embedded toolchain/10 2020-q4-major/bin/../lib/gcc/arm-none-eabi/10.2.1/../../../../arm-none-eabi/lib/thumb/v7e-m+dp/hard\libc_nano.a(lib_a-closer.o)
 .ARM.attributes
                0x00000c26       0x32 c:/program files (x86)/gnu arm embedded toolchain/10 2020-q4-major/bin/../lib/gcc/arm-none-eabi/10.2.1/../../../../arm-none-eabi/lib/thumb/v7e-m+dp/hard\libc_nano.a(lib_a-fstatr.o)
 .ARM.attributes
                0x00000c58       0x32 c:/program files (x86)/gnu arm embedded toolchain/10 2020-q4-major/bin/../lib/gcc/arm-none-eabi/10.2.1/../../../../arm-none-eabi/lib/thumb/v7e-m+dp/hard\libc_nano.a(lib_a-isattyr.o)
 .ARM.attributes
                0x00000c8a       0x32 c:/program files (x86)/gnu arm embedded toolchain/10 2020-q4-major/bin/../lib/gcc/arm-none-eabi/10.2.1/../../../../arm-none-eabi/lib/thumb/v7e-m+dp/hard\libc_nano.a(lib_a-lseekr.o)
 .ARM.attributes
                0x00000cbc       0x32 c:/program files (x86)/gnu arm embedded toolchain/10 2020-q4-major/bin/../lib/gcc/arm-none-eabi/10.2.1/../../../../arm-none-eabi/lib/thumb/v7e-m+dp/hard\libc_nano.a(lib_a-readr.o)
 .ARM.attributes
                0x00000cee       0x32 c:/program files (x86)/gnu arm embedded toolchain/10 2020-q4-major/bin/../lib/gcc/arm-none-eabi/10.2.1/../../../../arm-none-eabi/lib/thumb/v7e-m+dp/hard\libnosys.a(close.o)
 .ARM.attributes
                0x00000d20       0x32 c:/program files (x86)/gnu arm embedded toolchain/10 2020-q4-major/bin/../lib/gcc/arm-none-eabi/10.2.1/../../../../arm-none-eabi/lib/thumb/v7e-m+dp/hard\libnosys.a(fstat.o)
 .ARM.attributes
                0x00000d52       0x32 c:/program files (x86)/gnu arm embedded toolchain/10 2020-q4-major/bin/../lib/gcc/arm-none-eabi/10.2.1/../../../../arm-none-eabi/lib/thumb/v7e-m+dp/hard\libnosys.a(getpid.o)
 .ARM.attributes
                0x00000d84       0x32 c:/program files (x86)/gnu arm embedded toolchain/10 2020-q4-major/bin/../lib/gcc/arm-none-eabi/10.2.1/../../../../arm-none-eabi/lib/thumb/v7e-m+dp/hard\libnosys.a(isatty.o)
 .ARM.attributes
                0x00000db6       0x32 c:/program files (x86)/gnu arm embedded toolchain/10 2020-q4-major/bin/../lib/gcc/arm-none-eabi/10.2.1/../../../../arm-none-eabi/lib/thumb/v7e-m+dp/hard\libnosys.a(kill.o)
 .ARM.attributes
                0x00000de8       0x32 c:/program files (x86)/gnu arm embedded toolchain/10 2020-q4-major/bin/../lib/gcc/arm-none-eabi/10.2.1/../../../../arm-none-eabi/lib/thumb/v7e-m+dp/hard\libnosys.a(lseek.o)
 .ARM.attributes
                0x00000e1a       0x32 c:/program files (x86)/gnu arm embedded toolchain/10 2020-q4-major/bin/../lib/gcc/arm-none-eabi/10.2.1/../../../../arm-none-eabi/lib/thumb/v7e-m+dp/hard\libnosys.a(read.o)
 .ARM.attributes
                0x00000e4c       0x32 c:/program files (x86)/gnu arm embedded toolchain/10 2020-q4-major/bin/../lib/gcc/arm-none-eabi/10.2.1/../../../../arm-none-eabi/lib/thumb/v7e-m+dp/hard\libnosys.a(sbrk.o)
 .ARM.attributes
                0x00000e7e       0x32 c:/program files (x86)/gnu arm embedded toolchain/10 2020-q4-major/bin/../lib/gcc/arm-none-eabi/10.2.1/../../../../arm-none-eabi/lib/thumb/v7e-m+dp/hard\libnosys.a(write.o)
 .ARM.attributes
                0x00000eb0       0x32 c:/program files (x86)/gnu arm embedded toolchain/10 2020-q4-major/bin/../lib/gcc/arm-none-eabi/10.2.1/../../../../arm-none-eabi/lib/thumb/v7e-m+dp/hard\libnosys.a(_exit.o)
 .ARM.attributes
                0x00000ee2       0x1e c:/program files (x86)/gnu arm embedded toolchain/10 2020-q4-major/bin/../lib/gcc/arm-none-eabi/10.2.1/thumb/v7e-m+dp/hard\libgcc.a(_aeabi_uldivmod.o)
 .ARM.attributes
                0x00000f00       0x32 c:/program files (x86)/gnu arm embedded toolchain/10 2020-q4-major/bin/../lib/gcc/arm-none-eabi/10.2.1/thumb/v7e-m+dp/hard\libgcc.a(_udivmoddi4.o)
 .ARM.attributes
                0x00000f32       0x1e c:/program files (x86)/gnu arm embedded toolchain/10 2020-q4-major/bin/../lib/gcc/arm-none-eabi/10.2.1/thumb/v7e-m+dp/hard\libgcc.a(_dvmd_tls.o)
 .ARM.attributes
                0x00000f50       0x1e c:/program files (x86)/gnu arm embedded toolchain/10 2020-q4-major/bin/../lib/gcc/arm-none-eabi/10.2.1/thumb/v7e-m+dp/hard/crtn.o
OUTPUT(build/STM32F767VIT6_Int_Xbee_I2c.elf elf32-littlearm)
LOAD linker stubs
LOAD c:/program files (x86)/gnu arm embedded toolchain/10 2020-q4-major/bin/../lib/gcc/arm-none-eabi/10.2.1/../../../../arm-none-eabi/lib/thumb/v7e-m+dp/hard\libc.a
LOAD c:/program files (x86)/gnu arm embedded toolchain/10 2020-q4-major/bin/../lib/gcc/arm-none-eabi/10.2.1/../../../../arm-none-eabi/lib/thumb/v7e-m+dp/hard\libm.a
LOAD c:/program files (x86)/gnu arm embedded toolchain/10 2020-q4-major/bin/../lib/gcc/arm-none-eabi/10.2.1/thumb/v7e-m+dp/hard\libgcc.a

.debug_info     0x00000000    0x1959a
 .debug_info    0x00000000     0x2bd0 build/main.o
 .debug_info    0x00002bd0      0x8e4 build/stm32f7xx_it.o
 .debug_info    0x000034b4     0x1855 build/stm32f7xx_hal_msp.o
 .debug_info    0x00004d09     0x118b build/BMX160.o
 .debug_info    0x00005e94     0x1432 build/stm32f7xx_hal_cortex.o
 .debug_info    0x000072c6     0x407e build/stm32f7xx_hal_i2c.o
 .debug_info    0x0000b344      0xaca build/stm32f7xx_hal_i2c_ex.o
 .debug_info    0x0000be0e      0xd00 build/stm32f7xx_hal_rcc.o
 .debug_info    0x0000cb0e      0x986 build/stm32f7xx_hal_rcc_ex.o
 .debug_info    0x0000d494      0x876 build/stm32f7xx_hal_gpio.o
 .debug_info    0x0000dd0a      0xbd1 build/stm32f7xx_hal_dma.o
 .debug_info    0x0000e8db      0xb1b build/stm32f7xx_hal_pwr_ex.o
 .debug_info    0x0000f3f6      0xbd7 build/stm32f7xx_hal.o
 .debug_info    0x0000ffcd     0x3a5a build/stm32f7xx_hal_tim.o
 .debug_info    0x00013a27     0x19ab build/stm32f7xx_hal_tim_ex.o
 .debug_info    0x000153d2     0x1ffa build/stm32f7xx_hal_uart.o
 .debug_info    0x000173cc      0x803 build/system_stm32f7xx.o
 .debug_info    0x00017bcf     0x19a9 build/stm32f7xx_ll_tim.o
 .debug_info    0x00019578       0x22 build/startup_stm32f767xx.o

.debug_abbrev   0x00000000     0x2ab6
 .debug_abbrev  0x00000000      0x36d build/main.o
 .debug_abbrev  0x0000036d      0x1a8 build/stm32f7xx_it.o
 .debug_abbrev  0x00000515      0x240 build/stm32f7xx_hal_msp.o
 .debug_abbrev  0x00000755      0x242 build/BMX160.o
 .debug_abbrev  0x00000997      0x382 build/stm32f7xx_hal_cortex.o
 .debug_abbrev  0x00000d19      0x2bd build/stm32f7xx_hal_i2c.o
 .debug_abbrev  0x00000fd6      0x1b5 build/stm32f7xx_hal_i2c_ex.o
 .debug_abbrev  0x0000118b      0x2d2 build/stm32f7xx_hal_rcc.o
 .debug_abbrev  0x0000145d      0x1f4 build/stm32f7xx_hal_rcc_ex.o
 .debug_abbrev  0x00001651      0x22b build/stm32f7xx_hal_gpio.o
 .debug_abbrev  0x0000187c      0x2ff build/stm32f7xx_hal_dma.o
 .debug_abbrev  0x00001b7b      0x1b8 build/stm32f7xx_hal_pwr_ex.o
 .debug_abbrev  0x00001d33      0x209 build/stm32f7xx_hal.o
 .debug_abbrev  0x00001f3c      0x282 build/stm32f7xx_hal_tim.o
 .debug_abbrev  0x000021be      0x27e build/stm32f7xx_hal_tim_ex.o
 .debug_abbrev  0x0000243c      0x286 build/stm32f7xx_hal_uart.o
 .debug_abbrev  0x000026c2      0x12a build/system_stm32f7xx.o
 .debug_abbrev  0x000027ec      0x2b8 build/stm32f7xx_ll_tim.o
 .debug_abbrev  0x00002aa4       0x12 build/startup_stm32f767xx.o

.debug_loc      0x00000000    0x12ebc
 .debug_loc     0x00000000      0x53a build/main.o
 .debug_loc     0x0000053a       0x60 build/stm32f7xx_it.o
 .debug_loc     0x0000059a      0x2ef build/stm32f7xx_hal_msp.o
 .debug_loc     0x00000889      0x293 build/BMX160.o
 .debug_loc     0x00000b1c      0x794 build/stm32f7xx_hal_cortex.o
 .debug_loc     0x000012b0     0x513c build/stm32f7xx_hal_i2c.o
 .debug_loc     0x000063ec      0x19c build/stm32f7xx_hal_i2c_ex.o
 .debug_loc     0x00006588      0x7fa build/stm32f7xx_hal_rcc.o
 .debug_loc     0x00006d82      0x914 build/stm32f7xx_hal_rcc_ex.o
 .debug_loc     0x00007696      0x5e1 build/stm32f7xx_hal_gpio.o
 .debug_loc     0x00007c77      0xd6d build/stm32f7xx_hal_dma.o
 .debug_loc     0x000089e4      0x3dd build/stm32f7xx_hal_pwr_ex.o
 .debug_loc     0x00008dc1      0x1cc build/stm32f7xx_hal.o
 .debug_loc     0x00008f8d     0x4914 build/stm32f7xx_hal_tim.o
 .debug_loc     0x0000d8a1     0x1cd3 build/stm32f7xx_hal_tim_ex.o
 .debug_loc     0x0000f574     0x1efc build/stm32f7xx_hal_uart.o
 .debug_loc     0x00011470      0x184 build/system_stm32f7xx.o
 .debug_loc     0x000115f4     0x18c8 build/stm32f7xx_ll_tim.o

.debug_aranges  0x00000000     0x1058
 .debug_aranges
                0x00000000       0x78 build/main.o
 .debug_aranges
                0x00000078       0x70 build/stm32f7xx_it.o
 .debug_aranges
                0x000000e8       0x50 build/stm32f7xx_hal_msp.o
 .debug_aranges
                0x00000138       0x30 build/BMX160.o
 .debug_aranges
                0x00000168       0xa8 build/stm32f7xx_hal_cortex.o
 .debug_aranges
                0x00000210      0x288 build/stm32f7xx_hal_i2c.o
 .debug_aranges
                0x00000498       0x38 build/stm32f7xx_hal_i2c_ex.o
 .debug_aranges
                0x000004d0       0x88 build/stm32f7xx_hal_rcc.o
 .debug_aranges
                0x00000558       0x50 build/stm32f7xx_hal_rcc_ex.o
 .debug_aranges
                0x000005a8       0x58 build/stm32f7xx_hal_gpio.o
 .debug_aranges
                0x00000600       0x90 build/stm32f7xx_hal_dma.o
 .debug_aranges
                0x00000690       0x80 build/stm32f7xx_hal_pwr_ex.o
 .debug_aranges
                0x00000710      0x110 build/stm32f7xx_hal.o
 .debug_aranges
                0x00000820      0x3b8 build/stm32f7xx_hal_tim.o
 .debug_aranges
                0x00000bd8      0x168 build/stm32f7xx_hal_tim_ex.o
 .debug_aranges
                0x00000d40      0x1f8 build/stm32f7xx_hal_uart.o
 .debug_aranges
                0x00000f38       0x28 build/system_stm32f7xx.o
 .debug_aranges
                0x00000f60       0xd0 build/stm32f7xx_ll_tim.o
 .debug_aranges
                0x00001030       0x28 build/startup_stm32f767xx.o

.debug_ranges   0x00000000     0x10f8
 .debug_ranges  0x00000000       0x80 build/main.o
 .debug_ranges  0x00000080       0x60 build/stm32f7xx_it.o
 .debug_ranges  0x000000e0       0x40 build/stm32f7xx_hal_msp.o
 .debug_ranges  0x00000120       0x20 build/BMX160.o
 .debug_ranges  0x00000140       0xf8 build/stm32f7xx_hal_cortex.o
 .debug_ranges  0x00000238      0x278 build/stm32f7xx_hal_i2c.o
 .debug_ranges  0x000004b0       0x28 build/stm32f7xx_hal_i2c_ex.o
 .debug_ranges  0x000004d8       0x78 build/stm32f7xx_hal_rcc.o
 .debug_ranges  0x00000550       0x40 build/stm32f7xx_hal_rcc_ex.o
 .debug_ranges  0x00000590       0x48 build/stm32f7xx_hal_gpio.o
 .debug_ranges  0x000005d8       0x80 build/stm32f7xx_hal_dma.o
 .debug_ranges  0x00000658       0x70 build/stm32f7xx_hal_pwr_ex.o
 .debug_ranges  0x000006c8      0x100 build/stm32f7xx_hal.o
 .debug_ranges  0x000007c8      0x3a8 build/stm32f7xx_hal_tim.o
 .debug_ranges  0x00000b70      0x158 build/stm32f7xx_hal_tim_ex.o
 .debug_ranges  0x00000cc8      0x1e8 build/stm32f7xx_hal_uart.o
 .debug_ranges  0x00000eb0       0x18 build/system_stm32f7xx.o
 .debug_ranges  0x00000ec8      0x210 build/stm32f7xx_ll_tim.o
 .debug_ranges  0x000010d8       0x20 build/startup_stm32f767xx.o

.debug_line     0x00000000    0x1236d
 .debug_line    0x00000000      0xc35 build/main.o
 .debug_line    0x00000c35      0x333 build/stm32f7xx_it.o
 .debug_line    0x00000f68      0x4d6 build/stm32f7xx_hal_msp.o
 .debug_line    0x0000143e      0x7f7 build/BMX160.o
 .debug_line    0x00001c35      0x797 build/stm32f7xx_hal_cortex.o
 .debug_line    0x000023cc     0x46ab build/stm32f7xx_hal_i2c.o
 .debug_line    0x00006a77      0x3a1 build/stm32f7xx_hal_i2c_ex.o
 .debug_line    0x00006e18      0xc73 build/stm32f7xx_hal_rcc.o
 .debug_line    0x00007a8b      0xc2b build/stm32f7xx_hal_rcc_ex.o
 .debug_line    0x000086b6      0x6fa build/stm32f7xx_hal_gpio.o
 .debug_line    0x00008db0      0xe2e build/stm32f7xx_hal_dma.o
 .debug_line    0x00009bde      0x57a build/stm32f7xx_hal_pwr_ex.o
 .debug_line    0x0000a158      0x5ce build/stm32f7xx_hal.o
 .debug_line    0x0000a726     0x37b2 build/stm32f7xx_hal_tim.o
 .debug_line    0x0000ded8     0x1381 build/stm32f7xx_hal_tim_ex.o
 .debug_line    0x0000f259     0x1f65 build/stm32f7xx_hal_uart.o
 .debug_line    0x000111be      0x2a1 build/system_stm32f7xx.o
 .debug_line    0x0001145f      0xe9a build/stm32f7xx_ll_tim.o
 .debug_line    0x000122f9       0x74 build/startup_stm32f767xx.o

.debug_str      0x00000000     0x56e7
 .debug_str     0x00000000     0x1bec build/main.o
                               0x1d29 (size before relaxing)
 .debug_str     0x00001bec       0xfd build/stm32f7xx_it.o
                                0x786 (size before relaxing)
 .debug_str     0x00001ce9       0xeb build/stm32f7xx_hal_msp.o
                               0x142e (size before relaxing)
 .debug_str     0x00001dd4       0x64 build/BMX160.o
                                0xb4c (size before relaxing)
 .debug_str     0x00001e38      0x599 build/stm32f7xx_hal_cortex.o
                                0xe45 (size before relaxing)
 .debug_str     0x000023d1      0x86f build/stm32f7xx_hal_i2c.o
                                0xfd6 (size before relaxing)
 .debug_str     0x00002c40       0xb2 build/stm32f7xx_hal_i2c_ex.o
                                0x8fb (size before relaxing)
 .debug_str     0x00002cf2      0x206 build/stm32f7xx_hal_rcc.o
                                0x71b (size before relaxing)
 .debug_str     0x00002ef8      0x14c build/stm32f7xx_hal_rcc_ex.o
                                0x733 (size before relaxing)
 .debug_str     0x00003044       0xe1 build/stm32f7xx_hal_gpio.o
                                0x4f7 (size before relaxing)
 .debug_str     0x00003125      0x2a2 build/stm32f7xx_hal_dma.o
                                0x770 (size before relaxing)
 .debug_str     0x000033c7      0x1d3 build/stm32f7xx_hal_pwr_ex.o
                                0x646 (size before relaxing)
 .debug_str     0x0000359a      0x307 build/stm32f7xx_hal.o
                                0xd1e (size before relaxing)
 .debug_str     0x000038a1      0xd47 build/stm32f7xx_hal_tim.o
                               0x1524 (size before relaxing)
 .debug_str     0x000045e8      0x5bc build/stm32f7xx_hal_tim_ex.o
                                0xe36 (size before relaxing)
 .debug_str     0x00004ba4      0x657 build/stm32f7xx_hal_uart.o
                                0xec2 (size before relaxing)
 .debug_str     0x000051fb       0x42 build/system_stm32f7xx.o
                                0x450 (size before relaxing)
 .debug_str     0x0000523d      0x486 build/stm32f7xx_ll_tim.o
                                0x9dd (size before relaxing)
 .debug_str     0x000056c3       0x24 build/startup_stm32f767xx.o
                                 0x64 (size before relaxing)

.comment        0x00000000       0x4d
 .comment       0x00000000       0x4d build/main.o
                                 0x4e (size before relaxing)
 .comment       0x0000004d       0x4e build/stm32f7xx_it.o
 .comment       0x0000004d       0x4e build/stm32f7xx_hal_msp.o
 .comment       0x0000004d       0x4e build/BMX160.o
 .comment       0x0000004d       0x4e build/stm32f7xx_hal_cortex.o
 .comment       0x0000004d       0x4e build/stm32f7xx_hal_i2c.o
 .comment       0x0000004d       0x4e build/stm32f7xx_hal_i2c_ex.o
 .comment       0x0000004d       0x4e build/stm32f7xx_hal_rcc.o
 .comment       0x0000004d       0x4e build/stm32f7xx_hal_rcc_ex.o
 .comment       0x0000004d       0x4e build/stm32f7xx_hal_gpio.o
 .comment       0x0000004d       0x4e build/stm32f7xx_hal_dma.o
 .comment       0x0000004d       0x4e build/stm32f7xx_hal_pwr_ex.o
 .comment       0x0000004d       0x4e build/stm32f7xx_hal.o
 .comment       0x0000004d       0x4e build/stm32f7xx_hal_tim.o
 .comment       0x0000004d       0x4e build/stm32f7xx_hal_tim_ex.o
 .comment       0x0000004d       0x4e build/stm32f7xx_hal_uart.o
 .comment       0x0000004d       0x4e build/system_stm32f7xx.o
 .comment       0x0000004d       0x4e build/stm32f7xx_ll_tim.o

.debug_frame    0x00000000     0x3e64
 .debug_frame   0x00000000      0x160 build/main.o
 .debug_frame   0x00000160       0xd8 build/stm32f7xx_it.o
 .debug_frame   0x00000238       0xcc build/stm32f7xx_hal_msp.o
 .debug_frame   0x00000304       0x60 build/BMX160.o
 .debug_frame   0x00000364      0x148 build/stm32f7xx_hal_cortex.o
 .debug_frame   0x000004ac      0x90c build/stm32f7xx_hal_i2c.o
 .debug_frame   0x00000db8       0x60 build/stm32f7xx_hal_i2c_ex.o
 .debug_frame   0x00000e18      0x178 build/stm32f7xx_hal_rcc.o
 .debug_frame   0x00000f90       0xc0 build/stm32f7xx_hal_rcc_ex.o
 .debug_frame   0x00001050       0xd8 build/stm32f7xx_hal_gpio.o
 .debug_frame   0x00001128      0x188 build/stm32f7xx_hal_dma.o
 .debug_frame   0x000012b0      0x134 build/stm32f7xx_hal_pwr_ex.o
 .debug_frame   0x000013e4      0x22c build/stm32f7xx_hal.o
 .debug_frame   0x00001610      0xacc build/stm32f7xx_hal_tim.o
 .debug_frame   0x000020dc      0x40c build/stm32f7xx_hal_tim_ex.o
 .debug_frame   0x000024e8      0x590 build/stm32f7xx_hal_uart.o
 .debug_frame   0x00002a78       0x3c build/system_stm32f7xx.o
 .debug_frame   0x00002ab4      0x24c build/stm32f7xx_ll_tim.o
 .debug_frame   0x00002d00       0x2c c:/program files (x86)/gnu arm embedded toolchain/10 2020-q4-major/bin/../lib/gcc/arm-none-eabi/10.2.1/../../../../arm-none-eabi/lib/thumb/v7e-m+dp/hard\libc_nano.a(lib_a-init.o)