Archive member included to satisfy reference by file (symbol)

c:/program files (x86)/gnu arm embedded toolchain/10 2020-q4-major/bin/../lib/gcc/arm-none-eabi/10.2.1/../../../../arm-none-eabi/lib/thumb/v7e-m+dp/hard\libc_nano.a(lib_a-exit.o)
                              c:/program files (x86)/gnu arm embedded toolchain/10 2020-q4-major/bin/../lib/gcc/arm-none-eabi/10.2.1/../../../../arm-none-eabi/lib/thumb/v7e-m+dp/hard/crt0.o (exit)
c:/program files (x86)/gnu arm embedded toolchain/10 2020-q4-major/bin/../lib/gcc/arm-none-eabi/10.2.1/../../../../arm-none-eabi/lib/thumb/v7e-m+dp/hard\libc_nano.a(lib_a-impure.o)
                              c:/program files (x86)/gnu arm embedded toolchain/10 2020-q4-major/bin/../lib/gcc/arm-none-eabi/10.2.1/../../../../arm-none-eabi/lib/thumb/v7e-m+dp/hard\libc_nano.a(lib_a-exit.o) (_global_impure_ptr)
c:/program files (x86)/gnu arm embedded toolchain/10 2020-q4-major/bin/../lib/gcc/arm-none-eabi/10.2.1/../../../../arm-none-eabi/lib/thumb/v7e-m+dp/hard\libc_nano.a(lib_a-init.o)
                              c:/program files (x86)/gnu arm embedded toolchain/10 2020-q4-major/bin/../lib/gcc/arm-none-eabi/10.2.1/../../../../arm-none-eabi/lib/thumb/v7e-m+dp/hard/crt0.o (__libc_init_array)
c:/program files (x86)/gnu arm embedded toolchain/10 2020-q4-major/bin/../lib/gcc/arm-none-eabi/10.2.1/../../../../arm-none-eabi/lib/thumb/v7e-m+dp/hard\libc_nano.a(lib_a-memset.o)
                              c:/program files (x86)/gnu arm embedded toolchain/10 2020-q4-major/bin/../lib/gcc/arm-none-eabi/10.2.1/../../../../arm-none-eabi/lib/thumb/v7e-m+dp/hard/crt0.o (memset)
c:/program files (x86)/gnu arm embedded toolchain/10 2020-q4-major/bin/../lib/gcc/arm-none-eabi/10.2.1/../../../../arm-none-eabi/lib/thumb/v7e-m+dp/hard\libc_nano.a(lib_a-nano-vfprintf_float.o)
                              (_printf_float)
c:/program files (x86)/gnu arm embedded toolchain/10 2020-q4-major/bin/../lib/gcc/arm-none-eabi/10.2.1/../../../../arm-none-eabi/lib/thumb/v7e-m+dp/hard\libc_nano.a(lib_a-nano-vfprintf_i.o)
                              c:/program files (x86)/gnu arm embedded toolchain/10 2020-q4-major/bin/../lib/gcc/arm-none-eabi/10.2.1/../../../../arm-none-eabi/lib/thumb/v7e-m+dp/hard\libc_nano.a(lib_a-nano-vfprintf_float.o) (_printf_common)
c:/program files (x86)/gnu arm embedded toolchain/10 2020-q4-major/bin/../lib/gcc/arm-none-eabi/10.2.1/../../../../arm-none-eabi/lib/thumb/v7e-m+dp/hard\libc_nano.a(lib_a-sprintf.o)
                              build/main.o (sprintf)
c:/program files (x86)/gnu arm embedded toolchain/10 2020-q4-major/bin/../lib/gcc/arm-none-eabi/10.2.1/../../../../arm-none-eabi/lib/thumb/v7e-m+dp/hard\libc_nano.a(lib_a-strlen.o)
                              build/main.o (strlen)
c:/program files (x86)/gnu arm embedded toolchain/10 2020-q4-major/bin/../lib/gcc/arm-none-eabi/10.2.1/../../../../arm-none-eabi/lib/thumb/v7e-m+dp/hard\libc_nano.a(lib_a-dtoa.o)
                              c:/program files (x86)/gnu arm embedded toolchain/10 2020-q4-major/bin/../lib/gcc/arm-none-eabi/10.2.1/../../../../arm-none-eabi/lib/thumb/v7e-m+dp/hard\libc_nano.a(lib_a-nano-vfprintf_float.o) (_dtoa_r)
c:/program files (x86)/gnu arm embedded toolchain/10 2020-q4-major/bin/../lib/gcc/arm-none-eabi/10.2.1/../../../../arm-none-eabi/lib/thumb/v7e-m+dp/hard\libc_nano.a(lib_a-localeconv.o)
                              c:/program files (x86)/gnu arm embedded toolchain/10 2020-q4-major/bin/../lib/gcc/arm-none-eabi/10.2.1/../../../../arm-none-eabi/lib/thumb/v7e-m+dp/hard\libc_nano.a(lib_a-nano-vfprintf_float.o) (_localeconv_r)
c:/program files (x86)/gnu arm embedded toolchain/10 2020-q4-major/bin/../lib/gcc/arm-none-eabi/10.2.1/../../../../arm-none-eabi/lib/thumb/v7e-m+dp/hard\libc_nano.a(lib_a-malloc.o)
                              c:/program files (x86)/gnu arm embedded toolchain/10 2020-q4-major/bin/../lib/gcc/arm-none-eabi/10.2.1/../../../../arm-none-eabi/lib/thumb/v7e-m+dp/hard\libc_nano.a(lib_a-dtoa.o) (malloc)
c:/program files (x86)/gnu arm embedded toolchain/10 2020-q4-major/bin/../lib/gcc/arm-none-eabi/10.2.1/../../../../arm-none-eabi/lib/thumb/v7e-m+dp/hard\libc_nano.a(lib_a-memchr.o)
                              c:/program files (x86)/gnu arm embedded toolchain/10 2020-q4-major/bin/../lib/gcc/arm-none-eabi/10.2.1/../../../../arm-none-eabi/lib/thumb/v7e-m+dp/hard\libc_nano.a(lib_a-nano-vfprintf_i.o) (memchr)
c:/program files (x86)/gnu arm embedded toolchain/10 2020-q4-major/bin/../lib/gcc/arm-none-eabi/10.2.1/../../../../arm-none-eabi/lib/thumb/v7e-m+dp/hard\libc_nano.a(lib_a-memcpy-stub.o)
                              c:/program files (x86)/gnu arm embedded toolchain/10 2020-q4-major/bin/../lib/gcc/arm-none-eabi/10.2.1/../../../../arm-none-eabi/lib/thumb/v7e-m+dp/hard\libc_nano.a(lib_a-dtoa.o) (memcpy)
c:/program files (x86)/gnu arm embedded toolchain/10 2020-q4-major/bin/../lib/gcc/arm-none-eabi/10.2.1/../../../../arm-none-eabi/lib/thumb/v7e-m+dp/hard\libc_nano.a(lib_a-mprec.o)
[...]
Memory Configuration

Name             Origin             Length             Attributes
RAM              0x20000000         0x00080000         xrw
FLASH            0x08000000         0x00200000         xr
*default*        0x00000000         0xffffffff

Linker script and memory map

LOAD c:/program files (x86)/gnu arm embedded toolchain/10 2020-q4-major/bin/../lib/gcc/arm-none-eabi/10.2.1/thumb/v7e-m+dp/hard/crti.o
LOAD c:/program files (x86)/gnu arm embedded toolchain/10 2020-q4-major/bin/../lib/gcc/arm-none-eabi/10.2.1/thumb/v7e-m+dp/hard/crtbegin.o
LOAD c:/program files (x86)/gnu arm embedded toolchain/10 2020-q4-major/bin/../lib/gcc/arm-none-eabi/10.2.1/../../../../arm-none-eabi/lib/thumb/v7e-m+dp/hard/crt0.o
LOAD build/main.o
LOAD build/stm32f7xx_it.o
LOAD build/stm32f7xx_hal_msp.o
LOAD build/BMX160.o
LOAD build/stm32f7xx_hal_cortex.o
LOAD build/stm32f7xx_hal_i2c.o
LOAD build/stm32f7xx_hal_i2c_ex.o
LOAD build/stm32f7xx_hal_rcc.o
LOAD build/stm32f7xx_hal_rcc_ex.o
LOAD build/stm32f7xx_hal_flash.o
LOAD build/stm32f7xx_hal_flash_ex.o
LOAD build/stm32f7xx_hal_gpio.o
LOAD build/stm32f7xx_hal_dma.o
LOAD build/stm32f7xx_hal_dma_ex.o
LOAD build/stm32f7xx_hal_pwr.o
LOAD build/stm32f7xx_hal_pwr_ex.o
LOAD build/stm32f7xx_hal.o
LOAD build/stm32f7xx_hal_exti.o
LOAD build/stm32f7xx_hal_tim.o
LOAD build/stm32f7xx_hal_tim_ex.o
LOAD build/stm32f7xx_hal_uart.o
LOAD build/stm32f7xx_hal_uart_ex.o
LOAD build/system_stm32f7xx.o
LOAD build/stm32f7xx_ll_rcc.o
LOAD build/stm32f7xx_ll_utils.o
LOAD build/stm32f7xx_ll_exti.o
LOAD build/stm32f7xx_ll_tim.o
LOAD build/stm32f7xx_ll_gpio.o
LOAD build/stm32f7xx_ll_dma.o
LOAD build/startup_stm32f767xx.o
LOAD c:/program files (x86)/gnu arm embedded toolchain/10 2020-q4-major/bin/../lib/gcc/arm-none-eabi/10.2.1/../../../../arm-none-eabi/lib/thumb/v7e-m+dp/hard\libc_nano.a
LOAD c:/program files (x86)/gnu arm embedded toolchain/10 2020-q4-major/bin/../lib/gcc/arm-none-eabi/10.2.1/../../../../arm-none-eabi/lib/thumb/v7e-m+dp/hard\libm.a
LOAD c:/program files (x86)/gnu arm embedded toolchain/10 2020-q4-major/bin/../lib/gcc/arm-none-eabi/10.2.1/../../../../arm-none-eabi/lib/thumb/v7e-m+dp/hard\libnosys.a
START GROUP
LOAD c:/program files (x86)/gnu arm embedded toolchain/10 2020-q4-major/bin/../lib/gcc/arm-none-eabi/10.2.1/thumb/v7e-m+dp/hard\libgcc.a
LOAD c:/program files (x86)/gnu arm embedded toolchain/10 2020-q4-major/bin/../lib/gcc/arm-none-eabi/10.2.1/../../../../arm-none-eabi/lib/thumb/v7e-m+dp/hard\libc_nano.a
END GROUP
START GROUP
LOAD c:/program files (x86)/gnu arm embedded toolchain/10 2020-q4-major/bin/../lib/gcc/arm-none-eabi/10.2.1/thumb/v7e-m+dp/hard\libgcc.a
LOAD c:/program files (x86)/gnu arm embedded toolchain/10 2020-q4-major/bin/../lib/gcc/arm-none-eabi/10.2.1/../../../../arm-none-eabi/lib/thumb/v7e-m+dp/hard\libc_nano.a
END GROUP
LOAD c:/program files (x86)/gnu arm embedded toolchain/10 2020-q4-major/bin/../lib/gcc/arm-none-eabi/10.2.1/thumb/v7e-m+dp/hard/crtend.o
LOAD c:/program files (x86)/gnu arm embedded toolchain/10 2020-q4-major/bin/../lib/gcc/arm-none-eabi/10.2.1/thumb/v7e-m+dp/hard/crtn.o
                0x20080000                _estack = 0x20080000
                0x00000200                _Min_Heap_Size = 0x200
                0x00000400                _Min_Stack_Size = 0x400

.isr_vector     0x08000000      0x1f8
                0x08000000                . = ALIGN (0x4)
 *(.isr_vector)
 .isr_vector    0x08000000      0x1f8 build/startup_stm32f767xx.o
                0x08000000                g_pfnVectors
                0x080001f8                . = ALIGN (0x4)

.text           0x08000200     0x621c
                0x08000200                . = ALIGN (0x4)
 *(.text)
 .text          0x08000200       0x40 c:/program files (x86)/gnu arm embedded toolchain/10 2020-q4-major/bin/../lib/gcc/arm-none-eabi/10.2.1/thumb/v7e-m+dp/hard/crtbegin.o
 .text          0x08000240       0x10 c:/program files (x86)/gnu arm embedded toolchain/10 2020-q4-major/bin/../lib/gcc/arm-none-eabi/10.2.1/../../../../arm-none-eabi/lib/thumb/v7e-m+dp/hard\libc_nano.a(lib_a-strlen.o)
                0x08000240                strlen
 .text          0x08000250       0xa0 c:/program files (x86)/gnu arm embedded toolchain/10 2020-q4-major/bin/../lib/gcc/arm-none-eabi/10.2.1/../../../../arm-none-eabi/lib/thumb/v7e-m+dp/hard\libc_nano.a(lib_a-memchr.o)
                0x08000250                memchr
 .text          0x080002f0       0x30 c:/program files (x86)/gnu arm embedded toolchain/10 2020-q4-major/bin/../lib/gcc/arm-none-eabi/10.2.1/thumb/v7e-m+dp/hard\libgcc.a(_aeabi_uldivmod.o)
                0x080002f0                __aeabi_uldivmod
 .text          0x08000320      0x2d0 c:/program files (x86)/gnu arm embedded toolchain/10 2020-q4-major/bin/../lib/gcc/arm-none-eabi/10.2.1/thumb/v7e-m+dp/hard\libgcc.a(_udivmoddi4.o)
                0x08000320                __udivmoddi4
 .text          0x080005f0        0x4 c:/program files (x86)/gnu arm embedded toolchain/10 2020-q4-major/bin/../lib/gcc/arm-none-eabi/10.2.1/thumb/v7e-m+dp/hard\libgcc.a(_dvmd_tls.o)
                0x080005f0                __aeabi_idiv0
                0x080005f0                __aeabi_ldiv0
 *(.text*)
 .text.MX_GPIO_Init
                0x080005f4       0x88 build/main.o
 .text.MX_DMA_Init
                0x0800067c       0x34 build/main.o
 .text.MX_I2C4_Init
                0x080006b0       0x44 build/main.o
 .text.MX_TIM2_Init
                0x080006f4       0x54 build/main.o
 .text.MX_UART4_Init
                0x08000748       0x30 build/main.o
 .text.MX_UART7_Init
                0x08000778       0x38 build/main.o
 .text.MX_TIM1_Init
                0x080007b0       0x74 build/main.o
 .text.SystemClock_Config
                0x08000824       0xb4 build/main.o
                0x08000824                SystemClock_Config
 .text.BMX_Init
                0x080008d8      0x2e0 build/main.o
                0x080008d8                BMX_Init
 .text.main     0x08000bb8       0x7c build/main.o
                0x08000bb8                main
 .text.HAL_TIM_PeriodElapsedCallback
                0x08000c34       0x94 build/main.o
                0x08000c34                HAL_TIM_PeriodElapsedCallback
 .text.Error_Handler
                0x08000cc8        0x2 build/main.o
                0x08000cc8                Error_Handler
 .text.NMI_Handler
                0x08000cca        0x2 build/stm32f7xx_it.o
                0x08000cca                NMI_Handler
 .text.HardFault_Handler
                0x08000ccc        0x2 build/stm32f7xx_it.o
                0x08000ccc                HardFault_Handler
 .text.MemManage_Handler
                0x08000cce        0x2 build/stm32f7xx_it.o
                0x08000cce                MemManage_Handler
 .text.BusFault_Handler
                0x08000cd0        0x2 build/stm32f7xx_it.o
                0x08000cd0                BusFault_Handler
 .text.UsageFault_Handler
                0x08000cd2        0x2 build/stm32f7xx_it.o
                0x08000cd2                UsageFault_Handler
 .text.SVC_Handler
                0x08000cd4        0x2 build/stm32f7xx_it.o
                0x08000cd4                SVC_Handler
 .text.DebugMon_Handler
                0x08000cd6        0x2 build/stm32f7xx_it.o
                0x08000cd6                DebugMon_Handler
 .text.PendSV_Handler
                0x08000cd8        0x2 build/stm32f7xx_it.o
                0x08000cd8                PendSV_Handler
 .text.SysTick_Handler
                0x08000cda        0x8 build/stm32f7xx_it.o
                0x08000cda                SysTick_Handler
 *fill*         0x08000ce2        0x2 
 .text.DMA1_Stream3_IRQHandler
                0x08000ce4       0x10 build/stm32f7xx_it.o
                0x08000ce4                DMA1_Stream3_IRQHandler
 .text.TIM2_IRQHandler
                0x08000cf4       0x10 build/stm32f7xx_it.o
                0x08000cf4                TIM2_IRQHandler
 .text.HAL_MspInit
                0x08000d04       0x30 build/stm32f7xx_hal_msp.o
                0x08000d04                HAL_MspInit
 .text.HAL_I2C_MspInit
                0x08000d34       0x6c build/stm32f7xx_hal_msp.o
                0x08000d34                HAL_I2C_MspInit
 .text.HAL_TIM_Base_MspInit
                0x08000da0       0x3a build/stm32f7xx_hal_msp.o
                0x08000da0                HAL_TIM_Base_MspInit
 *fill*         0x08000dda        0x2 
 .text.HAL_UART_MspInit
                0x08000ddc       0xf8 build/stm32f7xx_hal_msp.o
                0x08000ddc                HAL_UART_MspInit
 .text.BMX_read
                0x08000ed4       0xbc build/BMX160.o
                0x08000ed4                BMX_read
 .text.HAL_NVIC_SetPriorityGrouping
                0x08000f90       0x24 build/stm32f7xx_hal_cortex.o
                0x08000f90                HAL_NVIC_SetPriorityGrouping
 .text.HAL_NVIC_SetPriority
                0x08000fb4       0x6c build/stm32f7xx_hal_cortex.o
                0x08000fb4                HAL_NVIC_SetPriority
 .text.HAL_NVIC_EnableIRQ
                0x08001020       0x1c build/stm32f7xx_hal_cortex.o
                0x08001020                HAL_NVIC_EnableIRQ
 .text.HAL_SYSTICK_Config
                0x0800103c       0x28 build/stm32f7xx_hal_cortex.o
                0x0800103c                HAL_SYSTICK_Config
 .text.I2C_Flush_TXDR
                0x08001064       0x22 build/stm32f7xx_hal_i2c.o
 .text.I2C_TransferConfig
                0x08001086       0x38 build/stm32f7xx_hal_i2c.o
 .text.I2C_IsAcknowledgeFailed
                0x080010be       0x90 build/stm32f7xx_hal_i2c.o
 .text.I2C_WaitOnTXISFlagUntilTimeout
                0x0800114e       0x56 build/stm32f7xx_hal_i2c.o
 .text.I2C_WaitOnFlagUntilTimeout
                0x080011a4       0x5a build/stm32f7xx_hal_i2c.o
 .text.I2C_WaitOnSTOPFlagUntilTimeout
                0x080011fe       0x50 build/stm32f7xx_hal_i2c.o
 .text.I2C_WaitOnRXNEFlagUntilTimeout
                0x0800124e       0x98 build/stm32f7xx_hal_i2c.o
 *fill*         0x080012e6        0x2 
 .text.HAL_I2C_Init
                0x080012e8       0xbc build/stm32f7xx_hal_i2c.o
                0x080012e8                HAL_I2C_Init
 .text.HAL_I2C_Master_Transmit
                0x080013a4      0x17c build/stm32f7xx_hal_i2c.o
                0x080013a4                HAL_I2C_Master_Transmit
 .text.HAL_I2C_Master_Receive
                0x08001520      0x17c build/stm32f7xx_hal_i2c.o
                0x08001520                HAL_I2C_Master_Receive
 .text.HAL_I2CEx_ConfigAnalogFilter
                0x0800169c       0x5c build/stm32f7xx_hal_i2c_ex.o
                0x0800169c                HAL_I2CEx_ConfigAnalogFilter
 .text.HAL_I2CEx_ConfigDigitalFilter
                0x080016f8       0x58 build/stm32f7xx_hal_i2c_ex.o
                0x080016f8                HAL_I2CEx_ConfigDigitalFilter
 .text.HAL_RCC_OscConfig
                0x08001750      0x3d4 build/stm32f7xx_hal_rcc.o
                0x08001750                HAL_RCC_OscConfig
 .text.HAL_RCC_GetSysClockFreq
                0x08001b24       0xc8 build/stm32f7xx_hal_rcc.o
                0x08001b24                HAL_RCC_GetSysClockFreq
 .text.HAL_RCC_ClockConfig
                0x08001bec      0x164 build/stm32f7xx_hal_rcc.o
                0x08001bec                HAL_RCC_ClockConfig
 .text.HAL_RCC_GetHCLKFreq
                0x08001d50        0xc build/stm32f7xx_hal_rcc.o
                0x08001d50                HAL_RCC_GetHCLKFreq
 .text.HAL_RCC_GetPCLK1Freq
                0x08001d5c       0x20 build/stm32f7xx_hal_rcc.o
                0x08001d5c                HAL_RCC_GetPCLK1Freq
 .text.HAL_RCC_GetPCLK2Freq
                0x08001d7c       0x20 build/stm32f7xx_hal_rcc.o
                0x08001d7c                HAL_RCC_GetPCLK2Freq
 .text.HAL_RCCEx_PeriphCLKConfig
                0x08001d9c      0x604 build/stm32f7xx_hal_rcc_ex.o
                0x08001d9c                HAL_RCCEx_PeriphCLKConfig
 .text.HAL_GPIO_Init
                0x080023a0      0x1e0 build/stm32f7xx_hal_gpio.o
                0x080023a0                HAL_GPIO_Init
 .text.HAL_GPIO_WritePin
                0x08002580        0xc build/stm32f7xx_hal_gpio.o
                0x08002580                HAL_GPIO_WritePin
 .text.HAL_GPIO_TogglePin
                0x0800258c       0x12 build/stm32f7xx_hal_gpio.o
                0x0800258c                HAL_GPIO_TogglePin
 *fill*         0x0800259e        0x2 
 .text.DMA_CalcBaseAndBitshift
                0x080025a0       0x40 build/stm32f7xx_hal_dma.o
 .text.DMA_CheckFifoParam
                0x080025e0       0x8e build/stm32f7xx_hal_dma.o
 *fill*         0x0800266e        0x2 
 .text.HAL_DMA_Init
                0x08002670       0xcc build/stm32f7xx_hal_dma.o
                0x08002670                HAL_DMA_Init
 .text.HAL_DMA_IRQHandler
                0x0800273c      0x1dc build/stm32f7xx_hal_dma.o
                0x0800273c                HAL_DMA_IRQHandler
 .text.HAL_PWREx_EnableOverDrive
                0x08002918       0x7c build/stm32f7xx_hal_pwr_ex.o
                0x08002918                HAL_PWREx_EnableOverDrive
 .text.HAL_InitTick
                0x08002994       0x4c build/stm32f7xx_hal.o
                0x08002994                HAL_InitTick
 .text.HAL_Init
                0x080029e0       0x16 build/stm32f7xx_hal.o
                0x080029e0                HAL_Init
 *fill*         0x080029f6        0x2 
 .text.HAL_IncTick
                0x080029f8       0x18 build/stm32f7xx_hal.o
                0x080029f8                HAL_IncTick
 .text.HAL_GetTick
                0x08002a10        0xc build/stm32f7xx_hal.o
                0x08002a10                HAL_GetTick
 .text.HAL_Delay
                0x08002a1c       0x28 build/stm32f7xx_hal.o
                0x08002a1c                HAL_Delay
 .text.TIM_TI1_ConfigInputStage
                0x08002a44       0x26 build/stm32f7xx_hal_tim.o
 .text.TIM_TI2_ConfigInputStage
                0x08002a6a       0x28 build/stm32f7xx_hal_tim.o
 .text.TIM_ITRx_SetConfig
                0x08002a92       0x10 build/stm32f7xx_hal_tim.o
 *fill*         0x08002aa2        0x2 
 .text.HAL_TIM_Base_Start_IT
                0x08002aa4       0x2c build/stm32f7xx_hal_tim.o
                0x08002aa4                HAL_TIM_Base_Start_IT
 .text.HAL_TIM_OC_DelayElapsedCallback
                0x08002ad0        0x2 build/stm32f7xx_hal_tim.o
                0x08002ad0                HAL_TIM_OC_DelayElapsedCallback
 .text.HAL_TIM_IC_CaptureCallback
                0x08002ad2        0x2 build/stm32f7xx_hal_tim.o
                0x08002ad2                HAL_TIM_IC_CaptureCallback
 .text.HAL_TIM_PWM_PulseFinishedCallback
                0x08002ad4        0x2 build/stm32f7xx_hal_tim.o
                0x08002ad4                HAL_TIM_PWM_PulseFinishedCallback
 .text.HAL_TIM_TriggerCallback
                0x08002ad6        0x2 build/stm32f7xx_hal_tim.o
                0x08002ad6                HAL_TIM_TriggerCallback
 .text.HAL_TIM_IRQHandler
                0x08002ad8      0x19a build/stm32f7xx_hal_tim.o
                0x08002ad8                HAL_TIM_IRQHandler
 *fill*         0x08002c72        0x2 
 .text.TIM_Base_SetConfig
                0x08002c74      0x110 build/stm32f7xx_hal_tim.o
                0x08002c74                TIM_Base_SetConfig
 .text.HAL_TIM_Base_Init
                0x08002d84       0x34 build/stm32f7xx_hal_tim.o
                0x08002d84                HAL_TIM_Base_Init
 .text.TIM_ETR_SetConfig
                0x08002db8       0x1a build/stm32f7xx_hal_tim.o
                0x08002db8                TIM_ETR_SetConfig
 *fill*         0x08002dd2        0x2 
 .text.HAL_TIM_ConfigClockSource
                0x08002dd4       0xdc build/stm32f7xx_hal_tim.o
                0x08002dd4                HAL_TIM_ConfigClockSource
 .text.HAL_TIMEx_MasterConfigSynchronization
                0x08002eb0       0x68 build/stm32f7xx_hal_tim_ex.o
                0x08002eb0                HAL_TIMEx_MasterConfigSynchronization
 .text.HAL_TIMEx_CommutCallback
                0x08002f18        0x2 build/stm32f7xx_hal_tim_ex.o
                0x08002f18                HAL_TIMEx_CommutCallback
 .text.HAL_TIMEx_BreakCallback
                0x08002f1a        0x2 build/stm32f7xx_hal_tim_ex.o
                0x08002f1a                HAL_TIMEx_BreakCallback
 .text.HAL_TIMEx_Break2Callback
                0x08002f1c        0x2 build/stm32f7xx_hal_tim_ex.o
                0x08002f1c                HAL_TIMEx_Break2Callback
 *fill*         0x08002f1e        0x2 
 .text.UART_SetConfig
                0x08002f20      0x3a0 build/stm32f7xx_hal_uart.o
                0x08002f20                UART_SetConfig
 .text.UART_AdvFeatureConfig
                0x080032c0       0xca build/stm32f7xx_hal_uart.o
                0x080032c0                UART_AdvFeatureConfig
 .text.UART_WaitOnFlagUntilTimeout
                0x0800338a       0x68 build/stm32f7xx_hal_uart.o
                0x0800338a                UART_WaitOnFlagUntilTimeout
 .text.HAL_UART_Transmit
                0x080033f2       0xd2 build/stm32f7xx_hal_uart.o
                0x080033f2                HAL_UART_Transmit
 .text.UART_CheckIdleState
                0x080034c4       0x44 build/stm32f7xx_hal_uart.o
                0x080034c4                UART_CheckIdleState
 .text.HAL_UART_Init
                0x08003508       0x62 build/stm32f7xx_hal_uart.o
                0x08003508                HAL_UART_Init
 *fill*         0x0800356a        0x2 
 .text.SystemInit
                0x0800356c       0x50 build/system_stm32f7xx.o
                0x0800356c                SystemInit
 .text.LL_TIM_Init
                0x080035bc      0x110 build/stm32f7xx_ll_tim.o
                0x080035bc                LL_TIM_Init
 .text.Reset_Handler
                0x080036cc       0x50 build/startup_stm32f767xx.o
                0x080036cc                Reset_Handler
 .text.Default_Handler
                0x0800371c        0x2 build/startup_stm32f767xx.o
                0x0800371c                RTC_Alarm_IRQHandler
                0x0800371c                EXTI2_IRQHandler
                0x0800371c                TIM8_CC_IRQHandler
                0x0800371c                UART8_IRQHandler
                0x0800371c                SPI4_IRQHandler
                0x0800371c                TIM1_CC_IRQHandler
                0x0800371c                DMA2_Stream5_IRQHandler
                0x0800371c                JPEG_IRQHandler
                0x0800371c                DMA1_Stream5_IRQHandler
                0x0800371c                CAN3_RX1_IRQHandler
                0x0800371c                PVD_IRQHandler
                0x0800371c                TAMP_STAMP_IRQHandler
                0x0800371c                CAN2_RX1_IRQHandler
                0x0800371c                EXTI3_IRQHandler
                0x0800371c                TIM8_TRG_COM_TIM14_IRQHandler
                0x0800371c                DFSDM1_FLT1_IRQHandler
                0x0800371c                TIM1_UP_TIM10_IRQHandler
                0x0800371c                TIM8_UP_TIM13_IRQHandler
                0x0800371c                I2C3_ER_IRQHandler
                0x0800371c                DFSDM1_FLT2_IRQHandler
                0x0800371c                EXTI0_IRQHandler
                0x0800371c                I2C2_EV_IRQHandler
                0x0800371c                DMA1_Stream2_IRQHandler
                0x0800371c                CAN1_RX0_IRQHandler
                0x0800371c                FPU_IRQHandler
                0x0800371c                OTG_HS_WKUP_IRQHandler
                0x0800371c                CAN3_SCE_IRQHandler
                0x0800371c                LTDC_ER_IRQHandler
                0x0800371c                CAN2_SCE_IRQHandler
                0x0800371c                DMA2_Stream2_IRQHandler
                0x0800371c                SPI1_IRQHandler
                0x0800371c                TIM6_DAC_IRQHandler
                0x0800371c                TIM1_BRK_TIM9_IRQHandler
                0x0800371c                DCMI_IRQHandler
                0x0800371c                CAN2_RX0_IRQHandler
                0x0800371c                DMA2_Stream3_IRQHandler
                0x0800371c                SAI2_IRQHandler
                0x0800371c                DFSDM1_FLT3_IRQHandler
                0x0800371c                USART6_IRQHandler
                0x0800371c                CAN3_RX0_IRQHandler
                0x0800371c                USART3_IRQHandler
                0x0800371c                CAN1_RX1_IRQHandler
                0x0800371c                UART5_IRQHandler
                0x0800371c                DMA2_Stream0_IRQHandler
                0x0800371c                TIM4_IRQHandler
                0x0800371c                QUADSPI_IRQHandler
                0x0800371c                I2C1_EV_IRQHandler
                0x0800371c                DMA1_Stream6_IRQHandler
                0x0800371c                DMA1_Stream1_IRQHandler
                0x0800371c                UART4_IRQHandler
                0x0800371c                TIM3_IRQHandler
                0x0800371c                RCC_IRQHandler
                0x0800371c                TIM8_BRK_TIM12_IRQHandler
                0x0800371c                Default_Handler
                0x0800371c                CEC_IRQHandler
                0x0800371c                EXTI15_10_IRQHandler
                0x0800371c                ADC_IRQHandler
                0x0800371c                DMA1_Stream7_IRQHandler
                0x0800371c                SPI5_IRQHandler
                0x0800371c                TIM7_IRQHandler
                0x0800371c                SDMMC1_IRQHandler
                0x0800371c                CAN2_TX_IRQHandler
                0x0800371c                TIM5_IRQHandler
                0x0800371c                DMA2_Stream7_IRQHandler
                0x0800371c                I2C3_EV_IRQHandler
                0x0800371c                EXTI9_5_IRQHandler
                0x0800371c                RTC_WKUP_IRQHandler
                0x0800371c                LTDC_IRQHandler
                0x0800371c                ETH_WKUP_IRQHandler
                0x0800371c                SPDIF_RX_IRQHandler
                0x0800371c                SPI2_IRQHandler
                0x0800371c                OTG_HS_EP1_IN_IRQHandler
                0x0800371c                DMA1_Stream0_IRQHandler
                0x0800371c                CAN1_TX_IRQHandler
                0x0800371c                EXTI4_IRQHandler
                0x0800371c                RNG_IRQHandler
                0x0800371c                ETH_IRQHandler
                0x0800371c                OTG_HS_EP1_OUT_IRQHandler
                0x0800371c                WWDG_IRQHandler
                0x0800371c                SPI6_IRQHandler
                0x0800371c                MDIOS_IRQHandler
                0x0800371c                I2C4_EV_IRQHandler
                0x0800371c                CAN3_TX_IRQHandler
                0x0800371c                OTG_FS_WKUP_IRQHandler
                0x0800371c                TIM1_TRG_COM_TIM11_IRQHandler
                0x0800371c                OTG_HS_IRQHandler
                0x0800371c                DMA2D_IRQHandler
                0x0800371c                EXTI1_IRQHandler
                0x0800371c                SDMMC2_IRQHandler
                0x0800371c                UART7_IRQHandler
                0x0800371c                USART2_IRQHandler
                0x0800371c                DFSDM1_FLT0_IRQHandler
                0x0800371c                I2C2_ER_IRQHandler
                0x0800371c                DMA2_Stream1_IRQHandler
                0x0800371c                CAN1_SCE_IRQHandler
                0x0800371c                FLASH_IRQHandler
                0x0800371c                DMA2_Stream4_IRQHandler
                0x0800371c                USART1_IRQHandler
                0x0800371c                OTG_FS_IRQHandler
                0x0800371c                SPI3_IRQHandler
                0x0800371c                DMA1_Stream4_IRQHandler
                0x0800371c                I2C1_ER_IRQHandler
                0x0800371c                FMC_IRQHandler
                0x0800371c                LPTIM1_IRQHandler
                0x0800371c                I2C4_ER_IRQHandler
                0x0800371c                DMA2_Stream6_IRQHandler
                0x0800371c                SAI1_IRQHandler
 *fill*         0x0800371e        0x2 
 .text.__libc_init_array
                0x08003720       0x48 c:/program files (x86)/gnu arm embedded toolchain/10 2020-q4-major/bin/../lib/gcc/arm-none-eabi/10.2.1/../../../../arm-none-eabi/lib/thumb/v7e-m+dp/hard\libc_nano.a(lib_a-init.o)
                0x08003720                __libc_init_array
 .text.memset   0x08003768       0x10 c:/program files (x86)/gnu arm embedded toolchain/10 2020-q4-major/bin/../lib/gcc/arm-none-eabi/10.2.1/../../../../arm-none-eabi/lib/thumb/v7e-m+dp/hard\libc_nano.a(lib_a-memset.o)
                0x08003768                memset
 .text.__cvt    0x08003778       0xa4 c:/program files (x86)/gnu arm embedded toolchain/10 2020-q4-major/bin/../lib/gcc/arm-none-eabi/10.2.1/../../../../arm-none-eabi/lib/thumb/v7e-m+dp/hard\libc_nano.a(lib_a-nano-vfprintf_float.o)
                0x08003778                __cvt
 .text.__exponent
                0x0800381c       0x7c c:/program files (x86)/gnu arm embedded toolchain/10 2020-q4-major/bin/../lib/gcc/arm-none-eabi/10.2.1/../../../../arm-none-eabi/lib/thumb/v7e-m+dp/hard\libc_nano.a(lib_a-nano-vfprintf_float.o)
                0x0800381c                __exponent
 .text._printf_float
                0x08003898      0x43c c:/program files (x86)/gnu arm embedded toolchain/10 2020-q4-major/bin/../lib/gcc/arm-none-eabi/10.2.1/../../../../arm-none-eabi/lib/thumb/v7e-m+dp/hard\libc_nano.a(lib_a-nano-vfprintf_float.o)
                0x08003898                _printf_float
 .text._printf_common
                0x08003cd4       0xda c:/program files (x86)/gnu arm embedded toolchain/10 2020-q4-major/bin/../lib/gcc/arm-none-eabi/10.2.1/../../../../arm-none-eabi/lib/thumb/v7e-m+dp/hard\libc_nano.a(lib_a-nano-vfprintf_i.o)
                0x08003cd4                _printf_common
 *fill*         0x08003dae        0x2 
 .text._printf_i
                0x08003db0      0x24c c:/program files (x86)/gnu arm embedded toolchain/10 2020-q4-major/bin/../lib/gcc/arm-none-eabi/10.2.1/../../../../arm-none-eabi/lib/thumb/v7e-m+dp/hard\libc_nano.a(lib_a-nano-vfprintf_i.o)
                0x08003db0                _printf_i
 .text.sprintf  0x08003ffc       0x40 c:/program files (x86)/gnu arm embedded toolchain/10 2020-q4-major/bin/../lib/gcc/arm-none-eabi/10.2.1/../../../../arm-none-eabi/lib/thumb/v7e-m+dp/hard\libc_nano.a(lib_a-sprintf.o)
                0x08003ffc                siprintf
                0x08003ffc                sprintf
 .text.quorem   0x0800403c      0x116 c:/program files (x86)/gnu arm embedded toolchain/10 2020-q4-major/bin/../lib/gcc/arm-none-eabi/10.2.1/../../../../arm-none-eabi/lib/thumb/v7e-m+dp/hard\libc_nano.a(lib_a-dtoa.o)
 *fill*         0x08004152        0x6 
 .text._dtoa_r  0x08004158      0xae0 c:/program files (x86)/gnu arm embedded toolchain/10 2020-q4-major/bin/../lib/gcc/arm-none-eabi/10.2.1/../../../../arm-none-eabi/lib/thumb/v7e-m+dp/hard\libc_nano.a(lib_a-dtoa.o)
                0x08004158                _dtoa_r
 .text._localeconv_r
                0x08004c38        0x8 c:/program files (x86)/gnu arm embedded toolchain/10 2020-q4-major/bin/../lib/gcc/arm-none-eabi/10.2.1/../../../../arm-none-eabi/lib/thumb/v7e-m+dp/hard\libc_nano.a(lib_a-localeconv.o)
                0x08004c38                _localeconv_r
 .text.malloc   0x08004c40       0x10 c:/program files (x86)/gnu arm embedded toolchain/10 2020-q4-major/bin/../lib/gcc/arm-none-eabi/10.2.1/../../../../arm-none-eabi/lib/thumb/v7e-m+dp/hard\libc_nano.a(lib_a-malloc.o)
                0x08004c40                malloc
 .text.memcpy   0x08004c50       0x1c c:/program files (x86)/gnu arm embedded toolchain/10 2020-q4-major/bin/../lib/gcc/arm-none-eabi/10.2.1/../../../../arm-none-eabi/lib/thumb/v7e-m+dp/hard\libc_nano.a(lib_a-memcpy-stub.o)
                0x08004c50                memcpy
 .text._Balloc  0x08004c6c       0x80 c:/program files (x86)/gnu arm embedded toolchain/10 2020-q4-major/bin/../lib/gcc/arm-none-eabi/10.2.1/../../../../arm-none-eabi/lib/thumb/v7e-m+dp/hard\libc_nano.a(lib_a-mprec.o)
                0x08004c6c                _Balloc
 .text._Bfree   0x08004cec       0x44 c:/program files (x86)/gnu arm embedded toolchain/10 2020-q4-major/bin/../lib/gcc/arm-none-eabi/10.2.1/../../../../arm-none-eabi/lib/thumb/v7e-m+dp/hard\libc_nano.a(lib_a-mprec.o)
                0x08004cec                _Bfree
 .text.__multadd
                0x08004d30       0x8c c:/program files (x86)/gnu arm embedded toolchain/10 2020-q4-major/bin/../lib/gcc/arm-none-eabi/10.2.1/../../../../arm-none-eabi/lib/thumb/v7e-m+dp/hard\libc_nano.a(lib_a-mprec.o)
                0x08004d30                __multadd
 .text.__hi0bits
                0x08004dbc       0x40 c:/program files (x86)/gnu arm embedded toolchain/10 2020-q4-major/bin/../lib/gcc/arm-none-eabi/10.2.1/../../../../arm-none-eabi/lib/thumb/v7e-m+dp/hard\libc_nano.a(lib_a-mprec.o)
                0x08004dbc                __hi0bits
 .text.__lo0bits
                0x08004dfc       0x5e c:/program files (x86)/gnu arm embedded toolchain/10 2020-q4-major/bin/../lib/gcc/arm-none-eabi/10.2.1/../../../../arm-none-eabi/lib/thumb/v7e-m+dp/hard\libc_nano.a(lib_a-mprec.o)
                0x08004dfc                __lo0bits
 *fill*         0x08004e5a        0x2 
 .text.__i2b    0x08004e5c       0x2c c:/program files (x86)/gnu arm embedded toolchain/10 2020-q4-major/bin/../lib/gcc/arm-none-eabi/10.2.1/../../../../arm-none-eabi/lib/thumb/v7e-m+dp/hard\libc_nano.a(lib_a-mprec.o)
                0x08004e5c                __i2b
 .text.__multiply
                0x08004e88      0x154 c:/program files (x86)/gnu arm embedded toolchain/10 2020-q4-major/bin/../lib/gcc/arm-none-eabi/10.2.1/../../../../arm-none-eabi/lib/thumb/v7e-m+dp/hard\libc_nano.a(lib_a-mprec.o)
                0x08004e88                __multiply
 .text.__pow5mult
                0x08004fdc       0xb4 c:/program files (x86)/gnu arm embedded toolchain/10 2020-q4-major/bin/../lib/gcc/arm-none-eabi/10.2.1/../../../../arm-none-eabi/lib/thumb/v7e-m+dp/hard\libc_nano.a(lib_a-mprec.o)
                0x08004fdc                __pow5mult
 .text.__lshift
                0x08005090       0xe0 c:/program files (x86)/gnu arm embedded toolchain/10 2020-q4-major/bin/../lib/gcc/arm-none-eabi/10.2.1/../../../../arm-none-eabi/lib/thumb/v7e-m+dp/hard\libc_nano.a(lib_a-mprec.o)
                0x08005090                __lshift
 .text.__mcmp   0x08005170       0x38 c:/program files (x86)/gnu arm embedded toolchain/10 2020-q4-major/bin/../lib/gcc/arm-none-eabi/10.2.1/../../../../arm-none-eabi/lib/thumb/v7e-m+dp/hard\libc_nano.a(lib_a-mprec.o)
                0x08005170                __mcmp
 .text.__mdiff  0x080051a8      0x114 c:/program files (x86)/gnu arm embedded toolchain/10 2020-q4-major/bin/../lib/gcc/arm-none-eabi/10.2.1/../../../../arm-none-eabi/lib/thumb/v7e-m+dp/hard\libc_nano.a(lib_a-mprec.o)
                0x080051a8                __mdiff
 .text.__d2b    0x080052bc       0xb8 c:/program files (x86)/gnu arm embedded toolchain/10 2020-q4-major/bin/../lib/gcc/arm-none-eabi/10.2.1/../../../../arm-none-eabi/lib/thumb/v7e-m+dp/hard\libc_nano.a(lib_a-mprec.o)
                0x080052bc                __d2b
 .text._calloc_r
                0x08005374       0x1e c:/program files (x86)/gnu arm embedded toolchain/10 2020-q4-major/bin/../lib/gcc/arm-none-eabi/10.2.1/../../../../arm-none-eabi/lib/thumb/v7e-m+dp/hard\libc_nano.a(lib_a-nano-callocr.o)
                0x08005374                _calloc_r
 *fill*         0x08005392        0x2 
 .text._free_r  0x08005394       0x98 c:/program files (x86)/gnu arm embedded toolchain/10 2020-q4-major/bin/../lib/gcc/arm-none-eabi/10.2.1/../../../../arm-none-eabi/lib/thumb/v7e-m+dp/hard\libc_nano.a(lib_a-nano-freer.o)
                0x08005394                _free_r
 .text._malloc_r
                0x0800542c       0xb4 c:/program files (x86)/gnu arm embedded toolchain/10 2020-q4-major/bin/../lib/gcc/arm-none-eabi/10.2.1/../../../../arm-none-eabi/lib/thumb/v7e-m+dp/hard\libc_nano.a(lib_a-nano-mallocr.o)
                0x0800542c                _malloc_r
 .text.__ssputs_r
                0x080054e0       0xb6 c:/program files (x86)/gnu arm embedded toolchain/10 2020-q4-major/bin/../lib/gcc/arm-none-eabi/10.2.1/../../../../arm-none-eabi/lib/thumb/v7e-m+dp/hard\libc_nano.a(lib_a-nano-svfprintf.o)
                0x080054e0                __ssputs_r
 *fill*         0x08005596        0x2 
 .text._svfprintf_r
                0x08005598      0x200 c:/program files (x86)/gnu arm embedded toolchain/10 2020-q4-major/bin/../lib/gcc/arm-none-eabi/10.2.1/../../../../arm-none-eabi/lib/thumb/v7e-m+dp/hard\libc_nano.a(lib_a-nano-svfprintf.o)
                0x08005598                _svfiprintf_r
                0x08005598                _svfprintf_r
 .text._sbrk_r  0x08005798       0x20 c:/program files (x86)/gnu arm embedded toolchain/10 2020-q4-major/bin/../lib/gcc/arm-none-eabi/10.2.1/../../../../arm-none-eabi/lib/thumb/v7e-m+dp/hard\libc_nano.a(lib_a-sbrkr.o)
                0x08005798                _sbrk_r
 .text.__assert_func
                0x080057b8       0x3c c:/program files (x86)/gnu arm embedded toolchain/10 2020-q4-major/bin/../lib/gcc/arm-none-eabi/10.2.1/../../../../arm-none-eabi/lib/thumb/v7e-m+dp/hard\libc_nano.a(lib_a-assert.o)
                0x080057b8                __assert_func
 .text.fprintf  0x080057f4       0x24 c:/program files (x86)/gnu arm embedded toolchain/10 2020-q4-major/bin/../lib/gcc/arm-none-eabi/10.2.1/../../../../arm-none-eabi/lib/thumb/v7e-m+dp/hard\libc_nano.a(lib_a-fprintf.o)
                0x080057f4                fiprintf
                0x080057f4                fprintf
 .text.__ascii_mbtowc
                0x08005818       0x24 c:/program files (x86)/gnu arm embedded toolchain/10 2020-q4-major/bin/../lib/gcc/arm-none-eabi/10.2.1/../../../../arm-none-eabi/lib/thumb/v7e-m+dp/hard\libc_nano.a(lib_a-mbtowc_r.o)
                0x08005818                __ascii_mbtowc
 .text.memmove  0x0800583c       0x34 c:/program files (x86)/gnu arm embedded toolchain/10 2020-q4-major/bin/../lib/gcc/arm-none-eabi/10.2.1/../../../../arm-none-eabi/lib/thumb/v7e-m+dp/hard\libc_nano.a(lib_a-memmove.o)
                0x0800583c                memmove
 .text.__malloc_lock
                0x08005870        0xc c:/program files (x86)/gnu arm embedded toolchain/10 2020-q4-major/bin/../lib/gcc/arm-none-eabi/10.2.1/../../../../arm-none-eabi/lib/thumb/v7e-m+dp/hard\libc_nano.a(lib_a-mlock.o)
                0x08005870                __malloc_lock
 .text.__malloc_unlock
                0x0800587c        0xc c:/program files (x86)/gnu arm embedded toolchain/10 2020-q4-major/bin/../lib/gcc/arm-none-eabi/10.2.1/../../../../arm-none-eabi/lib/thumb/v7e-m+dp/hard\libc_nano.a(lib_a-mlock.o)
                0x0800587c                __malloc_unlock
 .text._realloc_r
                0x08005888       0x4c c:/program files (x86)/gnu arm embedded toolchain/10 2020-q4-major/bin/../lib/gcc/arm-none-eabi/10.2.1/../../../../arm-none-eabi/lib/thumb/v7e-m+dp/hard\libc_nano.a(lib_a-nano-reallocr.o)
                0x08005888                _realloc_r
 .text.__sfputc_r
                0x080058d4       0x2e c:/program files (x86)/gnu arm embedded toolchain/10 2020-q4-major/bin/../lib/gcc/arm-none-eabi/10.2.1/../../../../arm-none-eabi/lib/thumb/v7e-m+dp/hard\libc_nano.a(lib_a-nano-vfprintf.o)
 .text.__sfputs_r
                0x08005902       0x24 c:/program files (x86)/gnu arm embedded toolchain/10 2020-q4-major/bin/../lib/gcc/arm-none-eabi/10.2.1/../../../../arm-none-eabi/lib/thumb/v7e-m+dp/hard\libc_nano.a(lib_a-nano-vfprintf.o)
                0x08005902                __sfputs_r
 *fill*         0x08005926        0x2 
 .text._vfprintf_r
                0x08005928      0x260 c:/program files (x86)/gnu arm embedded toolchain/10 2020-q4-major/bin/../lib/gcc/arm-none-eabi/10.2.1/../../../../arm-none-eabi/lib/thumb/v7e-m+dp/hard\libc_nano.a(lib_a-nano-vfprintf.o)
                0x08005928                _vfprintf_r
                0x08005928                _vfiprintf_r
 .text.__swbuf_r
                0x08005b88       0xa4 c:/program files (x86)/gnu arm embedded toolchain/10 2020-q4-major/bin/../lib/gcc/arm-none-eabi/10.2.1/../../../../arm-none-eabi/lib/thumb/v7e-m+dp/hard\libc_nano.a(lib_a-wbuf.o)
                0x08005b88                __swbuf_r
 .text.__ascii_wctomb
                0x08005c2c       0x1a c:/program files (x86)/gnu arm embedded toolchain/10 2020-q4-major/bin/../lib/gcc/arm-none-eabi/10.2.1/../../../../arm-none-eabi/lib/thumb/v7e-m+dp/hard\libc_nano.a(lib_a-wctomb_r.o)
                0x08005c2c                __ascii_wctomb
 *fill*         0x08005c46        0x2 
 .text.__swsetup_r
                0x08005c48       0xdc c:/program files (x86)/gnu arm embedded toolchain/10 2020-q4-major/bin/../lib/gcc/arm-none-eabi/10.2.1/../../../../arm-none-eabi/lib/thumb/v7e-m+dp/hard\libc_nano.a(lib_a-wsetup.o)
                0x08005c48                __swsetup_r
 .text.abort    0x08005d24        0xe c:/program files (x86)/gnu arm embedded toolchain/10 2020-q4-major/bin/../lib/gcc/arm-none-eabi/10.2.1/../../../../arm-none-eabi/lib/thumb/v7e-m+dp/hard\libc_nano.a(lib_a-abort.o)
                0x08005d24                abort
 *fill*         0x08005d32        0x2 
 .text.__sflush_r
                0x08005d34      0x10c c:/program files (x86)/gnu arm embedded toolchain/10 2020-q4-major/bin/../lib/gcc/arm-none-eabi/10.2.1/../../../../arm-none-eabi/lib/thumb/v7e-m+dp/hard\libc_nano.a(lib_a-fflush.o)
                0x08005d34                __sflush_r
 .text._fflush_r
                0x08005e40       0x78 c:/program files (x86)/gnu arm embedded toolchain/10 2020-q4-major/bin/../lib/gcc/arm-none-eabi/10.2.1/../../../../arm-none-eabi/lib/thumb/v7e-m+dp/hard\libc_nano.a(lib_a-fflush.o)
                0x08005e40                _fflush_r
 .text.std      0x08005eb8       0x48 c:/program files (x86)/gnu arm embedded toolchain/10 2020-q4-major/bin/../lib/gcc/arm-none-eabi/10.2.1/../../../../arm-none-eabi/lib/thumb/v7e-m+dp/hard\libc_nano.a(lib_a-findfp.o)
 .text._cleanup_r
                0x08005f00        0xc c:/program files (x86)/gnu arm embedded toolchain/10 2020-q4-major/bin/../lib/gcc/arm-none-eabi/10.2.1/../../../../arm-none-eabi/lib/thumb/v7e-m+dp/hard\libc_nano.a(lib_a-findfp.o)
                0x08005f00                _cleanup_r
 .text.__sfmoreglue
                0x08005f0c       0x2c c:/program files (x86)/gnu arm embedded toolchain/10 2020-q4-major/bin/../lib/gcc/arm-none-eabi/10.2.1/../../../../arm-none-eabi/lib/thumb/v7e-m+dp/hard\libc_nano.a(lib_a-findfp.o)
                0x08005f0c                __sfmoreglue
 .text.__sfp_lock_acquire
                0x08005f38        0xc c:/program files (x86)/gnu arm embedded toolchain/10 2020-q4-major/bin/../lib/gcc/arm-none-eabi/10.2.1/../../../../arm-none-eabi/lib/thumb/v7e-m+dp/hard\libc_nano.a(lib_a-findfp.o)
                0x08005f38                __sfp_lock_acquire
 .text.__sfp_lock_release
                0x08005f44        0xc c:/program files (x86)/gnu arm embedded toolchain/10 2020-q4-major/bin/../lib/gcc/arm-none-eabi/10.2.1/../../../../arm-none-eabi/lib/thumb/v7e-m+dp/hard\libc_nano.a(lib_a-findfp.o)
                0x08005f44                __sfp_lock_release
 .text.__sinit_lock_acquire
                0x08005f50        0xc c:/program files (x86)/gnu arm embedded toolchain/10 2020-q4-major/bin/../lib/gcc/arm-none-eabi/10.2.1/../../../../arm-none-eabi/lib/thumb/v7e-m+dp/hard\libc_nano.a(lib_a-findfp.o)
                0x08005f50                __sinit_lock_acquire
 .text.__sinit_lock_release
                0x08005f5c        0xc c:/program files (x86)/gnu arm embedded toolchain/10 2020-q4-major/bin/../lib/gcc/arm-none-eabi/10.2.1/../../../../arm-none-eabi/lib/thumb/v7e-m+dp/hard\libc_nano.a(lib_a-findfp.o)
                0x08005f5c                __sinit_lock_release
 .text.__sinit  0x08005f68       0x70 c:/program files (x86)/gnu arm embedded toolchain/10 2020-q4-major/bin/../lib/gcc/arm-none-eabi/10.2.1/../../../../arm-none-eabi/lib/thumb/v7e-m+dp/hard\libc_nano.a(lib_a-findfp.o)
                0x08005f68                __sinit
 .text.__sfp    0x08005fd8       0x8c c:/program files (x86)/gnu arm embedded toolchain/10 2020-q4-major/bin/../lib/gcc/arm-none-eabi/10.2.1/../../../../arm-none-eabi/lib/thumb/v7e-m+dp/hard\libc_nano.a(lib_a-findfp.o)
                0x08005fd8                __sfp
 .text._fwalk_reent
                0x08006064       0x3e c:/program files (x86)/gnu arm embedded toolchain/10 2020-q4-major/bin/../lib/gcc/arm-none-eabi/10.2.1/../../../../arm-none-eabi/lib/thumb/v7e-m+dp/hard\libc_nano.a(lib_a-fwalk.o)
                0x08006064                _fwalk_reent
 .text.__retarget_lock_init_recursive
                0x080060a2        0x2 c:/program files (x86)/gnu arm embedded toolchain/10 2020-q4-major/bin/../lib/gcc/arm-none-eabi/10.2.1/../../../../arm-none-eabi/lib/thumb/v7e-m+dp/hard\libc_nano.a(lib_a-lock.o)
                0x080060a2                __retarget_lock_init_recursive
 .text.__retarget_lock_acquire_recursive
                0x080060a4        0x2 c:/program files (x86)/gnu arm embedded toolchain/10 2020-q4-major/bin/../lib/gcc/arm-none-eabi/10.2.1/../../../../arm-none-eabi/lib/thumb/v7e-m+dp/hard\libc_nano.a(lib_a-lock.o)
                0x080060a4                __retarget_lock_acquire_recursive
 .text.__retarget_lock_release_recursive
                0x080060a6        0x2 c:/program files (x86)/gnu arm embedded toolchain/10 2020-q4-major/bin/../lib/gcc/arm-none-eabi/10.2.1/../../../../arm-none-eabi/lib/thumb/v7e-m+dp/hard\libc_nano.a(lib_a-lock.o)
                0x080060a6                __retarget_lock_release_recursive
 .text.__swhatbuf_r
                0x080060a8       0x4a c:/program files (x86)/gnu arm embedded toolchain/10 2020-q4-major/bin/../lib/gcc/arm-none-eabi/10.2.1/../../../../arm-none-eabi/lib/thumb/v7e-m+dp/hard\libc_nano.a(lib_a-makebuf.o)
                0x080060a8                __swhatbuf_r
 *fill*         0x080060f2        0x2 
 .text.__smakebuf_r
                0x080060f4       0x80 c:/program files (x86)/gnu arm embedded toolchain/10 2020-q4-major/bin/../lib/gcc/arm-none-eabi/10.2.1/../../../../arm-none-eabi/lib/thumb/v7e-m+dp/hard\libc_nano.a(lib_a-makebuf.o)
                0x080060f4                __smakebuf_r
 .text._malloc_usable_size_r
                0x08006174       0x10 c:/program files (x86)/gnu arm embedded toolchain/10 2020-q4-major/bin/../lib/gcc/arm-none-eabi/10.2.1/../../../../arm-none-eabi/lib/thumb/v7e-m+dp/hard\libc_nano.a(lib_a-nano-msizer.o)
                0x08006174                _malloc_usable_size_r
 .text._raise_r
                0x08006184       0x50 c:/program files (x86)/gnu arm embedded toolchain/10 2020-q4-major/bin/../lib/gcc/arm-none-eabi/10.2.1/../../../../arm-none-eabi/lib/thumb/v7e-m+dp/hard\libc_nano.a(lib_a-signal.o)
                0x08006184                _raise_r
 .text.raise    0x080061d4       0x10 c:/program files (x86)/gnu arm embedded toolchain/10 2020-q4-major/bin/../lib/gcc/arm-none-eabi/10.2.1/../../../../arm-none-eabi/lib/thumb/v7e-m+dp/hard\libc_nano.a(lib_a-signal.o)
                0x080061d4                raise
 .text._kill_r  0x080061e4       0x24 c:/program files (x86)/gnu arm embedded toolchain/10 2020-q4-major/bin/../lib/gcc/arm-none-eabi/10.2.1/../../../../arm-none-eabi/lib/thumb/v7e-m+dp/hard\libc_nano.a(lib_a-signalr.o)
                0x080061e4                _kill_r
 .text._getpid_r
                0x08006208        0x4 c:/program files (x86)/gnu arm embedded toolchain/10 2020-q4-major/bin/../lib/gcc/arm-none-eabi/10.2.1/../../../../arm-none-eabi/lib/thumb/v7e-m+dp/hard\libc_nano.a(lib_a-signalr.o)
                0x08006208                _getpid_r
 .text.__sread  0x0800620c       0x22 c:/program files (x86)/gnu arm embedded toolchain/10 2020-q4-major/bin/../lib/gcc/arm-none-eabi/10.2.1/../../../../arm-none-eabi/lib/thumb/v7e-m+dp/hard\libc_nano.a(lib_a-stdio.o)
                0x0800620c                __sread
 .text.__swrite
                0x0800622e       0x38 c:/program files (x86)/gnu arm embedded toolchain/10 2020-q4-major/bin/../lib/gcc/arm-none-eabi/10.2.1/../../../../arm-none-eabi/lib/thumb/v7e-m+dp/hard\libc_nano.a(lib_a-stdio.o)
                0x0800622e                __swrite
 .text.__sseek  0x08006266       0x24 c:/program files (x86)/gnu arm embedded toolchain/10 2020-q4-major/bin/../lib/gcc/arm-none-eabi/10.2.1/../../../../arm-none-eabi/lib/thumb/v7e-m+dp/hard\libc_nano.a(lib_a-stdio.o)
                0x08006266                __sseek
 .text.__sclose
                0x0800628a        0x8 c:/program files (x86)/gnu arm embedded toolchain/10 2020-q4-major/bin/../lib/gcc/arm-none-eabi/10.2.1/../../../../arm-none-eabi/lib/thumb/v7e-m+dp/hard\libc_nano.a(lib_a-stdio.o)
                0x0800628a                __sclose
 *fill*         0x08006292        0x2 
 .text._write_r
                0x08006294       0x24 c:/program files (x86)/gnu arm embedded toolchain/10 2020-q4-major/bin/../lib/gcc/arm-none-eabi/10.2.1/../../../../arm-none-eabi/lib/thumb/v7e-m+dp/hard\libc_nano.a(lib_a-writer.o)
                0x08006294                _write_r
 .text._close_r
                0x080062b8       0x20 c:/program files (x86)/gnu arm embedded toolchain/10 2020-q4-major/bin/../lib/gcc/arm-none-eabi/10.2.1/../../../../arm-none-eabi/lib/thumb/v7e-m+dp/hard\libc_nano.a(lib_a-closer.o)
                0x080062b8                _close_r
 .text._fstat_r
                0x080062d8       0x24 c:/program files (x86)/gnu arm embedded toolchain/10 2020-q4-major/bin/../lib/gcc/arm-none-eabi/10.2.1/../../../../arm-none-eabi/lib/thumb/v7e-m+dp/hard\libc_nano.a(lib_a-fstatr.o)
                0x080062d8                _fstat_r
 .text._isatty_r
                0x080062fc       0x20 c:/program files (x86)/gnu arm embedded toolchain/10 2020-q4-major/bin/../lib/gcc/arm-none-eabi/10.2.1/../../../../arm-none-eabi/lib/thumb/v7e-m+dp/hard\libc_nano.a(lib_a-isattyr.o)
                0x080062fc                _isatty_r
 .text._lseek_r
                0x0800631c       0x24 c:/program files (x86)/gnu arm embedded toolchain/10 2020-q4-major/bin/../lib/gcc/arm-none-eabi/10.2.1/../../../../arm-none-eabi/lib/thumb/v7e-m+dp/hard\libc_nano.a(lib_a-lseekr.o)
                0x0800631c                _lseek_r
 .text._read_r  0x08006340       0x24 c:/program files (x86)/gnu arm embedded toolchain/10 2020-q4-major/bin/../lib/gcc/arm-none-eabi/10.2.1/../../../../arm-none-eabi/lib/thumb/v7e-m+dp/hard\libc_nano.a(lib_a-readr.o)
                0x08006340                _read_r
 .text._close   0x08006364       0x10 c:/program files (x86)/gnu arm embedded toolchain/10 2020-q4-major/bin/../lib/gcc/arm-none-eabi/10.2.1/../../../../arm-none-eabi/lib/thumb/v7e-m+dp/hard\libnosys.a(close.o)
                0x08006364                _close
 .text._fstat   0x08006374       0x10 c:/program files (x86)/gnu arm embedded toolchain/10 2020-q4-major/bin/../lib/gcc/arm-none-eabi/10.2.1/../../../../arm-none-eabi/lib/thumb/v7e-m+dp/hard\libnosys.a(fstat.o)
                0x08006374                _fstat
 .text._getpid  0x08006384       0x10 c:/program files (x86)/gnu arm embedded toolchain/10 2020-q4-major/bin/../lib/gcc/arm-none-eabi/10.2.1/../../../../arm-none-eabi/lib/thumb/v7e-m+dp/hard\libnosys.a(getpid.o)
                0x08006384                _getpid
 .text._isatty  0x08006394       0x10 c:/program files (x86)/gnu arm embedded toolchain/10 2020-q4-major/bin/../lib/gcc/arm-none-eabi/10.2.1/../../../../arm-none-eabi/lib/thumb/v7e-m+dp/hard\libnosys.a(isatty.o)
                0x08006394                _isatty
 .text._kill    0x080063a4       0x10 c:/program files (x86)/gnu arm embedded toolchain/10 2020-q4-major/bin/../lib/gcc/arm-none-eabi/10.2.1/../../../../arm-none-eabi/lib/thumb/v7e-m+dp/hard\libnosys.a(kill.o)
                0x080063a4                _kill
 .text._lseek   0x080063b4       0x10 c:/program files (x86)/gnu arm embedded toolchain/10 2020-q4-major/bin/../lib/gcc/arm-none-eabi/10.2.1/../../../../arm-none-eabi/lib/thumb/v7e-m+dp/hard\libnosys.a(lseek.o)
                0x080063b4                _lseek
 .text._read    0x080063c4       0x10 c:/program files (x86)/gnu arm embedded toolchain/10 2020-q4-major/bin/../lib/gcc/arm-none-eabi/10.2.1/../../../../arm-none-eabi/lib/thumb/v7e-m+dp/hard\libnosys.a(read.o)
                0x080063c4                _read
 .text._sbrk    0x080063d4       0x1c c:/program files (x86)/gnu arm embedded toolchain/10 2020-q4-major/bin/../lib/gcc/arm-none-eabi/10.2.1/../../../../arm-none-eabi/lib/thumb/v7e-m+dp/hard\libnosys.a(sbrk.o)
                0x080063d4                _sbrk
 .text._write   0x080063f0       0x10 c:/program files (x86)/gnu arm embedded toolchain/10 2020-q4-major/bin/../lib/gcc/arm-none-eabi/10.2.1/../../../../arm-none-eabi/lib/thumb/v7e-m+dp/hard\libnosys.a(write.o)
                0x080063f0                _write
 .text._exit    0x08006400        0x4 c:/program files (x86)/gnu arm embedded toolchain/10 2020-q4-major/bin/../lib/gcc/arm-none-eabi/10.2.1/../../../../arm-none-eabi/lib/thumb/v7e-m+dp/hard\libnosys.a(_exit.o)
                0x08006400                _exit
 *(.glue_7)
 .glue_7        0x08006404        0x0 linker stubs
 *(.glue_7t)
 .glue_7t       0x08006404        0x0 linker stubs
 *(.eh_frame)
 .eh_frame      0x08006404        0x0 c:/program files (x86)/gnu arm embedded toolchain/10 2020-q4-major/bin/../lib/gcc/arm-none-eabi/10.2.1/thumb/v7e-m+dp/hard/crtbegin.o
 *(.init)
 .init          0x08006404        0x4 c:/program files (x86)/gnu arm embedded toolchain/10 2020-q4-major/bin/../lib/gcc/arm-none-eabi/10.2.1/thumb/v7e-m+dp/hard/crti.o
                0x08006404                _init
 .init          0x08006408        0x8 c:/program files (x86)/gnu arm embedded toolchain/10 2020-q4-major/bin/../lib/gcc/arm-none-eabi/10.2.1/thumb/v7e-m+dp/hard/crtn.o
 *(.fini)
 .fini          0x08006410        0x4 c:/program files (x86)/gnu arm embedded toolchain/10 2020-q4-major/bin/../lib/gcc/arm-none-eabi/10.2.1/thumb/v7e-m+dp/hard/crti.o
                0x08006410                _fini
 .fini          0x08006414        0x8 c:/program files (x86)/gnu arm embedded toolchain/10 2020-q4-major/bin/../lib/gcc/arm-none-eabi/10.2.1/thumb/v7e-m+dp/hard/crtn.o
                0x0800641c                . = ALIGN (0x4)
                0x0800641c                _etext = .

.vfp11_veneer   0x0800641c        0x0
 .vfp11_veneer  0x0800641c        0x0 linker stubs

.v4_bx          0x0800641c        0x0
 .v4_bx         0x0800641c        0x0 linker stubs

.iplt           0x0800641c        0x0
 .iplt          0x0800641c        0x0 c:/program files (x86)/gnu arm embedded toolchain/10 2020-q4-major/bin/../lib/gcc/arm-none-eabi/10.2.1/thumb/v7e-m+dp/hard/crtbegin.o

.rodata         0x08006420      0x474
                0x08006420                . = ALIGN (0x4)
 *(.rodata)
 *(.rodata*)
 .rodata.BMX_Init.str1.4
                0x08006420       0x38 build/main.o
 .rodata.flagBitshiftOffset.0
                0x08006458        0x8 build/stm32f7xx_hal_dma.o
 .rodata.AHBPrescTable
                0x08006460       0x10 build/system_stm32f7xx.o
                0x08006460                AHBPrescTable
 .rodata.APBPrescTable
                0x08006470        0x8 build/system_stm32f7xx.o
                0x08006470                APBPrescTable
 .rodata._global_impure_ptr
                0x08006478        0x4 c:/program files (x86)/gnu arm embedded toolchain/10 2020-q4-major/bin/../lib/gcc/arm-none-eabi/10.2.1/../../../../arm-none-eabi/lib/thumb/v7e-m+dp/hard\libc_nano.a(lib_a-impure.o)
                0x08006478                _global_impure_ptr
 .rodata._printf_float.str1.1
                0x0800647c       0x12 c:/program files (x86)/gnu arm embedded toolchain/10 2020-q4-major/bin/../lib/gcc/arm-none-eabi/10.2.1/../../../../arm-none-eabi/lib/thumb/v7e-m+dp/hard\libc_nano.a(lib_a-nano-vfprintf_float.o)
 .rodata._printf_i.str1.1
                0x0800648e       0x22 c:/program files (x86)/gnu arm embedded toolchain/10 2020-q4-major/bin/../lib/gcc/arm-none-eabi/10.2.1/../../../../arm-none-eabi/lib/thumb/v7e-m+dp/hard\libc_nano.a(lib_a-nano-vfprintf_i.o)
 .rodata._dtoa_r.str1.1
                0x080064b0       0xb2 c:/program files (x86)/gnu arm embedded toolchain/10 2020-q4-major/bin/../lib/gcc/arm-none-eabi/10.2.1/../../../../arm-none-eabi/lib/thumb/v7e-m+dp/hard\libc_nano.a(lib_a-dtoa.o)
                                 0xb4 (size before relaxing)
 .rodata._Balloc.str1.1
                0x08006562       0x7e c:/program files (x86)/gnu arm embedded toolchain/10 2020-q4-major/bin/../lib/gcc/arm-none-eabi/10.2.1/../../../../arm-none-eabi/lib/thumb/v7e-m+dp/hard\libc_nano.a(lib_a-mprec.o)
                                 0x95 (size before relaxing)
 .rodata.__multadd.str1.1
                0x080065e0       0x11 c:/program files (x86)/gnu arm embedded toolchain/10 2020-q4-major/bin/../lib/gcc/arm-none-eabi/10.2.1/../../../../arm-none-eabi/lib/thumb/v7e-m+dp/hard\libc_nano.a(lib_a-mprec.o)
 .rodata.__mprec_bigtens
                0x080065e0       0x28 c:/program files (x86)/gnu arm embedded toolchain/10 2020-q4-major/bin/../lib/gcc/arm-none-eabi/10.2.1/../../../../arm-none-eabi/lib/thumb/v7e-m+dp/hard\libc_nano.a(lib_a-mprec.o)
                0x080065e0                __mprec_bigtens
 .rodata.__mprec_tens
                0x08006608       0xc8 c:/program files (x86)/gnu arm embedded toolchain/10 2020-q4-major/bin/../lib/gcc/arm-none-eabi/10.2.1/../../../../arm-none-eabi/lib/thumb/v7e-m+dp/hard\libc_nano.a(lib_a-mprec.o)
                0x08006608                __mprec_tens
 .rodata.p05.0  0x080066d0        0xc c:/program files (x86)/gnu arm embedded toolchain/10 2020-q4-major/bin/../lib/gcc/arm-none-eabi/10.2.1/../../../../arm-none-eabi/lib/thumb/v7e-m+dp/hard\libc_nano.a(lib_a-mprec.o)
 .rodata._svfprintf_r.str1.1
                0x080066dc       0x11 c:/program files (x86)/gnu arm embedded toolchain/10 2020-q4-major/bin/../lib/gcc/arm-none-eabi/10.2.1/../../../../arm-none-eabi/lib/thumb/v7e-m+dp/hard\libc_nano.a(lib_a-nano-svfprintf.o)
 .rodata.__assert_func.str1.1
                0x080066ed       0x3c c:/program files (x86)/gnu arm embedded toolchain/10 2020-q4-major/bin/../lib/gcc/arm-none-eabi/10.2.1/../../../../arm-none-eabi/lib/thumb/v7e-m+dp/hard\libc_nano.a(lib_a-assert.o)
                                 0x3d (size before relaxing)
 .rodata._setlocale_r.str1.1
                0x08006729        0x8 c:/program files (x86)/gnu arm embedded toolchain/10 2020-q4-major/bin/../lib/gcc/arm-none-eabi/10.2.1/../../../../arm-none-eabi/lib/thumb/v7e-m+dp/hard\libc_nano.a(lib_a-locale.o)
                                  0x9 (size before relaxing)
 .rodata.str1.1
                0x08006731        0x2 c:/program files (x86)/gnu arm embedded toolchain/10 2020-q4-major/bin/../lib/gcc/arm-none-eabi/10.2.1/../../../../arm-none-eabi/lib/thumb/v7e-m+dp/hard\libc_nano.a(lib_a-locale.o)
 .rodata._vfprintf_r.str1.1
                0x08006733       0x11 c:/program files (x86)/gnu arm embedded toolchain/10 2020-q4-major/bin/../lib/gcc/arm-none-eabi/10.2.1/../../../../arm-none-eabi/lib/thumb/v7e-m+dp/hard\libc_nano.a(lib_a-nano-vfprintf.o)
 .rodata._ctype_
                0x08006733      0x101 c:/program files (x86)/gnu arm embedded toolchain/10 2020-q4-major/bin/../lib/gcc/arm-none-eabi/10.2.1/../../../../arm-none-eabi/lib/thumb/v7e-m+dp/hard\libc_nano.a(lib_a-ctype_.o)
                0x08006733                _ctype_
 .rodata.__sf_fake_stderr
                0x08006834       0x20 c:/program files (x86)/gnu arm embedded toolchain/10 2020-q4-major/bin/../lib/gcc/arm-none-eabi/10.2.1/../../../../arm-none-eabi/lib/thumb/v7e-m+dp/hard\libc_nano.a(lib_a-findfp.o)
                0x08006834                __sf_fake_stderr
 .rodata.__sf_fake_stdin
                0x08006854       0x20 c:/program files (x86)/gnu arm embedded toolchain/10 2020-q4-major/bin/../lib/gcc/arm-none-eabi/10.2.1/../../../../arm-none-eabi/lib/thumb/v7e-m+dp/hard\libc_nano.a(lib_a-findfp.o)
                0x08006854                __sf_fake_stdin
 .rodata.__sf_fake_stdout
                0x08006874       0x20 c:/program files (x86)/gnu arm embedded toolchain/10 2020-q4-major/bin/../lib/gcc/arm-none-eabi/10.2.1/../../../../arm-none-eabi/lib/thumb/v7e-m+dp/hard\libc_nano.a(lib_a-findfp.o)
                0x08006874                __sf_fake_stdout
                0x08006894                . = ALIGN (0x4)

.ARM.extab
 *(.ARM.extab* .gnu.linkonce.armextab.*)

.ARM            0x08006894        0x8
                0x08006894                __exidx_start = .
 *(.ARM.exidx*)
 .ARM.exidx     0x08006894        0x8 c:/program files (x86)/gnu arm embedded toolchain/10 2020-q4-major/bin/../lib/gcc/arm-none-eabi/10.2.1/thumb/v7e-m+dp/hard\libgcc.a(_udivmoddi4.o)
                0x0800689c                __exidx_end = .

.rel.dyn        0x0800689c        0x0
 .rel.iplt      0x0800689c        0x0 c:/program files (x86)/gnu arm embedded toolchain/10 2020-q4-major/bin/../lib/gcc/arm-none-eabi/10.2.1/thumb/v7e-m+dp/hard/crtbegin.o

.preinit_array  0x0800689c        0x0
                0x0800689c                PROVIDE (__preinit_array_start = .)
 *(.preinit_array*)
                0x0800689c                PROVIDE (__preinit_array_end = .)

.init_array     0x0800689c        0x4
                0x0800689c                PROVIDE (__init_array_start = .)
 *(SORT_BY_NAME(.init_array.*))
 *(.init_array*)
 .init_array    0x0800689c        0x4 c:/program files (x86)/gnu arm embedded toolchain/10 2020-q4-major/bin/../lib/gcc/arm-none-eabi/10.2.1/thumb/v7e-m+dp/hard/crtbegin.o
                0x080068a0                PROVIDE (__init_array_end = .)

.fini_array     0x080068a0        0x4
                [!provide]                PROVIDE (__fini_array_start = .)
 *(SORT_BY_NAME(.fini_array.*))
 *(.fini_array*)
 .fini_array    0x080068a0        0x4 c:/program files (x86)/gnu arm embedded toolchain/10 2020-q4-major/bin/../lib/gcc/arm-none-eabi/10.2.1/thumb/v7e-m+dp/hard/crtbegin.o
                [!provide]                PROVIDE (__fini_array_end = .)
                0x080068a4                _sidata = LOADADDR (.data)

.data           0x20000000      0x1e8 load address 0x080068a4
                0x20000000                . = ALIGN (0x4)
                0x20000000                _sdata = .
 *(.data)
 *(.data*)
 .data.string   0x20000000        0xf build/main.o
                0x20000000                string
 .data.uwTickFreq
                0x2000000f        0x1 build/stm32f7xx_hal.o
                0x2000000f                uwTickFreq
 .data.uwTickPrio
                0x20000010        0x4 build/stm32f7xx_hal.o
                0x20000010                uwTickPrio
 .data.SystemCoreClock
                0x20000014        0x4 build/system_stm32f7xx.o
                0x20000014                SystemCoreClock
 .data._impure_ptr
                0x20000018        0x4 c:/program files (x86)/gnu arm embedded toolchain/10 2020-q4-major/bin/../lib/gcc/arm-none-eabi/10.2.1/../../../../arm-none-eabi/lib/thumb/v7e-m+dp/hard\libc_nano.a(lib_a-impure.o)
                0x20000018                _impure_ptr
 .data.impure_data
                0x2000001c       0x60 c:/program files (x86)/gnu arm embedded toolchain/10 2020-q4-major/bin/../lib/gcc/arm-none-eabi/10.2.1/../../../../arm-none-eabi/lib/thumb/v7e-m+dp/hard\libc_nano.a(lib_a-impure.o)
 .data.__global_locale
                0x2000007c      0x16c c:/program files (x86)/gnu arm embedded toolchain/10 2020-q4-major/bin/../lib/gcc/arm-none-eabi/10.2.1/../../../../arm-none-eabi/lib/thumb/v7e-m+dp/hard\libc_nano.a(lib_a-locale.o)
                0x2000007c                __global_locale
                0x200001e8                . = ALIGN (0x4)
                0x200001e8                _edata = .

.igot.plt       0x200001e8        0x0 load address 0x08006a8c
 .igot.plt      0x200001e8        0x0 c:/program files (x86)/gnu arm embedded toolchain/10 2020-q4-major/bin/../lib/gcc/arm-none-eabi/10.2.1/thumb/v7e-m+dp/hard/crtbegin.o
                0x200001e8                . = ALIGN (0x4)

.bss            0x200001e8      0x2cc load address 0x08006a8c
                0x200001e8                _sbss = .
                0x200001e8                __bss_start__ = _sbss
 *(.bss)
 .bss           0x200001e8       0x1c c:/program files (x86)/gnu arm embedded toolchain/10 2020-q4-major/bin/../lib/gcc/arm-none-eabi/10.2.1/thumb/v7e-m+dp/hard/crtbegin.o
 *(.bss*)
 .bss.BMX       0x20000204       0x70 build/main.o
                0x20000204                BMX
 .bss.Tlm_Tx_buff
                0x20000274       0x18 build/main.o
                0x20000274                Tlm_Tx_buff
 .bss.buff      0x2000028c       0x20 build/main.o
                0x2000028c                buff
 .bss.hdma_uart7_rx
                0x200002ac       0x60 build/main.o
                0x200002ac                hdma_uart7_rx
 .bss.hi2c4     0x2000030c       0x4c build/main.o
                0x2000030c                hi2c4
 .bss.htim2     0x20000358       0x40 build/main.o
                0x20000358                htim2
 .bss.huart4    0x20000398       0x80 build/main.o
                0x20000398                huart4
 .bss.huart7    0x20000418       0x80 build/main.o
                0x20000418                huart7
 .bss.main_counter
                0x20000498        0x1 build/main.o
                0x20000498                main_counter
 *fill*         0x20000499        0x3 
 .bss.uwTick    0x2000049c        0x4 build/stm32f7xx_hal.o
                0x2000049c                uwTick
 .bss.__malloc_free_list
                0x200004a0        0x4 c:/program files (x86)/gnu arm embedded toolchain/10 2020-q4-major/bin/../lib/gcc/arm-none-eabi/10.2.1/../../../../arm-none-eabi/lib/thumb/v7e-m+dp/hard\libc_nano.a(lib_a-nano-mallocr.o)
                0x200004a0                __malloc_free_list
 .bss.__malloc_sbrk_start
                0x200004a4        0x4 c:/program files (x86)/gnu arm embedded toolchain/10 2020-q4-major/bin/../lib/gcc/arm-none-eabi/10.2.1/../../../../arm-none-eabi/lib/thumb/v7e-m+dp/hard\libc_nano.a(lib_a-nano-mallocr.o)
                0x200004a4                __malloc_sbrk_start
 .bss.errno     0x200004a8        0x4 c:/program files (x86)/gnu arm embedded toolchain/10 2020-q4-major/bin/../lib/gcc/arm-none-eabi/10.2.1/../../../../arm-none-eabi/lib/thumb/v7e-m+dp/hard\libc_nano.a(lib_a-reent.o)
                0x200004a8                errno
 .bss.__lock___malloc_recursive_mutex
                0x200004ac        0x1 c:/program files (x86)/gnu arm embedded toolchain/10 2020-q4-major/bin/../lib/gcc/arm-none-eabi/10.2.1/../../../../arm-none-eabi/lib/thumb/v7e-m+dp/hard\libc_nano.a(lib_a-lock.o)
                0x200004ac                __lock___malloc_recursive_mutex
 .bss.__lock___sfp_recursive_mutex
                0x200004ad        0x1 c:/program files (x86)/gnu arm embedded toolchain/10 2020-q4-major/bin/../lib/gcc/arm-none-eabi/10.2.1/../../../../arm-none-eabi/lib/thumb/v7e-m+dp/hard\libc_nano.a(lib_a-lock.o)
                0x200004ad                __lock___sfp_recursive_mutex
 .bss.__lock___sinit_recursive_mutex
                0x200004ae        0x1 c:/program files (x86)/gnu arm embedded toolchain/10 2020-q4-major/bin/../lib/gcc/arm-none-eabi/10.2.1/../../../../arm-none-eabi/lib/thumb/v7e-m+dp/hard\libc_nano.a(lib_a-lock.o)
                0x200004ae                __lock___sinit_recursive_mutex
 *fill*         0x200004af        0x1 
 .bss.heap_end.0
                0x200004b0        0x4 c:/program files (x86)/gnu arm embedded toolchain/10 2020-q4-major/bin/../lib/gcc/arm-none-eabi/10.2.1/../../../../arm-none-eabi/lib/thumb/v7e-m+dp/hard\libnosys.a(sbrk.o)
 *(COMMON)
                0x200004b4                . = ALIGN (0x4)
                0x200004b4                _ebss = .
                0x200004b4                __bss_end__ = _ebss

._user_heap_stack
                0x200004b4      0x604 load address 0x08006a8c
                0x200004b8                . = ALIGN (0x8)
 *fill*         0x200004b4        0x4 
                0x200004b8                PROVIDE (end = .)
                [!provide]                PROVIDE (_end = .)
                0x200006b8                . = (. + _Min_Heap_Size)
 *fill*         0x200004b8      0x200 
                0x20000ab8                . = (. + _Min_Stack_Size)
 *fill*         0x200006b8      0x400 
                0x20000ab8                . = ALIGN (0x8)

/DISCARD/
 libc.a(*)
 libm.a(*)
 libgcc.a(*)

.ARM.attributes
                0x00000000       0x2e
 *(.ARM.attributes)
 .ARM.attributes
                0x00000000       0x1e c:/program files (x86)/gnu arm embedded toolchain/10 2020-q4-major/bin/../lib/gcc/arm-none-eabi/10.2.1/thumb/v7e-m+dp/hard/crti.o
 .ARM.attributes
                0x0000001e       0x32 c:/program files (x86)/gnu arm embedded toolchain/10 2020-q4-major/bin/../lib/gcc/arm-none-eabi/10.2.1/thumb/v7e-m+dp/hard/crtbegin.o
 .ARM.attributes
                0x00000050       0x32 build/main.o
 .ARM.attributes
                0x00000082       0x32 build/stm32f7xx_it.o
 .ARM.attributes
                0x000000b4       0x32 build/stm32f7xx_hal_msp.o
 .ARM.attributes
                0x000000e6       0x32 build/BMX160.o
 .ARM.attributes
                0x00000118       0x32 build/stm32f7xx_hal_cortex.o
 .ARM.attributes
                0x0000014a       0x32 build/stm32f7xx_hal_i2c.o
 .ARM.attributes
                0x0000017c       0x32 build/stm32f7xx_hal_i2c_ex.o
 .ARM.attributes
                0x000001ae       0x32 build/stm32f7xx_hal_rcc.o
 .ARM.attributes
                0x000001e0       0x32 build/stm32f7xx_hal_rcc_ex.o
 .ARM.attributes
                0x00000212       0x32 build/stm32f7xx_hal_gpio.o
 .ARM.attributes
                0x00000244       0x32 build/stm32f7xx_hal_dma.o
 .ARM.attributes
                0x00000276       0x32 build/stm32f7xx_hal_pwr_ex.o
 .ARM.attributes
                0x000002a8       0x32 build/stm32f7xx_hal.o
 .ARM.attributes
                0x000002da       0x32 build/stm32f7xx_hal_tim.o
 .ARM.attributes
                0x0000030c       0x32 build/stm32f7xx_hal_tim_ex.o
 .ARM.attributes
                0x0000033e       0x32 build/stm32f7xx_hal_uart.o
 .ARM.attributes
                0x00000370       0x32 build/system_stm32f7xx.o
 .ARM.attributes
                0x000003a2       0x32 build/stm32f7xx_ll_tim.o
 .ARM.attributes
                0x000003d4       0x21 build/startup_stm32f767xx.o
 .ARM.attributes
                0x000003f5       0x30 c:/program files (x86)/gnu arm embedded toolchain/10 2020-q4-major/bin/../lib/gcc/arm-none-eabi/10.2.1/../../../../arm-none-eabi/lib/thumb/v7e-m+dp/hard\libc_nano.a(lib_a-impure.o)
 .ARM.attributes
                0x00000425       0x32 c:/program files (x86)/gnu arm embedded toolchain/10 2020-q4-major/bin/../lib/gcc/arm-none-eabi/10.2.1/../../../../arm-none-eabi/lib/thumb/v7e-m+dp/hard\libc_nano.a(lib_a-init.o)
 .ARM.attributes
                0x00000457       0x32 c:/program files (x86)/gnu arm embedded toolchain/10 2020-q4-major/bin/../lib/gcc/arm-none-eabi/10.2.1/../../../../arm-none-eabi/lib/thumb/v7e-m+dp/hard\libc_nano.a(lib_a-memset.o)
 .ARM.attributes
                0x00000489       0x32 c:/program files (x86)/gnu arm embedded toolchain/10 2020-q4-major/bin/../lib/gcc/arm-none-eabi/10.2.1/../../../../arm-none-eabi/lib/thumb/v7e-m+dp/hard\libc_nano.a(lib_a-nano-vfprintf_float.o)
 .ARM.attributes
                0x000004bb       0x32 c:/program files (x86)/gnu arm embedded toolchain/10 2020-q4-major/bin/../lib/gcc/arm-none-eabi/10.2.1/../../../../arm-none-eabi/lib/thumb/v7e-m+dp/hard\libc_nano.a(lib_a-nano-vfprintf_i.o)
 .ARM.attributes
                0x000004ed       0x32 c:/program files (x86)/gnu arm embedded toolchain/10 2020-q4-major/bin/../lib/gcc/arm-none-eabi/10.2.1/../../../../arm-none-eabi/lib/thumb/v7e-m+dp/hard\libc_nano.a(lib_a-sprintf.o)
 .ARM.attributes
                0x0000051f       0x17 c:/program files (x86)/gnu arm embedded toolchain/10 2020-q4-major/bin/../lib/gcc/arm-none-eabi/10.2.1/../../../../arm-none-eabi/lib/thumb/v7e-m+dp/hard\libc_nano.a(lib_a-strlen.o)
 .ARM.attributes
                0x00000536       0x32 c:/program files (x86)/gnu arm embedded toolchain/10 2020-q4-major/bin/../lib/gcc/arm-none-eabi/10.2.1/../../../../arm-none-eabi/lib/thumb/v7e-m+dp/hard\libc_nano.a(lib_a-dtoa.o)
 .ARM.attributes
                0x00000568       0x32 c:/program files (x86)/gnu arm embedded toolchain/10 2020-q4-major/bin/../lib/gcc/arm-none-eabi/10.2.1/../../../../arm-none-eabi/lib/thumb/v7e-m+dp/hard\libc_nano.a(lib_a-localeconv.o)
 .ARM.attributes
                0x0000059a       0x32 c:/program files (x86)/gnu arm embedded toolchain/10 2020-q4-major/bin/../lib/gcc/arm-none-eabi/10.2.1/../../../../arm-none-eabi/lib/thumb/v7e-m+dp/hard\libc_nano.a(lib_a-malloc.o)
 .ARM.attributes
                0x000005cc       0x1c c:/program files (x86)/gnu arm embedded toolchain/10 2020-q4-major/bin/../lib/gcc/arm-none-eabi/10.2.1/../../../../arm-none-eabi/lib/thumb/v7e-m+dp/hard\libc_nano.a(lib_a-memchr.o)
 .ARM.attributes
                0x000005e8       0x32 c:/program files (x86)/gnu arm embedded toolchain/10 2020-q4-major/bin/../lib/gcc/arm-none-eabi/10.2.1/../../../../arm-none-eabi/lib/thumb/v7e-m+dp/hard\libc_nano.a(lib_a-memcpy-stub.o)
 .ARM.attributes
                0x0000061a       0x32 c:/program files (x86)/gnu arm embedded toolchain/10 2020-q4-major/bin/../lib/gcc/arm-none-eabi/10.2.1/../../../../arm-none-eabi/lib/thumb/v7e-m+dp/hard\libc_nano.a(lib_a-mprec.o)
 .ARM.attributes
                0x0000064c       0x32 c:/program files (x86)/gnu arm embedded toolchain/10 2020-q4-major/bin/../lib/gcc/arm-none-eabi/10.2.1/../../../../arm-none-eabi/lib/thumb/v7e-m+dp/hard\libc_nano.a(lib_a-nano-callocr.o)
 .ARM.attributes
                0x0000067e       0x32 c:/program files (x86)/gnu arm embedded toolchain/10 2020-q4-major/bin/../lib/gcc/arm-none-eabi/10.2.1/../../../../arm-none-eabi/lib/thumb/v7e-m+dp/hard\libc_nano.a(lib_a-nano-freer.o)
 .ARM.attributes
                0x000006b0       0x32 c:/program files (x86)/gnu arm embedded toolchain/10 2020-q4-major/bin/../lib/gcc/arm-none-eabi/10.2.1/../../../../arm-none-eabi/lib/thumb/v7e-m+dp/hard\libc_nano.a(lib_a-nano-mallocr.o)
 .ARM.attributes
                0x000006e2       0x32 c:/program files (x86)/gnu arm embedded toolchain/10 2020-q4-major/bin/../lib/gcc/arm-none-eabi/10.2.1/../../../../arm-none-eabi/lib/thumb/v7e-m+dp/hard\libc_nano.a(lib_a-nano-svfprintf.o)
 .ARM.attributes
                0x00000714       0x32 c:/program files (x86)/gnu arm embedded toolchain/10 2020-q4-major/bin/../lib/gcc/arm-none-eabi/10.2.1/../../../../arm-none-eabi/lib/thumb/v7e-m+dp/hard\libc_nano.a(lib_a-sbrkr.o)
 .ARM.attributes
                0x00000746       0x32 c:/program files (x86)/gnu arm embedded toolchain/10 2020-q4-major/bin/../lib/gcc/arm-none-eabi/10.2.1/../../../../arm-none-eabi/lib/thumb/v7e-m+dp/hard\libc_nano.a(lib_a-assert.o)
 .ARM.attributes
                0x00000778       0x32 c:/program files (x86)/gnu arm embedded toolchain/10 2020-q4-major/bin/../lib/gcc/arm-none-eabi/10.2.1/../../../../arm-none-eabi/lib/thumb/v7e-m+dp/hard\libc_nano.a(lib_a-fprintf.o)
 .ARM.attributes
                0x000007aa       0x32 c:/program files (x86)/gnu arm embedded toolchain/10 2020-q4-major/bin/../lib/gcc/arm-none-eabi/10.2.1/../../../../arm-none-eabi/lib/thumb/v7e-m+dp/hard\libc_nano.a(lib_a-locale.o)
 .ARM.attributes
                0x000007dc       0x32 c:/program files (x86)/gnu arm embedded toolchain/10 2020-q4-major/bin/../lib/gcc/arm-none-eabi/10.2.1/../../../../arm-none-eabi/lib/thumb/v7e-m+dp/hard\libc_nano.a(lib_a-mbtowc_r.o)
 .ARM.attributes
                0x0000080e       0x32 c:/program files (x86)/gnu arm embedded toolchain/10 2020-q4-major/bin/../lib/gcc/arm-none-eabi/10.2.1/../../../../arm-none-eabi/lib/thumb/v7e-m+dp/hard\libc_nano.a(lib_a-memmove.o)
 .ARM.attributes
                0x00000840       0x32 c:/program files (x86)/gnu arm embedded toolchain/10 2020-q4-major/bin/../lib/gcc/arm-none-eabi/10.2.1/../../../../arm-none-eabi/lib/thumb/v7e-m+dp/hard\libc_nano.a(lib_a-mlock.o)
 .ARM.attributes
                0x00000872       0x32 c:/program files (x86)/gnu arm embedded toolchain/10 2020-q4-major/bin/../lib/gcc/arm-none-eabi/10.2.1/../../../../arm-none-eabi/lib/thumb/v7e-m+dp/hard\libc_nano.a(lib_a-nano-reallocr.o)
 .ARM.attributes
                0x000008a4       0x32 c:/program files (x86)/gnu arm embedded toolchain/10 2020-q4-major/bin/../lib/gcc/arm-none-eabi/10.2.1/../../../../arm-none-eabi/lib/thumb/v7e-m+dp/hard\libc_nano.a(lib_a-nano-vfprintf.o)
 .ARM.attributes
                0x000008d6       0x32 c:/program files (x86)/gnu arm embedded toolchain/10 2020-q4-major/bin/../lib/gcc/arm-none-eabi/10.2.1/../../../../arm-none-eabi/lib/thumb/v7e-m+dp/hard\libc_nano.a(lib_a-reent.o)
 .ARM.attributes
                0x00000908       0x32 c:/program files (x86)/gnu arm embedded toolchain/10 2020-q4-major/bin/../lib/gcc/arm-none-eabi/10.2.1/../../../../arm-none-eabi/lib/thumb/v7e-m+dp/hard\libc_nano.a(lib_a-wbuf.o)
 .ARM.attributes
                0x0000093a       0x32 c:/program files (x86)/gnu arm embedded toolchain/10 2020-q4-major/bin/../lib/gcc/arm-none-eabi/10.2.1/../../../../arm-none-eabi/lib/thumb/v7e-m+dp/hard\libc_nano.a(lib_a-wctomb_r.o)
 .ARM.attributes
                0x0000096c       0x32 c:/program files (x86)/gnu arm embedded toolchain/10 2020-q4-major/bin/../lib/gcc/arm-none-eabi/10.2.1/../../../../arm-none-eabi/lib/thumb/v7e-m+dp/hard\libc_nano.a(lib_a-wsetup.o)
 .ARM.attributes
                0x0000099e       0x32 c:/program files (x86)/gnu arm embedded toolchain/10 2020-q4-major/bin/../lib/gcc/arm-none-eabi/10.2.1/../../../../arm-none-eabi/lib/thumb/v7e-m+dp/hard\libc_nano.a(lib_a-abort.o)
 .ARM.attributes
                0x000009d0       0x30 c:/program files (x86)/gnu arm embedded toolchain/10 2020-q4-major/bin/../lib/gcc/arm-none-eabi/10.2.1/../../../../arm-none-eabi/lib/thumb/v7e-m+dp/hard\libc_nano.a(lib_a-ctype_.o)
 .ARM.attributes
                0x00000a00       0x32 c:/program files (x86)/gnu arm embedded toolchain/10 2020-q4-major/bin/../lib/gcc/arm-none-eabi/10.2.1/../../../../arm-none-eabi/lib/thumb/v7e-m+dp/hard\libc_nano.a(lib_a-fflush.o)
 .ARM.attributes
                0x00000a32       0x32 c:/program files (x86)/gnu arm embedded toolchain/10 2020-q4-major/bin/../lib/gcc/arm-none-eabi/10.2.1/../../../../arm-none-eabi/lib/thumb/v7e-m+dp/hard\libc_nano.a(lib_a-findfp.o)
 .ARM.attributes
                0x00000a64       0x32 c:/program files (x86)/gnu arm embedded toolchain/10 2020-q4-major/bin/../lib/gcc/arm-none-eabi/10.2.1/../../../../arm-none-eabi/lib/thumb/v7e-m+dp/hard\libc_nano.a(lib_a-fwalk.o)
 .ARM.attributes
                0x00000a96       0x32 c:/program files (x86)/gnu arm embedded toolchain/10 2020-q4-major/bin/../lib/gcc/arm-none-eabi/10.2.1/../../../../arm-none-eabi/lib/thumb/v7e-m+dp/hard\libc_nano.a(lib_a-lock.o)
 .ARM.attributes
                0x00000ac8       0x32 c:/program files (x86)/gnu arm embedded toolchain/10 2020-q4-major/bin/../lib/gcc/arm-none-eabi/10.2.1/../../../../arm-none-eabi/lib/thumb/v7e-m+dp/hard\libc_nano.a(lib_a-makebuf.o)
 .ARM.attributes
                0x00000afa       0x32 c:/program files (x86)/gnu arm embedded toolchain/10 2020-q4-major/bin/../lib/gcc/arm-none-eabi/10.2.1/../../../../arm-none-eabi/lib/thumb/v7e-m+dp/hard\libc_nano.a(lib_a-nano-msizer.o)
 .ARM.attributes
                0x00000b2c       0x32 c:/program files (x86)/gnu arm embedded toolchain/10 2020-q4-major/bin/../lib/gcc/arm-none-eabi/10.2.1/../../../../arm-none-eabi/lib/thumb/v7e-m+dp/hard\libc_nano.a(lib_a-signal.o)
 .ARM.attributes
                0x00000b5e       0x32 c:/program files (x86)/gnu arm embedded toolchain/10 2020-q4-major/bin/../lib/gcc/arm-none-eabi/10.2.1/../../../../arm-none-eabi/lib/thumb/v7e-m+dp/hard\libc_nano.a(lib_a-signalr.o)
 .ARM.attributes
                0x00000b90       0x32 c:/program files (x86)/gnu arm embedded toolchain/10 2020-q4-major/bin/../lib/gcc/arm-none-eabi/10.2.1/../../../../arm-none-eabi/lib/thumb/v7e-m+dp/hard\libc_nano.a(lib_a-stdio.o)
 .ARM.attributes
                0x00000bc2       0x32 c:/program files (x86)/gnu arm embedded toolchain/10 2020-q4-major/bin/../lib/gcc/arm-none-eabi/10.2.1/../../../../arm-none-eabi/lib/thumb/v7e-m+dp/hard\libc_nano.a(lib_a-writer.o)
 .ARM.attributes
                0x00000bf4       0x32 c:/program files (x86)/gnu arm embedded toolchain/10 2020-q4-major/bin/../lib/gcc/arm-none-eabi/10.2.1/../../../../arm-none-eabi/lib/thumb/v7e-m+dp/hard\libc_nano.a(lib_a-closer.o)
 .ARM.attributes
                0x00000c26       0x32 c:/program files (x86)/gnu arm embedded toolchain/10 2020-q4-major/bin/../lib/gcc/arm-none-eabi/10.2.1/../../../../arm-none-eabi/lib/thumb/v7e-m+dp/hard\libc_nano.a(lib_a-fstatr.o)
 .ARM.attributes
                0x00000c58       0x32 c:/program files (x86)/gnu arm embedded toolchain/10 2020-q4-major/bin/../lib/gcc/arm-none-eabi/10.2.1/../../../../arm-none-eabi/lib/thumb/v7e-m+dp/hard\libc_nano.a(lib_a-isattyr.o)
 .ARM.attributes
                0x00000c8a       0x32 c:/program files (x86)/gnu arm embedded toolchain/10 2020-q4-major/bin/../lib/gcc/arm-none-eabi/10.2.1/../../../../arm-none-eabi/lib/thumb/v7e-m+dp/hard\libc_nano.a(lib_a-lseekr.o)
 .ARM.attributes
                0x00000cbc       0x32 c:/program files (x86)/gnu arm embedded toolchain/10 2020-q4-major/bin/../lib/gcc/arm-none-eabi/10.2.1/../../../../arm-none-eabi/lib/thumb/v7e-m+dp/hard\libc_nano.a(lib_a-readr.o)
 .ARM.attributes
                0x00000cee       0x32 c:/program files (x86)/gnu arm embedded toolchain/10 2020-q4-major/bin/../lib/gcc/arm-none-eabi/10.2.1/../../../../arm-none-eabi/lib/thumb/v7e-m+dp/hard\libnosys.a(close.o)
 .ARM.attributes
                0x00000d20       0x32 c:/program files (x86)/gnu arm embedded toolchain/10 2020-q4-major/bin/../lib/gcc/arm-none-eabi/10.2.1/../../../../arm-none-eabi/lib/thumb/v7e-m+dp/hard\libnosys.a(fstat.o)
 .ARM.attributes
                0x00000d52       0x32 c:/program files (x86)/gnu arm embedded toolchain/10 2020-q4-major/bin/../lib/gcc/arm-none-eabi/10.2.1/../../../../arm-none-eabi/lib/thumb/v7e-m+dp/hard\libnosys.a(getpid.o)
 .ARM.attributes
                0x00000d84       0x32 c:/program files (x86)/gnu arm embedded toolchain/10 2020-q4-major/bin/../lib/gcc/arm-none-eabi/10.2.1/../../../../arm-none-eabi/lib/thumb/v7e-m+dp/hard\libnosys.a(isatty.o)
 .ARM.attributes
                0x00000db6       0x32 c:/program files (x86)/gnu arm embedded toolchain/10 2020-q4-major/bin/../lib/gcc/arm-none-eabi/10.2.1/../../../../arm-none-eabi/lib/thumb/v7e-m+dp/hard\libnosys.a(kill.o)
 .ARM.attributes
                0x00000de8       0x32 c:/program files (x86)/gnu arm embedded toolchain/10 2020-q4-major/bin/../lib/gcc/arm-none-eabi/10.2.1/../../../../arm-none-eabi/lib/thumb/v7e-m+dp/hard\libnosys.a(lseek.o)
 .ARM.attributes
                0x00000e1a       0x32 c:/program files (x86)/gnu arm embedded toolchain/10 2020-q4-major/bin/../lib/gcc/arm-none-eabi/10.2.1/../../../../arm-none-eabi/lib/thumb/v7e-m+dp/hard\libnosys.a(read.o)
 .ARM.attributes
                0x00000e4c       0x32 c:/program files (x86)/gnu arm embedded toolchain/10 2020-q4-major/bin/../lib/gcc/arm-none-eabi/10.2.1/../../../../arm-none-eabi/lib/thumb/v7e-m+dp/hard\libnosys.a(sbrk.o)
 .ARM.attributes
                0x00000e7e       0x32 c:/program files (x86)/gnu arm embedded toolchain/10 2020-q4-major/bin/../lib/gcc/arm-none-eabi/10.2.1/../../../../arm-none-eabi/lib/thumb/v7e-m+dp/hard\libnosys.a(write.o)
 .ARM.attributes
                0x00000eb0       0x32 c:/program files (x86)/gnu arm embedded toolchain/10 2020-q4-major/bin/../lib/gcc/arm-none-eabi/10.2.1/../../../../arm-none-eabi/lib/thumb/v7e-m+dp/hard\libnosys.a(_exit.o)
 .ARM.attributes
                0x00000ee2       0x1e c:/program files (x86)/gnu arm embedded toolchain/10 2020-q4-major/bin/../lib/gcc/arm-none-eabi/10.2.1/thumb/v7e-m+dp/hard\libgcc.a(_aeabi_uldivmod.o)
 .ARM.attributes
                0x00000f00       0x32 c:/program files (x86)/gnu arm embedded toolchain/10 2020-q4-major/bin/../lib/gcc/arm-none-eabi/10.2.1/thumb/v7e-m+dp/hard\libgcc.a(_udivmoddi4.o)
 .ARM.attributes
                0x00000f32       0x1e c:/program files (x86)/gnu arm embedded toolchain/10 2020-q4-major/bin/../lib/gcc/arm-none-eabi/10.2.1/thumb/v7e-m+dp/hard\libgcc.a(_dvmd_tls.o)
 .ARM.attributes
                0x00000f50       0x1e c:/program files (x86)/gnu arm embedded toolchain/10 2020-q4-major/bin/../lib/gcc/arm-none-eabi/10.2.1/thumb/v7e-m+dp/hard/crtn.o
OUTPUT(build/STM32F767VIT6_Int_Xbee_I2c.elf elf32-littlearm)
LOAD linker stubs
LOAD c:/program files (x86)/gnu arm embedded toolchain/10 2020-q4-major/bin/../lib/gcc/arm-none-eabi/10.2.1/../../../../arm-none-eabi/lib/thumb/v7e-m+dp/hard\libc.a
LOAD c:/program files (x86)/gnu arm embedded toolchain/10 2020-q4-major/bin/../lib/gcc/arm-none-eabi/10.2.1/../../../../arm-none-eabi/lib/thumb/v7e-m+dp/hard\libm.a
LOAD c:/program files (x86)/gnu arm embedded toolchain/10 2020-q4-major/bin/../lib/gcc/arm-none-eabi/10.2.1/thumb/v7e-m+dp/hard\libgcc.a

.debug_info     0x00000000    0x1940d
 .debug_info    0x00000000     0x2aee build/main.o
 .debug_info    0x00002aee      0x8e4 build/stm32f7xx_it.o
 .debug_info    0x000033d2     0x1855 build/stm32f7xx_hal_msp.o
 .debug_info    0x00004c27     0x10e0 build/BMX160.o
 .debug_info    0x00005d07     0x1432 build/stm32f7xx_hal_cortex.o
 .debug_info    0x00007139     0x407e build/stm32f7xx_hal_i2c.o
 .debug_info    0x0000b1b7      0xaca build/stm32f7xx_hal_i2c_ex.o
 .debug_info    0x0000bc81      0xd00 build/stm32f7xx_hal_rcc.o
 .debug_info    0x0000c981      0x986 build/stm32f7xx_hal_rcc_ex.o
 .debug_info    0x0000d307      0x876 build/stm32f7xx_hal_gpio.o
 .debug_info    0x0000db7d      0xbd1 build/stm32f7xx_hal_dma.o
 .debug_info    0x0000e74e      0xb1b build/stm32f7xx_hal_pwr_ex.o
 .debug_info    0x0000f269      0xbd7 build/stm32f7xx_hal.o
 .debug_info    0x0000fe40     0x3a5a build/stm32f7xx_hal_tim.o
 .debug_info    0x0001389a     0x19ab build/stm32f7xx_hal_tim_ex.o
 .debug_info    0x00015245     0x1ffa build/stm32f7xx_hal_uart.o
 .debug_info    0x0001723f      0x803 build/system_stm32f7xx.o
 .debug_info    0x00017a42     0x19a9 build/stm32f7xx_ll_tim.o
 .debug_info    0x000193eb       0x22 build/startup_stm32f767xx.o

.debug_abbrev   0x00000000     0x2a89
 .debug_abbrev  0x00000000      0x36d build/main.o
 .debug_abbrev  0x0000036d      0x1a8 build/stm32f7xx_it.o
 .debug_abbrev  0x00000515      0x240 build/stm32f7xx_hal_msp.o
 .debug_abbrev  0x00000755      0x215 build/BMX160.o
 .debug_abbrev  0x0000096a      0x382 build/stm32f7xx_hal_cortex.o
 .debug_abbrev  0x00000cec      0x2bd build/stm32f7xx_hal_i2c.o
 .debug_abbrev  0x00000fa9      0x1b5 build/stm32f7xx_hal_i2c_ex.o
 .debug_abbrev  0x0000115e      0x2d2 build/stm32f7xx_hal_rcc.o
 .debug_abbrev  0x00001430      0x1f4 build/stm32f7xx_hal_rcc_ex.o
 .debug_abbrev  0x00001624      0x22b build/stm32f7xx_hal_gpio.o
 .debug_abbrev  0x0000184f      0x2ff build/stm32f7xx_hal_dma.o
 .debug_abbrev  0x00001b4e      0x1b8 build/stm32f7xx_hal_pwr_ex.o
 .debug_abbrev  0x00001d06      0x209 build/stm32f7xx_hal.o
 .debug_abbrev  0x00001f0f      0x282 build/stm32f7xx_hal_tim.o
 .debug_abbrev  0x00002191      0x27e build/stm32f7xx_hal_tim_ex.o
 .debug_abbrev  0x0000240f      0x286 build/stm32f7xx_hal_uart.o
 .debug_abbrev  0x00002695      0x12a build/system_stm32f7xx.o
 .debug_abbrev  0x000027bf      0x2b8 build/stm32f7xx_ll_tim.o
 .debug_abbrev  0x00002a77       0x12 build/startup_stm32f767xx.o

.debug_loc      0x00000000    0x12e6b
 .debug_loc     0x00000000      0x534 build/main.o
 .debug_loc     0x00000534       0x60 build/stm32f7xx_it.o
 .debug_loc     0x00000594      0x2ef build/stm32f7xx_hal_msp.o
 .debug_loc     0x00000883      0x248 build/BMX160.o
 .debug_loc     0x00000acb      0x794 build/stm32f7xx_hal_cortex.o
 .debug_loc     0x0000125f     0x513c build/stm32f7xx_hal_i2c.o
 .debug_loc     0x0000639b      0x19c build/stm32f7xx_hal_i2c_ex.o
 .debug_loc     0x00006537      0x7fa build/stm32f7xx_hal_rcc.o
 .debug_loc     0x00006d31      0x914 build/stm32f7xx_hal_rcc_ex.o
 .debug_loc     0x00007645      0x5e1 build/stm32f7xx_hal_gpio.o
 .debug_loc     0x00007c26      0xd6d build/stm32f7xx_hal_dma.o
 .debug_loc     0x00008993      0x3dd build/stm32f7xx_hal_pwr_ex.o
 .debug_loc     0x00008d70      0x1cc build/stm32f7xx_hal.o
 .debug_loc     0x00008f3c     0x4914 build/stm32f7xx_hal_tim.o
 .debug_loc     0x0000d850     0x1cd3 build/stm32f7xx_hal_tim_ex.o
 .debug_loc     0x0000f523     0x1efc build/stm32f7xx_hal_uart.o
 .debug_loc     0x0001141f      0x184 build/system_stm32f7xx.o
 .debug_loc     0x000115a3     0x18c8 build/stm32f7xx_ll_tim.o

.debug_aranges  0x00000000     0x1050
 .debug_aranges
                0x00000000       0x78 build/main.o
 .debug_aranges
                0x00000078       0x70 build/stm32f7xx_it.o
 .debug_aranges
                0x000000e8       0x50 build/stm32f7xx_hal_msp.o
 .debug_aranges
                0x00000138       0x28 build/BMX160.o
 .debug_aranges
                0x00000160       0xa8 build/stm32f7xx_hal_cortex.o
 .debug_aranges
                0x00000208      0x288 build/stm32f7xx_hal_i2c.o
 .debug_aranges
                0x00000490       0x38 build/stm32f7xx_hal_i2c_ex.o
 .debug_aranges
                0x000004c8       0x88 build/stm32f7xx_hal_rcc.o
 .debug_aranges
                0x00000550       0x50 build/stm32f7xx_hal_rcc_ex.o
 .debug_aranges
                0x000005a0       0x58 build/stm32f7xx_hal_gpio.o
 .debug_aranges
                0x000005f8       0x90 build/stm32f7xx_hal_dma.o
 .debug_aranges
                0x00000688       0x80 build/stm32f7xx_hal_pwr_ex.o
 .debug_aranges
                0x00000708      0x110 build/stm32f7xx_hal.o
 .debug_aranges
                0x00000818      0x3b8 build/stm32f7xx_hal_tim.o
 .debug_aranges
                0x00000bd0      0x168 build/stm32f7xx_hal_tim_ex.o
 .debug_aranges
                0x00000d38      0x1f8 build/stm32f7xx_hal_uart.o
 .debug_aranges
                0x00000f30       0x28 build/system_stm32f7xx.o
 .debug_aranges
                0x00000f58       0xd0 build/stm32f7xx_ll_tim.o
 .debug_aranges
                0x00001028       0x28 build/startup_stm32f767xx.o

.debug_ranges   0x00000000     0x10f0
 .debug_ranges  0x00000000       0x80 build/main.o
 .debug_ranges  0x00000080       0x60 build/stm32f7xx_it.o
 .debug_ranges  0x000000e0       0x40 build/stm32f7xx_hal_msp.o
 .debug_ranges  0x00000120       0x18 build/BMX160.o
 .debug_ranges  0x00000138       0xf8 build/stm32f7xx_hal_cortex.o
 .debug_ranges  0x00000230      0x278 build/stm32f7xx_hal_i2c.o
 .debug_ranges  0x000004a8       0x28 build/stm32f7xx_hal_i2c_ex.o
 .debug_ranges  0x000004d0       0x78 build/stm32f7xx_hal_rcc.o
 .debug_ranges  0x00000548       0x40 build/stm32f7xx_hal_rcc_ex.o
 .debug_ranges  0x00000588       0x48 build/stm32f7xx_hal_gpio.o
 .debug_ranges  0x000005d0       0x80 build/stm32f7xx_hal_dma.o
 .debug_ranges  0x00000650       0x70 build/stm32f7xx_hal_pwr_ex.o
 .debug_ranges  0x000006c0      0x100 build/stm32f7xx_hal.o
 .debug_ranges  0x000007c0      0x3a8 build/stm32f7xx_hal_tim.o
 .debug_ranges  0x00000b68      0x158 build/stm32f7xx_hal_tim_ex.o
 .debug_ranges  0x00000cc0      0x1e8 build/stm32f7xx_hal_uart.o
 .debug_ranges  0x00000ea8       0x18 build/system_stm32f7xx.o
 .debug_ranges  0x00000ec0      0x210 build/stm32f7xx_ll_tim.o
 .debug_ranges  0x000010d0       0x20 build/startup_stm32f767xx.o

.debug_line     0x00000000    0x1212c
 .debug_line    0x00000000      0xb8e build/main.o
 .debug_line    0x00000b8e      0x333 build/stm32f7xx_it.o
 .debug_line    0x00000ec1      0x4d6 build/stm32f7xx_hal_msp.o
 .debug_line    0x00001397      0x65d build/BMX160.o
 .debug_line    0x000019f4      0x797 build/stm32f7xx_hal_cortex.o
 .debug_line    0x0000218b     0x46ab build/stm32f7xx_hal_i2c.o
 .debug_line    0x00006836      0x3a1 build/stm32f7xx_hal_i2c_ex.o
 .debug_line    0x00006bd7      0xc73 build/stm32f7xx_hal_rcc.o
 .debug_line    0x0000784a      0xc2b build/stm32f7xx_hal_rcc_ex.o
 .debug_line    0x00008475      0x6fa build/stm32f7xx_hal_gpio.o
 .debug_line    0x00008b6f      0xe2e build/stm32f7xx_hal_dma.o
 .debug_line    0x0000999d      0x57a build/stm32f7xx_hal_pwr_ex.o
 .debug_line    0x00009f17      0x5ce build/stm32f7xx_hal.o
 .debug_line    0x0000a4e5     0x37b2 build/stm32f7xx_hal_tim.o
 .debug_line    0x0000dc97     0x1381 build/stm32f7xx_hal_tim_ex.o
 .debug_line    0x0000f018     0x1f65 build/stm32f7xx_hal_uart.o
 .debug_line    0x00010f7d      0x2a1 build/system_stm32f7xx.o
 .debug_line    0x0001121e      0xe9a build/stm32f7xx_ll_tim.o
 .debug_line    0x000120b8       0x74 build/startup_stm32f767xx.o

.debug_str      0x00000000     0x5670
 .debug_str     0x00000000     0x1b6b build/main.o
                               0x1ca8 (size before relaxing)
 .debug_str     0x00001b6b       0xfd build/stm32f7xx_it.o
                                0x786 (size before relaxing)
 .debug_str     0x00001c68       0xeb build/stm32f7xx_hal_msp.o
                               0x142e (size before relaxing)
 .debug_str     0x00001d53       0x6e build/BMX160.o
                                0xaec (size before relaxing)
 .debug_str     0x00001dc1      0x599 build/stm32f7xx_hal_cortex.o
                                0xe45 (size before relaxing)
 .debug_str     0x0000235a      0x86f build/stm32f7xx_hal_i2c.o
                                0xfd6 (size before relaxing)
 .debug_str     0x00002bc9       0xb2 build/stm32f7xx_hal_i2c_ex.o
                                0x8fb (size before relaxing)
 .debug_str     0x00002c7b      0x206 build/stm32f7xx_hal_rcc.o
                                0x71b (size before relaxing)
 .debug_str     0x00002e81      0x14c build/stm32f7xx_hal_rcc_ex.o
                                0x733 (size before relaxing)
 .debug_str     0x00002fcd       0xe1 build/stm32f7xx_hal_gpio.o
                                0x4f7 (size before relaxing)
 .debug_str     0x000030ae      0x2a2 build/stm32f7xx_hal_dma.o
                                0x770 (size before relaxing)
 .debug_str     0x00003350      0x1d3 build/stm32f7xx_hal_pwr_ex.o
                                0x646 (size before relaxing)
 .debug_str     0x00003523      0x307 build/stm32f7xx_hal.o
                                0xd1e (size before relaxing)
 .debug_str     0x0000382a      0xd47 build/stm32f7xx_hal_tim.o
                               0x1524 (size before relaxing)
 .debug_str     0x00004571      0x5bc build/stm32f7xx_hal_tim_ex.o
                                0xe36 (size before relaxing)
 .debug_str     0x00004b2d      0x657 build/stm32f7xx_hal_uart.o
                                0xec2 (size before relaxing)
 .debug_str     0x00005184       0x42 build/system_stm32f7xx.o
                                0x450 (size before relaxing)
 .debug_str     0x000051c6      0x486 build/stm32f7xx_ll_tim.o
                                0x9dd (size before relaxing)
 .debug_str     0x0000564c       0x24 build/startup_stm32f767xx.o
                                 0x64 (size before relaxing)

.comment        0x00000000       0x4d
 .comment       0x00000000       0x4d build/main.o
                                 0x4e (size before relaxing)
 .comment       0x0000004d       0x4e build/stm32f7xx_it.o
 .comment       0x0000004d       0x4e build/stm32f7xx_hal_msp.o
 .comment       0x0000004d       0x4e build/BMX160.o
 .comment       0x0000004d       0x4e build/stm32f7xx_hal_cortex.o
 .comment       0x0000004d       0x4e build/stm32f7xx_hal_i2c.o
 .comment       0x0000004d       0x4e build/stm32f7xx_hal_i2c_ex.o
 .comment       0x0000004d       0x4e build/stm32f7xx_hal_rcc.o
 .comment       0x0000004d       0x4e build/stm32f7xx_hal_rcc_ex.o
 .comment       0x0000004d       0x4e build/stm32f7xx_hal_gpio.o
 .comment       0x0000004d       0x4e build/stm32f7xx_hal_dma.o
 .comment       0x0000004d       0x4e build/stm32f7xx_hal_pwr_ex.o
 .comment       0x0000004d       0x4e build/stm32f7xx_hal.o
 .comment       0x0000004d       0x4e build/stm32f7xx_hal_tim.o
 .comment       0x0000004d       0x4e build/stm32f7xx_hal_tim_ex.o
 .comment       0x0000004d       0x4e build/stm32f7xx_hal_uart.o
 .comment       0x0000004d       0x4e build/system_stm32f7xx.o
 .comment       0x0000004d       0x4e build/stm32f7xx_ll_tim.o

.debug_frame    0x00000000     0x3e54
 .debug_frame   0x00000000      0x160 build/main.o
 .debug_frame   0x00000160       0xd8 build/stm32f7xx_it.o
 .debug_frame   0x00000238       0xcc build/stm32f7xx_hal_msp.o
 .debug_frame   0x00000304       0x50 build/BMX160.o
 .debug_frame   0x00000354      0x148 build/stm32f7xx_hal_cortex.o
 .debug_frame   0x0000049c      0x90c build/stm32f7xx_hal_i2c.o
 .debug_frame   0x00000da8       0x60 build/stm32f7xx_hal_i2c_ex.o
 .debug_frame   0x00000e08      0x178 build/stm32f7xx_hal_rcc.o
 .debug_frame   0x00000f80       0xc0 build/stm32f7xx_hal_rcc_ex.o
 .debug_frame   0x00001040       0xd8 build/stm32f7xx_hal_gpio.o
 .debug_frame   0x00001118      0x188 build/stm32f7xx_hal_dma.o
 .debug_frame   0x000012a0      0x134 build/stm32f7xx_hal_pwr_ex.o
 .debug_frame   0x000013d4      0x22c build/stm32f7xx_hal.o
 .debug_frame   0x00001600      0xacc build/stm32f7xx_hal_tim.o
 .debug_frame   0x000020cc      0x40c build/stm32f7xx_hal_tim_ex.o
 .debug_frame   0x000024d8      0x590 build/stm32f7xx_hal_uart.o
 .debug_frame   0x00002a68       0x3c build/system_stm32f7xx.o
 .debug_frame   0x00002aa4      0x24c build/stm32f7xx_ll_tim.o
 .debug_frame   0x00002cf0       0x2c c:/program files (x86)/gnu arm embedded toolchain/10 2020-q4-major/bin/../lib/gcc/arm-none-eabi/10.2.1/../../../../arm-none-eabi/lib/thumb/v7e-m+dp/hard\libc_nano.a(lib_a-init.o)
 .debug_frame   0x00002d1c       0x20 c:/program files (x86)/gnu arm embedded toolchain/10 2020-q4-major/bin/../lib/gcc/arm-none-eabi/10.2.1/../../../../arm-none-eabi/lib/thumb/v7e-m+dp/hard\libc_nano.a(lib_a-memset.o)